Archive member included to satisfy reference by file (symbol)

c:/nxp/mcuxpressoide_10.2.0_759/ide/tools/bin/../lib/gcc/arm-none-eabi/7.2.1/thumb/v7e-m/fpv4-sp/hard\libcr_eabihelpers.a(division_64.o)
                              ./source/rtos/uCOSIII/BSP/cpu_bsp.o (__aeabi_uldivmod)
c:/nxp/mcuxpressoide_10.2.0_759/ide/tools/bin/../lib/gcc/arm-none-eabi/7.2.1/thumb/v7e-m/fpv4-sp/hard\libcr_eabihelpers.a(division_idiv0.o)
                              c:/nxp/mcuxpressoide_10.2.0_759/ide/tools/bin/../lib/gcc/arm-none-eabi/7.2.1/thumb/v7e-m/fpv4-sp/hard\libcr_eabihelpers.a(division_64.o) (__aeabi_idiv0)

Discarded input sections

 .group         0x00000000        0xc ./source/rtos/uCOSIII/src/uCOS-III/Source/os_cfg_app.o
 .group         0x00000000        0xc ./source/rtos/uCOSIII/src/uCOS-III/Source/os_cfg_app.o
 .group         0x00000000        0xc ./source/rtos/uCOSIII/src/uCOS-III/Source/os_cfg_app.o
 .group         0x00000000        0xc ./source/rtos/uCOSIII/src/uCOS-III/Source/os_cfg_app.o
 .group         0x00000000        0xc ./source/rtos/uCOSIII/src/uCOS-III/Source/os_cfg_app.o
 .group         0x00000000        0xc ./source/rtos/uCOSIII/src/uCOS-III/Source/os_cfg_app.o
 .group         0x00000000        0xc ./source/rtos/uCOSIII/src/uCOS-III/Source/os_cfg_app.o
 .group         0x00000000        0xc ./source/rtos/uCOSIII/src/uCOS-III/Source/os_cfg_app.o
 .group         0x00000000        0xc ./source/rtos/uCOSIII/src/uCOS-III/Source/os_cfg_app.o
 .group         0x00000000        0xc ./source/rtos/uCOSIII/src/uCOS-III/Source/os_cfg_app.o
 .group         0x00000000        0xc ./source/rtos/uCOSIII/src/uCOS-III/Source/os_cfg_app.o
 .group         0x00000000        0xc ./source/rtos/uCOSIII/src/uCOS-III/Source/os_cfg_app.o
 .text          0x00000000        0x0 ./source/rtos/uCOSIII/src/uCOS-III/Source/os_cfg_app.o
 .data          0x00000000        0x0 ./source/rtos/uCOSIII/src/uCOS-III/Source/os_cfg_app.o
 .bss           0x00000000        0x0 ./source/rtos/uCOSIII/src/uCOS-III/Source/os_cfg_app.o
 .rodata.OSCfg_IdleTaskStkSizeRAM
                0x00000000        0x4 ./source/rtos/uCOSIII/src/uCOS-III/Source/os_cfg_app.o
 .rodata.OSCfg_IntQBasePtr
                0x00000000        0x4 ./source/rtos/uCOSIII/src/uCOS-III/Source/os_cfg_app.o
 .rodata.OSCfg_IntQSize
                0x00000000        0x2 ./source/rtos/uCOSIII/src/uCOS-III/Source/os_cfg_app.o
 .rodata.OSCfg_IntQSizeRAM
                0x00000000        0x4 ./source/rtos/uCOSIII/src/uCOS-III/Source/os_cfg_app.o
 .rodata.OSCfg_IntQTaskStkBasePtr
                0x00000000        0x4 ./source/rtos/uCOSIII/src/uCOS-III/Source/os_cfg_app.o
 .rodata.OSCfg_IntQTaskStkLimit
                0x00000000        0x4 ./source/rtos/uCOSIII/src/uCOS-III/Source/os_cfg_app.o
 .rodata.OSCfg_IntQTaskStkSize
                0x00000000        0x4 ./source/rtos/uCOSIII/src/uCOS-III/Source/os_cfg_app.o
 .rodata.OSCfg_IntQTaskStkSizeRAM
                0x00000000        0x4 ./source/rtos/uCOSIII/src/uCOS-III/Source/os_cfg_app.o
 .rodata.OSCfg_ISRStkSizeRAM
                0x00000000        0x4 ./source/rtos/uCOSIII/src/uCOS-III/Source/os_cfg_app.o
 .rodata.OSCfg_MsgPoolSizeRAM
                0x00000000        0x4 ./source/rtos/uCOSIII/src/uCOS-III/Source/os_cfg_app.o
 .rodata.OSCfg_StatTaskStkSizeRAM
                0x00000000        0x4 ./source/rtos/uCOSIII/src/uCOS-III/Source/os_cfg_app.o
 .rodata.OSCfg_TickTaskStkSizeRAM
                0x00000000        0x4 ./source/rtos/uCOSIII/src/uCOS-III/Source/os_cfg_app.o
 .rodata.OSCfg_TmrTaskStkSizeRAM
                0x00000000        0x4 ./source/rtos/uCOSIII/src/uCOS-III/Source/os_cfg_app.o
 .rodata.OSCfg_DataSizeRAM
                0x00000000        0x4 ./source/rtos/uCOSIII/src/uCOS-III/Source/os_cfg_app.o
 .group         0x00000000        0xc ./source/rtos/uCOSIII/src/uCOS-III/Source/os_core.o
 .group         0x00000000        0xc ./source/rtos/uCOSIII/src/uCOS-III/Source/os_core.o
 .group         0x00000000        0xc ./source/rtos/uCOSIII/src/uCOS-III/Source/os_core.o
 .group         0x00000000        0xc ./source/rtos/uCOSIII/src/uCOS-III/Source/os_core.o
 .group         0x00000000        0xc ./source/rtos/uCOSIII/src/uCOS-III/Source/os_core.o
 .group         0x00000000        0xc ./source/rtos/uCOSIII/src/uCOS-III/Source/os_core.o
 .group         0x00000000        0xc ./source/rtos/uCOSIII/src/uCOS-III/Source/os_core.o
 .group         0x00000000        0xc ./source/rtos/uCOSIII/src/uCOS-III/Source/os_core.o
 .group         0x00000000        0xc ./source/rtos/uCOSIII/src/uCOS-III/Source/os_core.o
 .group         0x00000000        0xc ./source/rtos/uCOSIII/src/uCOS-III/Source/os_core.o
 .group         0x00000000        0xc ./source/rtos/uCOSIII/src/uCOS-III/Source/os_core.o
 .text          0x00000000        0x0 ./source/rtos/uCOSIII/src/uCOS-III/Source/os_core.o
 .data          0x00000000        0x0 ./source/rtos/uCOSIII/src/uCOS-III/Source/os_core.o
[...]
Memory Configuration

Name             Origin             Length             Attributes
PROGRAM_FLASH    0x00000000         0x00100000         xr
SRAM_UPPER       0x20000000         0x00030000         xrw
SRAM_LOWER       0x1fff0000         0x00010000         xrw
FLEX_RAM         0x14000000         0x00001000         xrw
*default*        0x00000000         0xffffffff

Linker script and memory map

LOAD ./source/rtos/uCOSIII/src/uCOS-III/Source/os_cfg_app.o
LOAD ./source/rtos/uCOSIII/src/uCOS-III/Source/os_core.o
LOAD ./source/rtos/uCOSIII/src/uCOS-III/Source/os_dbg.o
LOAD ./source/rtos/uCOSIII/src/uCOS-III/Source/os_flag.o
LOAD ./source/rtos/uCOSIII/src/uCOS-III/Source/os_int.o
LOAD ./source/rtos/uCOSIII/src/uCOS-III/Source/os_mem.o
LOAD ./source/rtos/uCOSIII/src/uCOS-III/Source/os_msg.o
LOAD ./source/rtos/uCOSIII/src/uCOS-III/Source/os_mutex.o
LOAD ./source/rtos/uCOSIII/src/uCOS-III/Source/os_pend_multi.o
LOAD ./source/rtos/uCOSIII/src/uCOS-III/Source/os_prio.o
LOAD ./source/rtos/uCOSIII/src/uCOS-III/Source/os_q.o
LOAD ./source/rtos/uCOSIII/src/uCOS-III/Source/os_sem.o
LOAD ./source/rtos/uCOSIII/src/uCOS-III/Source/os_stat.o
LOAD ./source/rtos/uCOSIII/src/uCOS-III/Source/os_task.o
LOAD ./source/rtos/uCOSIII/src/uCOS-III/Source/os_tick.o
LOAD ./source/rtos/uCOSIII/src/uCOS-III/Source/os_time.o
LOAD ./source/rtos/uCOSIII/src/uCOS-III/Source/os_tmr.o
LOAD ./source/rtos/uCOSIII/src/uCOS-III/Source/os_var.o
LOAD ./source/rtos/uCOSIII/src/uCOS-III/Ports/ARM-Cortex-M4/Generic/GNU/os_cpu_a.o
LOAD ./source/rtos/uCOSIII/src/uCOS-III/Ports/ARM-Cortex-M4/Generic/GNU/os_cpu_c.o
LOAD ./source/rtos/uCOSIII/src/uC-CPU/ARM-Cortex-M4/GNU/cpu_a.o
LOAD ./source/rtos/uCOSIII/src/uC-CPU/ARM-Cortex-M4/GNU/cpu_c.o
LOAD ./source/rtos/uCOSIII/src/uC-CPU/cpu_core.o
LOAD ./source/rtos/uCOSIII/BSP/cpu_bsp.o
LOAD ./source/main.o
LOAD ./SDK/startup/hardware.o
LOAD ./SDK/startup/semihost_hardfault.o
LOAD ./SDK/startup/startup_mk64f12.o
LOAD ./SDK/CMSIS/system_MK64F12.o
START GROUP
LOAD c:/nxp/mcuxpressoide_10.2.0_759/ide/tools/bin/../lib/gcc/arm-none-eabi/7.2.1/../../../../arm-none-eabi/lib/thumb/v7e-m/fpv4-sp/hard\libcr_c.a
LOAD c:/nxp/mcuxpressoide_10.2.0_759/ide/tools/bin/../lib/gcc/arm-none-eabi/7.2.1/thumb/v7e-m/fpv4-sp/hard\libcr_eabihelpers.a
END GROUP
                0x00000000                __base_PROGRAM_FLASH = 0x0
                0x00000000                __base_Flash = 0x0
                0x00100000                __top_PROGRAM_FLASH = 0x100000
                0x00100000                __top_Flash = 0x100000
                0x20000000                __base_SRAM_UPPER = 0x20000000
                0x20000000                __base_RAM = 0x20000000
                0x20030000                __top_SRAM_UPPER = 0x20030000
                0x20030000                __top_RAM = 0x20030000
                0x1fff0000                __base_SRAM_LOWER = 0x1fff0000
                0x1fff0000                __base_RAM2 = 0x1fff0000
                0x20000000                __top_SRAM_LOWER = 0x20000000
                0x20000000                __top_RAM2 = 0x20000000
                0x14000000                __base_FLEX_RAM = 0x14000000
                0x14000000                __base_RAM3 = 0x14000000
                0x14001000                __top_FLEX_RAM = 0x14001000
                0x14001000                __top_RAM3 = 0x14001000

.text           0x00000000     0x5cb8
 FILL mask 0xff
                0x00000000                __vectors_start__ = ABSOLUTE (.)
 *(SORT_BY_ALIGNMENT(.isr_vector))
 .isr_vector    0x00000000      0x198 ./SDK/startup/startup_mk64f12.o
                0x00000000                g_pfnVectors
                0x00000000                __Vectors
                0x00000198                . = ALIGN (0x4)
                0x00000198                __section_table_start = .
                0x00000198                __data_section_table = .
                0x00000198        0x4 LONG 0x5cb8 LOADADDR (.data)
                0x0000019c        0x4 LONG 0x20000000 ADDR (.data)
                0x000001a0        0x4 LONG 0x8 SIZEOF (.data)
                0x000001a4        0x4 LONG 0x5cb8 LOADADDR (.data_RAM2)
                0x000001a8        0x4 LONG 0x1fff0000 ADDR (.data_RAM2)
                0x000001ac        0x4 LONG 0x0 SIZEOF (.data_RAM2)
                0x000001b0        0x4 LONG 0x5cb8 LOADADDR (.data_RAM3)
                0x000001b4        0x4 LONG 0x14000000 ADDR (.data_RAM3)
                0x000001b8        0x4 LONG 0x0 SIZEOF (.data_RAM3)
                0x000001bc                __data_section_table_end = .
                0x000001bc                __bss_section_table = .
                0x000001bc        0x4 LONG 0x20000008 ADDR (.bss)
                0x000001c0        0x4 LONG 0x2860 SIZEOF (.bss)
                0x000001c4        0x4 LONG 0x1fff0000 ADDR (.bss_RAM2)
                0x000001c8        0x4 LONG 0x0 SIZEOF (.bss_RAM2)
                0x000001cc        0x4 LONG 0x14000000 ADDR (.bss_RAM3)
                0x000001d0        0x4 LONG 0x0 SIZEOF (.bss_RAM3)
                0x000001d4                __bss_section_table_end = .
                0x000001d4                __section_table_end = .
 *(SORT_BY_ALIGNMENT(.after_vectors*))
 .after_vectors.reset
                0x000001d4       0x4c ./SDK/startup/startup_mk64f12.o
                0x000001d4                ResetISR
 .after_vectors.init_data
                0x00000220       0x1e ./SDK/startup/startup_mk64f12.o
                0x00000220                data_init
 .after_vectors.init_bss
                0x0000023e       0x12 ./SDK/startup/startup_mk64f12.o
                0x0000023e                bss_init
 .after_vectors
                0x00000250       0x14 ./SDK/startup/startup_mk64f12.o
                0x00000250                NMI_Handler
                0x00000254                MemManage_Handler
                0x00000256                BusFault_Handler
                0x00000258                UsageFault_Handler
                0x0000025a                SVC_Handler
                0x0000025c                DebugMon_Handler
                0x00000262                DMA_Error_DriverIRQHandler
                0x00000262                LPTMR0_DriverIRQHandler
                0x00000262                FTM1_DriverIRQHandler
                0x00000262                FTM2_DriverIRQHandler
                0x00000262                PIT2_DriverIRQHandler
                0x00000262                SDHC_DriverIRQHandler
                0x00000262                I2S0_Tx_DriverIRQHandler
                0x00000262                RTC_Seconds_DriverIRQHandler
                0x00000262                DMA6_DriverIRQHandler
                0x00000262                LLWU_DriverIRQHandler
                0x00000262                MCM_DriverIRQHandler
                0x00000262                MCG_DriverIRQHandler
                0x00000262                ENET_1588_Timer_DriverIRQHandler
                0x00000262                I2C2_DriverIRQHandler
                0x00000262                DAC1_DriverIRQHandler
                0x00000262                SPI1_DriverIRQHandler
                0x00000262                CMP1_DriverIRQHandler
                0x00000262                UART5_RX_TX_DriverIRQHandler
                0x00000262                FTM0_DriverIRQHandler
                0x00000262                IntDefaultHandler
                0x00000262                USB0_DriverIRQHandler
                0x00000262                UART5_ERR_DriverIRQHandler
                0x00000262                PORTC_DriverIRQHandler
                0x00000262                DMA11_DriverIRQHandler
                0x00000262                DAC0_DriverIRQHandler
                0x00000262                DMA10_DriverIRQHandler
                0x00000262                CMP2_DriverIRQHandler
                0x00000262                UART2_ERR_DriverIRQHandler
                0x00000262                SPI2_DriverIRQHandler
                0x00000262                LVD_LVW_DriverIRQHandler
                0x00000262                PIT0_DriverIRQHandler
                0x00000262                RNG_DriverIRQHandler
                0x00000262                DMA5_DriverIRQHandler
                0x00000262                DMA12_DriverIRQHandler
                0x00000262                UART2_RX_TX_DriverIRQHandler
                0x00000262                USBDCD_DriverIRQHandler
                0x00000262                UART3_ERR_DriverIRQHandler
                0x00000262                DMA3_DriverIRQHandler
                0x00000262                DMA8_DriverIRQHandler
                0x00000262                DMA9_DriverIRQHandler
                0x00000262                UART0_ERR_DriverIRQHandler
                0x00000262                CMT_DriverIRQHandler
                0x00000262                Reserved71_DriverIRQHandler
                0x00000262                ADC1_DriverIRQHandler
                0x00000262                PORTA_DriverIRQHandler
                0x00000262                DMA14_DriverIRQHandler
                0x00000262                PIT3_DriverIRQHandler
                0x00000262                PIT1_DriverIRQHandler
                0x00000262                WDOG_EWM_DriverIRQHandler
                0x00000262                PDB0_DriverIRQHandler
                0x00000262                RTC_DriverIRQHandler
                0x00000262                I2S0_Rx_DriverIRQHandler
                0x00000262                Read_Collision_DriverIRQHandler
                0x00000262                SWI_DriverIRQHandler
                0x00000262                UART4_RX_TX_DriverIRQHandler
                0x00000262                UART4_ERR_DriverIRQHandler
                0x00000262                PORTB_DriverIRQHandler
                0x00000262                UART0_LON_DriverIRQHandler
                0x00000262                DMA0_DriverIRQHandler
                0x00000262                DMA1_DriverIRQHandler
                0x00000262                I2C1_DriverIRQHandler
                0x00000262                UART3_RX_TX_DriverIRQHandler
                0x00000262                ENET_Receive_DriverIRQHandler
                0x00000262                DMA13_DriverIRQHandler
                0x00000262                ENET_Error_DriverIRQHandler
                0x00000262                DMA15_DriverIRQHandler
                0x00000262                UART0_RX_TX_DriverIRQHandler
                0x00000262                SPI0_DriverIRQHandler
                0x00000262                ADC0_DriverIRQHandler
                0x00000262                CMP0_DriverIRQHandler
                0x00000262                CAN0_DriverIRQHandler
                0x00000262                FTM3_DriverIRQHandler
                0x00000262                DMA4_DriverIRQHandler
                0x00000262                UART1_ERR_DriverIRQHandler
                0x00000262                DMA2_DriverIRQHandler
                0x00000262                ENET_Transmit_DriverIRQHandler
                0x00000262                PORTD_DriverIRQHandler
                0x00000262                PORTE_DriverIRQHandler
                0x00000262                FTFE_DriverIRQHandler
                0x00000262                I2C0_DriverIRQHandler
                0x00000262                DMA7_DriverIRQHandler
                0x00000262                UART1_RX_TX_DriverIRQHandler
                0x00000400                . = 0x400
 *fill*         0x00000264      0x19c ff
                0x00000400                PROVIDE (__FLASH_CONFIG_START__, .)
 *(SORT_BY_ALIGNMENT(.FlashConfig))
 .FlashConfig   0x00000400       0x10 ./SDK/startup/startup_mk64f12.o
                0x00000400                Flash_Config
                0x00000410                PROVIDE (__FLASH_CONFIG_END__, .)
                0x00000001                ASSERT (! ((__FLASH_CONFIG_START__ == __FLASH_CONFIG_END__)), Linker Flash Config Support Enabled, but no .FlashConfig section provided within application)
 *(SORT_BY_ALIGNMENT(.text*))
 .text.OSInit   0x00000410      0x1ec ./source/rtos/uCOSIII/src/uCOS-III/Source/os_core.o
                0x00000410                OSInit
 .text.OSIntEnter
                0x000005fc       0x38 ./source/rtos/uCOSIII/src/uCOS-III/Source/os_core.o
                0x000005fc                OSIntEnter
 .text.OSIntExit
                0x00000634       0xd8 ./source/rtos/uCOSIII/src/uCOS-III/Source/os_core.o
                0x00000634                OSIntExit
 .text.OSSched  0x0000070c       0xa8 ./source/rtos/uCOSIII/src/uCOS-III/Source/os_core.o
                0x0000070c                OSSched
 .text.OSSchedLock
                0x000007b4       0x74 ./source/rtos/uCOSIII/src/uCOS-III/Source/os_core.o
                0x000007b4                OSSchedLock
 .text.OSSchedUnlock
                0x00000828       0x90 ./source/rtos/uCOSIII/src/uCOS-III/Source/os_core.o
                0x00000828                OSSchedUnlock
 .text.OSSchedRoundRobinCfg
                0x000008b8       0x70 ./source/rtos/uCOSIII/src/uCOS-III/Source/os_core.o
                0x000008b8                OSSchedRoundRobinCfg
 .text.OSStart  0x00000928       0x80 ./source/rtos/uCOSIII/src/uCOS-III/Source/os_core.o
                0x00000928                OSStart
 .text.OS_IdleTask
                0x000009a8       0x3c ./source/rtos/uCOSIII/src/uCOS-III/Source/os_core.o
                0x000009a8                OS_IdleTask
 .text.OS_IdleTaskInit
                0x000009e4       0x68 ./source/rtos/uCOSIII/src/uCOS-III/Source/os_core.o
                0x000009e4                OS_IdleTaskInit
 .text.OS_Pend  0x00000a4c       0x84 ./source/rtos/uCOSIII/src/uCOS-III/Source/os_core.o
                0x00000a4c                OS_Pend
 .text.OS_PendDbgNameAdd
                0x00000ad0       0x7c ./source/rtos/uCOSIII/src/uCOS-III/Source/os_core.o
                0x00000ad0                OS_PendDbgNameAdd
 .text.OS_PendDbgNameRemove
                0x00000b4c       0x4c ./source/rtos/uCOSIII/src/uCOS-III/Source/os_core.o
                0x00000b4c                OS_PendDbgNameRemove
 .text.OS_Post  0x00000b98      0x130 ./source/rtos/uCOSIII/src/uCOS-III/Source/os_core.o
                0x00000b98                OS_Post
 .text.OS_RdyListInit
                0x00000cc8       0x4c ./source/rtos/uCOSIII/src/uCOS-III/Source/os_core.o
                0x00000cc8                OS_RdyListInit
 .text.OS_RdyListInsert
                0x00000d14       0x3c ./source/rtos/uCOSIII/src/uCOS-III/Source/os_core.o
                0x00000d14                OS_RdyListInsert
 .text.OS_RdyListInsertHead
                0x00000d50       0x84 ./source/rtos/uCOSIII/src/uCOS-III/Source/os_core.o
                0x00000d50                OS_RdyListInsertHead
 .text.OS_RdyListInsertTail
                0x00000dd4       0x80 ./source/rtos/uCOSIII/src/uCOS-III/Source/os_core.o
                0x00000dd4                OS_RdyListInsertTail
 .text.OS_RdyListRemove
                0x00000e54       0xb0 ./source/rtos/uCOSIII/src/uCOS-III/Source/os_core.o
                0x00000e54                OS_RdyListRemove
 .text.OS_SchedRoundRobin
                0x00000f04       0xc8 ./source/rtos/uCOSIII/src/uCOS-III/Source/os_core.o
                0x00000f04                OS_SchedRoundRobin
 .text.OS_TaskBlock
                0x00000fcc       0x40 ./source/rtos/uCOSIII/src/uCOS-III/Source/os_core.o
                0x00000fcc                OS_TaskBlock
 .text.OS_Dbg_Init
                0x0000100c      0x23c ./source/rtos/uCOSIII/src/uCOS-III/Source/os_dbg.o
                0x0000100c                OS_Dbg_Init
 .text.OS_FlagInit
                0x00001248       0x30 ./source/rtos/uCOSIII/src/uCOS-III/Source/os_flag.o
                0x00001248                OS_FlagInit
 .text.OS_MemInit
                0x00001278       0x30 ./source/rtos/uCOSIII/src/uCOS-III/Source/os_mem.o
                0x00001278                OS_MemInit
 .text.OS_MsgPoolInit
                0x000012a8       0xd0 ./source/rtos/uCOSIII/src/uCOS-III/Source/os_msg.o
                0x000012a8                OS_MsgPoolInit
 .text.OS_MsgQFreeAll
                0x00001378       0x78 ./source/rtos/uCOSIII/src/uCOS-III/Source/os_msg.o
                0x00001378                OS_MsgQFreeAll
 .text.OS_MsgQGet
                0x000013f0       0xc0 ./source/rtos/uCOSIII/src/uCOS-III/Source/os_msg.o
                0x000013f0                OS_MsgQGet
 .text.OS_MsgQPut
                0x000014b0      0x114 ./source/rtos/uCOSIII/src/uCOS-III/Source/os_msg.o
                0x000014b0                OS_MsgQPut
 .text.OSMutexCreate
                0x000015c4       0x98 ./source/rtos/uCOSIII/src/uCOS-III/Source/os_mutex.o
                0x000015c4                OSMutexCreate
 .text.OSMutexPend
                0x0000165c      0x210 ./source/rtos/uCOSIII/src/uCOS-III/Source/os_mutex.o
                0x0000165c                OSMutexPend
 .text.OSMutexPost
                0x0000186c      0x1b8 ./source/rtos/uCOSIII/src/uCOS-III/Source/os_mutex.o
                0x0000186c                OSMutexPost
 .text.OS_MutexDbgListAdd
                0x00001a24       0x50 ./source/rtos/uCOSIII/src/uCOS-III/Source/os_mutex.o
                0x00001a24                OS_MutexDbgListAdd
 .text.OS_MutexInit
                0x00001a74       0x30 ./source/rtos/uCOSIII/src/uCOS-III/Source/os_mutex.o
                0x00001a74                OS_MutexInit
 .text.OS_PrioInit
                0x00001aa4       0x34 ./source/rtos/uCOSIII/src/uCOS-III/Source/os_prio.o
                0x00001aa4                OS_PrioInit
 .text.OS_PrioGetHighest
                0x00001ad8       0x48 ./source/rtos/uCOSIII/src/uCOS-III/Source/os_prio.o
                0x00001ad8                OS_PrioGetHighest
 .text.OS_PrioInsert
                0x00001b20       0x50 ./source/rtos/uCOSIII/src/uCOS-III/Source/os_prio.o
                0x00001b20                OS_PrioInsert
 .text.OS_PrioRemove
                0x00001b70       0x50 ./source/rtos/uCOSIII/src/uCOS-III/Source/os_prio.o
                0x00001b70                OS_PrioRemove
 .text.OSQCreate
                0x00001bc0       0xa0 ./source/rtos/uCOSIII/src/uCOS-III/Source/os_q.o
                0x00001bc0                OSQCreate
 .text.OSQPend  0x00001c60      0x1f0 ./source/rtos/uCOSIII/src/uCOS-III/Source/os_q.o
                0x00001c60                OSQPend
 .text.OSQPost  0x00001e50       0xb0 ./source/rtos/uCOSIII/src/uCOS-III/Source/os_q.o
                0x00001e50                OSQPost
 .text.OS_QDbgListAdd
                0x00001f00       0x50 ./source/rtos/uCOSIII/src/uCOS-III/Source/os_q.o
                0x00001f00                OS_QDbgListAdd
 .text.OS_QInit
                0x00001f50       0x30 ./source/rtos/uCOSIII/src/uCOS-III/Source/os_q.o
                0x00001f50                OS_QInit
 .text.OSSemCreate
                0x00001f80       0x8c ./source/rtos/uCOSIII/src/uCOS-III/Source/os_sem.o
                0x00001f80                OSSemCreate
 .text.OSSemPost
                0x0000200c       0x84 ./source/rtos/uCOSIII/src/uCOS-III/Source/os_sem.o
                0x0000200c                OSSemPost
 .text.OS_SemDbgListAdd
                0x00002090       0x50 ./source/rtos/uCOSIII/src/uCOS-III/Source/os_sem.o
                0x00002090                OS_SemDbgListAdd
 .text.OS_SemInit
                0x000020e0       0x30 ./source/rtos/uCOSIII/src/uCOS-III/Source/os_sem.o
                0x000020e0                OS_SemInit
 .text.OSStatReset
                0x00002110      0x118 ./source/rtos/uCOSIII/src/uCOS-III/Source/os_stat.o
                0x00002110                OSStatReset
 .text.OSStatTaskCPUUsageInit
                0x00002228       0xfc ./source/rtos/uCOSIII/src/uCOS-III/Source/os_stat.o
                0x00002228                OSStatTaskCPUUsageInit
 .text.OS_StatTask
                0x00002324      0x310 ./source/rtos/uCOSIII/src/uCOS-III/Source/os_stat.o
                0x00002324                OS_StatTask
 .text.OS_StatTaskInit
                0x00002634       0xd4 ./source/rtos/uCOSIII/src/uCOS-III/Source/os_stat.o
                0x00002634                OS_StatTaskInit
 .text.OSTaskCreate
                0x00002708      0x21c ./source/rtos/uCOSIII/src/uCOS-III/Source/os_task.o
                0x00002708                OSTaskCreate
 .text.OSTaskDel
                0x00002924      0x1dc ./source/rtos/uCOSIII/src/uCOS-III/Source/os_task.o
                0x00002924                OSTaskDel
 .text.OSTaskResume
                0x00002b00       0x64 ./source/rtos/uCOSIII/src/uCOS-III/Source/os_task.o
                0x00002b00                OSTaskResume
 .text.OSTaskSemPend
                0x00002b64      0x1d4 ./source/rtos/uCOSIII/src/uCOS-III/Source/os_task.o
                0x00002b64                OSTaskSemPend
 .text.OSTaskStkChk
                0x00002d38       0xf0 ./source/rtos/uCOSIII/src/uCOS-III/Source/os_task.o
                0x00002d38                OSTaskStkChk
 .text.OSTaskSuspend
                0x00002e28       0x44 ./source/rtos/uCOSIII/src/uCOS-III/Source/os_task.o
                0x00002e28                OSTaskSuspend
 .text.OS_TaskDbgListAdd
                0x00002e6c       0x4c ./source/rtos/uCOSIII/src/uCOS-III/Source/os_task.o
                0x00002e6c                OS_TaskDbgListAdd
 .text.OS_TaskDbgListRemove
                0x00002eb8       0x84 ./source/rtos/uCOSIII/src/uCOS-III/Source/os_task.o
                0x00002eb8                OS_TaskDbgListRemove
 .text.OS_TaskInit
                0x00002f3c       0x38 ./source/rtos/uCOSIII/src/uCOS-III/Source/os_task.o
                0x00002f3c                OS_TaskInit
 .text.OS_TaskInitTCB
                0x00002f74      0x1a0 ./source/rtos/uCOSIII/src/uCOS-III/Source/os_task.o
                0x00002f74                OS_TaskInitTCB
 .text.OS_TaskResume
                0x00003114      0x124 ./source/rtos/uCOSIII/src/uCOS-III/Source/os_task.o
                0x00003114                OS_TaskResume
 .text.OS_TaskReturn
                0x00003238       0x28 ./source/rtos/uCOSIII/src/uCOS-III/Source/os_task.o
                0x00003238                OS_TaskReturn
 .text.OS_TaskSemPost
                0x00003260      0x128 ./source/rtos/uCOSIII/src/uCOS-III/Source/os_task.o
                0x00003260                OS_TaskSemPost
 .text.OS_TaskSuspend
                0x00003388      0x118 ./source/rtos/uCOSIII/src/uCOS-III/Source/os_task.o
                0x00003388                OS_TaskSuspend
 .text.OS_TaskChangePrio
                0x000034a0      0x148 ./source/rtos/uCOSIII/src/uCOS-III/Source/os_task.o
                0x000034a0                OS_TaskChangePrio
 .text.OS_TickTask
                0x000035e8       0x64 ./source/rtos/uCOSIII/src/uCOS-III/Source/os_tick.o
                0x000035e8                OS_TickTask
 .text.OS_TickTaskInit
                0x0000364c       0xd8 ./source/rtos/uCOSIII/src/uCOS-III/Source/os_tick.o
                0x0000364c                OS_TickTaskInit
 .text.OS_TickListInsertDly
                0x00003724      0x108 ./source/rtos/uCOSIII/src/uCOS-III/Source/os_tick.o
                0x00003724                OS_TickListInsertDly
 .text.OS_TickListUpdateDly
                0x0000382c       0xbc ./source/rtos/uCOSIII/src/uCOS-III/Source/os_tick.o
 .text.OS_TickListUpdateTimeout
                0x000038e8      0x158 ./source/rtos/uCOSIII/src/uCOS-III/Source/os_tick.o
 .text.OSTimeDly
                0x00003a40       0xd8 ./source/rtos/uCOSIII/src/uCOS-III/Source/os_time.o
                0x00003a40                OSTimeDly
 .text.OSTimeDlyHMSM
                0x00003b18      0x1f0 ./source/rtos/uCOSIII/src/uCOS-III/Source/os_time.o
                0x00003b18                OSTimeDlyHMSM
 .text.OSTimeTick
                0x00003d08       0x74 ./source/rtos/uCOSIII/src/uCOS-III/Source/os_time.o
                0x00003d08                OSTimeTick
 .text.OS_TmrInit
                0x00003d7c      0x138 ./source/rtos/uCOSIII/src/uCOS-III/Source/os_tmr.o
                0x00003d7c                OS_TmrInit
 .text.OS_TmrUnlink
                0x00003eb4       0x80 ./source/rtos/uCOSIII/src/uCOS-III/Source/os_tmr.o
                0x00003eb4                OS_TmrUnlink
 .text.OS_TmrTask
                0x00003f34       0xc8 ./source/rtos/uCOSIII/src/uCOS-III/Source/os_tmr.o
                0x00003f34                OS_TmrTask
 .text.OS_TmrLock
                0x00003ffc       0x24 ./source/rtos/uCOSIII/src/uCOS-III/Source/os_tmr.o
 .text.OS_TmrUnlock
                0x00004020       0x20 ./source/rtos/uCOSIII/src/uCOS-III/Source/os_tmr.o
 .text          0x00004040       0xfc ./source/rtos/uCOSIII/src/uCOS-III/Ports/ARM-Cortex-M4/Generic/GNU/os_cpu_a.o
                0x00004040                OS_CPU_FP_Reg_Push
                0x00004052                OS_CPU_FP_Reg_Pop
                0x0000405e                OSStartHighRdy
                0x000040ce                OSCtxSw
                0x000040d8                OSIntCtxSw
                0x000040e2                PendSV_Handler
 .text.OSIdleTaskHook
                0x0000413c       0x1c ./source/rtos/uCOSIII/src/uCOS-III/Ports/ARM-Cortex-M4/Generic/GNU/os_cpu_c.o
                0x0000413c                OSIdleTaskHook
 .text.OSInitHook
                0x00004158       0x38 ./source/rtos/uCOSIII/src/uCOS-III/Ports/ARM-Cortex-M4/Generic/GNU/os_cpu_c.o
                0x00004158                OSInitHook
 .text.OSStatTaskHook
                0x00004190       0x1c ./source/rtos/uCOSIII/src/uCOS-III/Ports/ARM-Cortex-M4/Generic/GNU/os_cpu_c.o
                0x00004190                OSStatTaskHook
 .text.OSTaskCreateHook
                0x000041ac       0x24 ./source/rtos/uCOSIII/src/uCOS-III/Ports/ARM-Cortex-M4/Generic/GNU/os_cpu_c.o
                0x000041ac                OSTaskCreateHook
 .text.OSTaskDelHook
                0x000041d0       0x24 ./source/rtos/uCOSIII/src/uCOS-III/Ports/ARM-Cortex-M4/Generic/GNU/os_cpu_c.o
                0x000041d0                OSTaskDelHook
 .text.OSTaskReturnHook
                0x000041f4       0x24 ./source/rtos/uCOSIII/src/uCOS-III/Ports/ARM-Cortex-M4/Generic/GNU/os_cpu_c.o
                0x000041f4                OSTaskReturnHook
 .text.OSTaskStkInit
                0x00004218      0x34c ./source/rtos/uCOSIII/src/uCOS-III/Ports/ARM-Cortex-M4/Generic/GNU/os_cpu_c.o
                0x00004218                OSTaskStkInit
 .text.OSTaskSwHook
                0x00004564       0xa8 ./source/rtos/uCOSIII/src/uCOS-III/Ports/ARM-Cortex-M4/Generic/GNU/os_cpu_c.o
                0x00004564                OSTaskSwHook
 .text.OSTimeTickHook
                0x0000460c       0x1c ./source/rtos/uCOSIII/src/uCOS-III/Ports/ARM-Cortex-M4/Generic/GNU/os_cpu_c.o
                0x0000460c                OSTimeTickHook
 .text.OS_CPU_SysTickInit
                0x00004628       0x54 ./source/rtos/uCOSIII/src/uCOS-III/Ports/ARM-Cortex-M4/Generic/GNU/os_cpu_c.o
                0x00004628                OS_CPU_SysTickInit
 .text          0x0000467c       0x34 ./source/rtos/uCOSIII/src/uC-CPU/ARM-Cortex-M4/GNU/cpu_a.o
                0x0000467c                CPU_IntDis
                0x00004680                CPU_IntEn
                0x00004684                CPU_SR_Save
                0x0000468c                CPU_SR_Restore
                0x00004692                CPU_WaitForInt
                0x00004696                CPU_WaitForExcept
                0x0000469a                CPU_CntLeadZeros
                0x000046a0                CPU_CntTrailZeros
                0x000046aa                CPU_RevBits
 .text.CPU_TS_TmrFreqSet
                0x000046b0       0x20 ./source/rtos/uCOSIII/src/uC-CPU/cpu_core.o
                0x000046b0                CPU_TS_TmrFreqSet
 .text.CPU_TS_Init
                0x000046d0       0x18 ./source/rtos/uCOSIII/src/uC-CPU/cpu_core.o
 .text.CPU_TS_TmrInit
                0x000046e8       0x48 ./source/rtos/uCOSIII/BSP/cpu_bsp.o
                0x000046e8                CPU_TS_TmrInit
 .text.Task2    0x00004730       0x64 ./source/main.o
 .text.Task3    0x00004794       0x74 ./source/main.o
 .text.TaskStart
                0x00004808       0xf4 ./source/main.o
 .text.main     0x000048fc      0x110 ./source/main.o
                0x000048fc                main
 .text.hw_Init  0x00004a0c      0x108 ./SDK/startup/hardware.o
                0x00004a0c                hw_Init
 .text.SystemInit
                0x00004b14       0x3c ./SDK/CMSIS/system_MK64F12.o
                0x00004b14                SystemInit
 .text.SystemCoreClockUpdate
                0x00004b50      0x278 ./SDK/CMSIS/system_MK64F12.o
                0x00004b50                SystemCoreClockUpdate
 .text.OSCfg_Init
                0x00004dc8        0xe ./source/rtos/uCOSIII/src/uCOS-III/Source/os_cfg_app.o
                0x00004dc8                OSCfg_Init
 .text.OS_PendDataInit
                0x00004dd6       0x6c ./source/rtos/uCOSIII/src/uCOS-III/Source/os_core.o
                0x00004dd6                OS_PendDataInit
 .text.OS_PendListChangePrio
                0x00004e42       0x56 ./source/rtos/uCOSIII/src/uCOS-III/Source/os_core.o
                0x00004e42                OS_PendListChangePrio
 .text.OS_PendListInit
                0x00004e98       0x26 ./source/rtos/uCOSIII/src/uCOS-III/Source/os_core.o
                0x00004e98                OS_PendListInit
 .text.OS_PendListInsertPrio
                0x00004ebe       0xe8 ./source/rtos/uCOSIII/src/uCOS-III/Source/os_core.o
                0x00004ebe                OS_PendListInsertPrio
 .text.OS_PendListRemove
                0x00004fa6       0x54 ./source/rtos/uCOSIII/src/uCOS-III/Source/os_core.o
                0x00004fa6                OS_PendListRemove
 .text.OS_PendListRemove1
                0x00004ffa       0x94 ./source/rtos/uCOSIII/src/uCOS-III/Source/os_core.o
                0x00004ffa                OS_PendListRemove1
 .text.OS_Post1
                0x0000508e       0x60 ./source/rtos/uCOSIII/src/uCOS-III/Source/os_core.o
                0x0000508e                OS_Post1
 .text.OS_RdyListMoveHeadToTail
                0x000050ee       0x90 ./source/rtos/uCOSIII/src/uCOS-III/Source/os_core.o
                0x000050ee                OS_RdyListMoveHeadToTail
 .text.OS_MsgQInit
                0x0000517e       0x36 ./source/rtos/uCOSIII/src/uCOS-III/Source/os_msg.o
                0x0000517e                OS_MsgQInit
 .text.OS_MutexGrpAdd
                0x000051b4       0x24 ./source/rtos/uCOSIII/src/uCOS-III/Source/os_mutex.o
                0x000051b4                OS_MutexGrpAdd
 .text.OS_MutexGrpRemove
                0x000051d8       0x3a ./source/rtos/uCOSIII/src/uCOS-III/Source/os_mutex.o
                0x000051d8                OS_MutexGrpRemove
 .text.OS_MutexGrpPrioFindHighest
                0x00005212       0x56 ./source/rtos/uCOSIII/src/uCOS-III/Source/os_mutex.o
                0x00005212                OS_MutexGrpPrioFindHighest
 .text.OS_MutexGrpPostAll
                0x00005268       0x86 ./source/rtos/uCOSIII/src/uCOS-III/Source/os_mutex.o
                0x00005268                OS_MutexGrpPostAll
 .text.OS_QPost
                0x000052ee       0xce ./source/rtos/uCOSIII/src/uCOS-III/Source/os_q.o
                0x000052ee                OS_QPost
 .text.OS_SemPost
                0x000053bc       0xde ./source/rtos/uCOSIII/src/uCOS-III/Source/os_sem.o
                0x000053bc                OS_SemPost
 .text.OSTaskSemPost
                0x0000549a       0x44 ./source/rtos/uCOSIII/src/uCOS-III/Source/os_task.o
                0x0000549a                OSTaskSemPost
 .text.OS_TickListInsert
                0x000054de      0x12e ./source/rtos/uCOSIII/src/uCOS-III/Source/os_tick.o
                0x000054de                OS_TickListInsert
 .text.OS_TickListRemove
                0x0000560c       0xca ./source/rtos/uCOSIII/src/uCOS-III/Source/os_tick.o
                0x0000560c                OS_TickListRemove
 .text.OS_TickListResetPeak
                0x000056d6        0xe ./source/rtos/uCOSIII/src/uCOS-III/Source/os_tick.o
                0x000056d6                OS_TickListResetPeak
 .text.OS_TmrResetPeak
                0x000056e4        0xe ./source/rtos/uCOSIII/src/uCOS-III/Source/os_tmr.o
                0x000056e4                OS_TmrResetPeak
 .text.SysTick_Handler
                0x000056f2       0x2a ./source/rtos/uCOSIII/src/uCOS-III/Ports/ARM-Cortex-M4/Generic/GNU/os_cpu_c.o
                0x000056f2                SysTick_Handler
 .text.CPU_Init
                0x0000571c        0xc ./source/rtos/uCOSIII/src/uC-CPU/cpu_core.o
                0x0000571c                CPU_Init
 .text.HardFault_Handler
                0x00005728       0x2c ./SDK/startup/semihost_hardfault.o
                0x00005728                HardFault_Handler
 .text.DMA0_IRQHandler
                0x00005754        0x8 ./SDK/startup/startup_mk64f12.o
                0x00005754                DMA0_IRQHandler
 .text.DMA1_IRQHandler
                0x0000575c        0x8 ./SDK/startup/startup_mk64f12.o
                0x0000575c                DMA1_IRQHandler
 .text.DMA2_IRQHandler
                0x00005764        0x8 ./SDK/startup/startup_mk64f12.o
                0x00005764                DMA2_IRQHandler
 .text.DMA3_IRQHandler
                0x0000576c        0x8 ./SDK/startup/startup_mk64f12.o
                0x0000576c                DMA3_IRQHandler
 .text.DMA4_IRQHandler
                0x00005774        0x8 ./SDK/startup/startup_mk64f12.o
                0x00005774                DMA4_IRQHandler
 .text.DMA5_IRQHandler
                0x0000577c        0x8 ./SDK/startup/startup_mk64f12.o
                0x0000577c                DMA5_IRQHandler
 .text.DMA6_IRQHandler
                0x00005784        0x8 ./SDK/startup/startup_mk64f12.o
                0x00005784                DMA6_IRQHandler
 .text.DMA7_IRQHandler
                0x0000578c        0x8 ./SDK/startup/startup_mk64f12.o
                0x0000578c                DMA7_IRQHandler
 .text.DMA8_IRQHandler
                0x00005794        0x8 ./SDK/startup/startup_mk64f12.o
                0x00005794                DMA8_IRQHandler
 .text.DMA9_IRQHandler
                0x0000579c        0x8 ./SDK/startup/startup_mk64f12.o
                0x0000579c                DMA9_IRQHandler
 .text.DMA10_IRQHandler
                0x000057a4        0x8 ./SDK/startup/startup_mk64f12.o
                0x000057a4                DMA10_IRQHandler
 .text.DMA11_IRQHandler
                0x000057ac        0x8 ./SDK/startup/startup_mk64f12.o
                0x000057ac                DMA11_IRQHandler
 .text.DMA12_IRQHandler
                0x000057b4        0x8 ./SDK/startup/startup_mk64f12.o
                0x000057b4                DMA12_IRQHandler
 .text.DMA13_IRQHandler
                0x000057bc        0x8 ./SDK/startup/startup_mk64f12.o
                0x000057bc                DMA13_IRQHandler
 .text.DMA14_IRQHandler
                0x000057c4        0x8 ./SDK/startup/startup_mk64f12.o
                0x000057c4                DMA14_IRQHandler
 .text.DMA15_IRQHandler
                0x000057cc        0x8 ./SDK/startup/startup_mk64f12.o
                0x000057cc                DMA15_IRQHandler
 .text.DMA_Error_IRQHandler
                0x000057d4        0x8 ./SDK/startup/startup_mk64f12.o
                0x000057d4                DMA_Error_IRQHandler
 .text.MCM_IRQHandler
                0x000057dc        0x8 ./SDK/startup/startup_mk64f12.o
                0x000057dc                MCM_IRQHandler
 .text.FTFE_IRQHandler
                0x000057e4        0x8 ./SDK/startup/startup_mk64f12.o
                0x000057e4                FTFE_IRQHandler
 .text.Read_Collision_IRQHandler
                0x000057ec        0x8 ./SDK/startup/startup_mk64f12.o
                0x000057ec                Read_Collision_IRQHandler
 .text.LVD_LVW_IRQHandler
                0x000057f4        0x8 ./SDK/startup/startup_mk64f12.o
                0x000057f4                LVD_LVW_IRQHandler
 .text.LLWU_IRQHandler
                0x000057fc        0x8 ./SDK/startup/startup_mk64f12.o
                0x000057fc                LLWU_IRQHandler
 .text.WDOG_EWM_IRQHandler
                0x00005804        0x8 ./SDK/startup/startup_mk64f12.o
                0x00005804                WDOG_EWM_IRQHandler
 .text.RNG_IRQHandler
                0x0000580c        0x8 ./SDK/startup/startup_mk64f12.o
                0x0000580c                RNG_IRQHandler
 .text.I2C0_IRQHandler
                0x00005814        0x8 ./SDK/startup/startup_mk64f12.o
                0x00005814                I2C0_IRQHandler
 .text.I2C1_IRQHandler
                0x0000581c        0x8 ./SDK/startup/startup_mk64f12.o
                0x0000581c                I2C1_IRQHandler
 .text.SPI0_IRQHandler
                0x00005824        0x8 ./SDK/startup/startup_mk64f12.o
                0x00005824                SPI0_IRQHandler
 .text.SPI1_IRQHandler
                0x0000582c        0x8 ./SDK/startup/startup_mk64f12.o
                0x0000582c                SPI1_IRQHandler
 .text.I2S0_Tx_IRQHandler
                0x00005834        0x8 ./SDK/startup/startup_mk64f12.o
                0x00005834                I2S0_Tx_IRQHandler
 .text.I2S0_Rx_IRQHandler
                0x0000583c        0x8 ./SDK/startup/startup_mk64f12.o
                0x0000583c                I2S0_Rx_IRQHandler
 .text.UART0_LON_IRQHandler
                0x00005844        0x8 ./SDK/startup/startup_mk64f12.o
                0x00005844                UART0_LON_IRQHandler
 .text.UART0_RX_TX_IRQHandler
                0x0000584c        0x8 ./SDK/startup/startup_mk64f12.o
                0x0000584c                UART0_RX_TX_IRQHandler
 .text.UART0_ERR_IRQHandler
                0x00005854        0x8 ./SDK/startup/startup_mk64f12.o
                0x00005854                UART0_ERR_IRQHandler
 .text.UART1_RX_TX_IRQHandler
                0x0000585c        0x8 ./SDK/startup/startup_mk64f12.o
                0x0000585c                UART1_RX_TX_IRQHandler
 .text.UART1_ERR_IRQHandler
                0x00005864        0x8 ./SDK/startup/startup_mk64f12.o
                0x00005864                UART1_ERR_IRQHandler
 .text.UART2_RX_TX_IRQHandler
                0x0000586c        0x8 ./SDK/startup/startup_mk64f12.o
                0x0000586c                UART2_RX_TX_IRQHandler
 .text.UART2_ERR_IRQHandler
                0x00005874        0x8 ./SDK/startup/startup_mk64f12.o
                0x00005874                UART2_ERR_IRQHandler
 .text.UART3_RX_TX_IRQHandler
                0x0000587c        0x8 ./SDK/startup/startup_mk64f12.o
                0x0000587c                UART3_RX_TX_IRQHandler
 .text.UART3_ERR_IRQHandler
                0x00005884        0x8 ./SDK/startup/startup_mk64f12.o
                0x00005884                UART3_ERR_IRQHandler
 .text.ADC0_IRQHandler
                0x0000588c        0x8 ./SDK/startup/startup_mk64f12.o
                0x0000588c                ADC0_IRQHandler
 .text.CMP0_IRQHandler
                0x00005894        0x8 ./SDK/startup/startup_mk64f12.o
                0x00005894                CMP0_IRQHandler
 .text.CMP1_IRQHandler
                0x0000589c        0x8 ./SDK/startup/startup_mk64f12.o
                0x0000589c                CMP1_IRQHandler
 .text.FTM0_IRQHandler
                0x000058a4        0x8 ./SDK/startup/startup_mk64f12.o
                0x000058a4                FTM0_IRQHandler
 .text.FTM1_IRQHandler
                0x000058ac        0x8 ./SDK/startup/startup_mk64f12.o
                0x000058ac                FTM1_IRQHandler
 .text.FTM2_IRQHandler
                0x000058b4        0x8 ./SDK/startup/startup_mk64f12.o
                0x000058b4                FTM2_IRQHandler
 .text.CMT_IRQHandler
                0x000058bc        0x8 ./SDK/startup/startup_mk64f12.o
                0x000058bc                CMT_IRQHandler
 .text.RTC_IRQHandler
                0x000058c4        0x8 ./SDK/startup/startup_mk64f12.o
                0x000058c4                RTC_IRQHandler
 .text.RTC_Seconds_IRQHandler
                0x000058cc        0x8 ./SDK/startup/startup_mk64f12.o
                0x000058cc                RTC_Seconds_IRQHandler
 .text.PIT0_IRQHandler
                0x000058d4        0x8 ./SDK/startup/startup_mk64f12.o
                0x000058d4                PIT0_IRQHandler
 .text.PIT1_IRQHandler
                0x000058dc        0x8 ./SDK/startup/startup_mk64f12.o
                0x000058dc                PIT1_IRQHandler
 .text.PIT2_IRQHandler
                0x000058e4        0x8 ./SDK/startup/startup_mk64f12.o
                0x000058e4                PIT2_IRQHandler
 .text.PIT3_IRQHandler
                0x000058ec        0x8 ./SDK/startup/startup_mk64f12.o
                0x000058ec                PIT3_IRQHandler
 .text.PDB0_IRQHandler
                0x000058f4        0x8 ./SDK/startup/startup_mk64f12.o
                0x000058f4                PDB0_IRQHandler
 .text.USB0_IRQHandler
                0x000058fc        0x8 ./SDK/startup/startup_mk64f12.o
                0x000058fc                USB0_IRQHandler
 .text.USBDCD_IRQHandler
                0x00005904        0x8 ./SDK/startup/startup_mk64f12.o
                0x00005904                USBDCD_IRQHandler
 .text.Reserved71_IRQHandler
                0x0000590c        0x8 ./SDK/startup/startup_mk64f12.o
                0x0000590c                Reserved71_IRQHandler
 .text.DAC0_IRQHandler
                0x00005914        0x8 ./SDK/startup/startup_mk64f12.o
                0x00005914                DAC0_IRQHandler
 .text.MCG_IRQHandler
                0x0000591c        0x8 ./SDK/startup/startup_mk64f12.o
                0x0000591c                MCG_IRQHandler
 .text.LPTMR0_IRQHandler
                0x00005924        0x8 ./SDK/startup/startup_mk64f12.o
                0x00005924                LPTMR0_IRQHandler
 .text.PORTA_IRQHandler
                0x0000592c        0x8 ./SDK/startup/startup_mk64f12.o
                0x0000592c                PORTA_IRQHandler
 .text.PORTB_IRQHandler
                0x00005934        0x8 ./SDK/startup/startup_mk64f12.o
                0x00005934                PORTB_IRQHandler
 .text.PORTC_IRQHandler
                0x0000593c        0x8 ./SDK/startup/startup_mk64f12.o
                0x0000593c                PORTC_IRQHandler
 .text.PORTD_IRQHandler
                0x00005944        0x8 ./SDK/startup/startup_mk64f12.o
                0x00005944                PORTD_IRQHandler
 .text.PORTE_IRQHandler
                0x0000594c        0x8 ./SDK/startup/startup_mk64f12.o
                0x0000594c                PORTE_IRQHandler
 .text.SWI_IRQHandler
                0x00005954        0x8 ./SDK/startup/startup_mk64f12.o
                0x00005954                SWI_IRQHandler
 .text.SPI2_IRQHandler
                0x0000595c        0x8 ./SDK/startup/startup_mk64f12.o
                0x0000595c                SPI2_IRQHandler
 .text.UART4_RX_TX_IRQHandler
                0x00005964        0x8 ./SDK/startup/startup_mk64f12.o
                0x00005964                UART4_RX_TX_IRQHandler
 .text.UART4_ERR_IRQHandler
                0x0000596c        0x8 ./SDK/startup/startup_mk64f12.o
                0x0000596c                UART4_ERR_IRQHandler
 .text.UART5_RX_TX_IRQHandler
                0x00005974        0x8 ./SDK/startup/startup_mk64f12.o
                0x00005974                UART5_RX_TX_IRQHandler
 .text.UART5_ERR_IRQHandler
                0x0000597c        0x8 ./SDK/startup/startup_mk64f12.o
                0x0000597c                UART5_ERR_IRQHandler
 .text.CMP2_IRQHandler
                0x00005984        0x8 ./SDK/startup/startup_mk64f12.o
                0x00005984                CMP2_IRQHandler
 .text.FTM3_IRQHandler
                0x0000598c        0x8 ./SDK/startup/startup_mk64f12.o
                0x0000598c                FTM3_IRQHandler
 .text.DAC1_IRQHandler
                0x00005994        0x8 ./SDK/startup/startup_mk64f12.o
                0x00005994                DAC1_IRQHandler
 .text.ADC1_IRQHandler
                0x0000599c        0x8 ./SDK/startup/startup_mk64f12.o
                0x0000599c                ADC1_IRQHandler
 .text.I2C2_IRQHandler
                0x000059a4        0x8 ./SDK/startup/startup_mk64f12.o
                0x000059a4                I2C2_IRQHandler
 .text.CAN0_ORed_Message_buffer_IRQHandler
                0x000059ac        0x8 ./SDK/startup/startup_mk64f12.o
                0x000059ac                CAN0_ORed_Message_buffer_IRQHandler
 .text.CAN0_Bus_Off_IRQHandler
                0x000059b4        0x8 ./SDK/startup/startup_mk64f12.o
                0x000059b4                CAN0_Bus_Off_IRQHandler
 .text.CAN0_Error_IRQHandler
                0x000059bc        0x8 ./SDK/startup/startup_mk64f12.o
                0x000059bc                CAN0_Error_IRQHandler
 .text.CAN0_Tx_Warning_IRQHandler
                0x000059c4        0x8 ./SDK/startup/startup_mk64f12.o
                0x000059c4                CAN0_Tx_Warning_IRQHandler
 .text.CAN0_Rx_Warning_IRQHandler
                0x000059cc        0x8 ./SDK/startup/startup_mk64f12.o
                0x000059cc                CAN0_Rx_Warning_IRQHandler
 .text.CAN0_Wake_Up_IRQHandler
                0x000059d4        0x8 ./SDK/startup/startup_mk64f12.o
                0x000059d4                CAN0_Wake_Up_IRQHandler
 .text.SDHC_IRQHandler
                0x000059dc        0x8 ./SDK/startup/startup_mk64f12.o
                0x000059dc                SDHC_IRQHandler
 .text.ENET_1588_Timer_IRQHandler
                0x000059e4        0x8 ./SDK/startup/startup_mk64f12.o
                0x000059e4                ENET_1588_Timer_IRQHandler
 .text.ENET_Transmit_IRQHandler
                0x000059ec        0x8 ./SDK/startup/startup_mk64f12.o
                0x000059ec                ENET_Transmit_IRQHandler
 .text.ENET_Receive_IRQHandler
                0x000059f4        0x8 ./SDK/startup/startup_mk64f12.o
                0x000059f4                ENET_Receive_IRQHandler
 .text.ENET_Error_IRQHandler
                0x000059fc        0x8 ./SDK/startup/startup_mk64f12.o
                0x000059fc                ENET_Error_IRQHandler
 .text.SystemInitHook
                0x00005a04        0xe ./SDK/CMSIS/system_MK64F12.o
                0x00005a04                SystemInitHook
 *(SORT_BY_ALIGNMENT(.rodata) SORT_BY_ALIGNMENT(.rodata.*) SORT_BY_ALIGNMENT(.constdata) SORT_BY_ALIGNMENT(.constdata.*))
 *fill*         0x00005a12        0x2 ff
 .rodata.OSCfg_IdleTaskStkBasePtr
                0x00005a14        0x4 ./source/rtos/uCOSIII/src/uCOS-III/Source/os_cfg_app.o
                0x00005a14                OSCfg_IdleTaskStkBasePtr
 .rodata.OSCfg_IdleTaskStkLimit
                0x00005a18        0x4 ./source/rtos/uCOSIII/src/uCOS-III/Source/os_cfg_app.o
                0x00005a18                OSCfg_IdleTaskStkLimit
 .rodata.OSCfg_IdleTaskStkSize
                0x00005a1c        0x4 ./source/rtos/uCOSIII/src/uCOS-III/Source/os_cfg_app.o
                0x00005a1c                OSCfg_IdleTaskStkSize
 .rodata.OSCfg_ISRStkBasePtr
                0x00005a20        0x4 ./source/rtos/uCOSIII/src/uCOS-III/Source/os_cfg_app.o
                0x00005a20                OSCfg_ISRStkBasePtr
 .rodata.OSCfg_ISRStkSize
                0x00005a24        0x4 ./source/rtos/uCOSIII/src/uCOS-III/Source/os_cfg_app.o
                0x00005a24                OSCfg_ISRStkSize
 .rodata.OSCfg_MsgPoolBasePtr
                0x00005a28        0x4 ./source/rtos/uCOSIII/src/uCOS-III/Source/os_cfg_app.o
                0x00005a28                OSCfg_MsgPoolBasePtr
 .rodata.OSCfg_StatTaskRate_Hz
                0x00005a2c        0x4 ./source/rtos/uCOSIII/src/uCOS-III/Source/os_cfg_app.o
                0x00005a2c                OSCfg_StatTaskRate_Hz
 .rodata.OSCfg_StatTaskStkBasePtr
                0x00005a30        0x4 ./source/rtos/uCOSIII/src/uCOS-III/Source/os_cfg_app.o
                0x00005a30                OSCfg_StatTaskStkBasePtr
 .rodata.OSCfg_StatTaskStkLimit
                0x00005a34        0x4 ./source/rtos/uCOSIII/src/uCOS-III/Source/os_cfg_app.o
                0x00005a34                OSCfg_StatTaskStkLimit
 .rodata.OSCfg_StatTaskStkSize
                0x00005a38        0x4 ./source/rtos/uCOSIII/src/uCOS-III/Source/os_cfg_app.o
                0x00005a38                OSCfg_StatTaskStkSize
 .rodata.OSCfg_StkSizeMin
                0x00005a3c        0x4 ./source/rtos/uCOSIII/src/uCOS-III/Source/os_cfg_app.o
                0x00005a3c                OSCfg_StkSizeMin
 .rodata.OSCfg_TickRate_Hz
                0x00005a40        0x4 ./source/rtos/uCOSIII/src/uCOS-III/Source/os_cfg_app.o
                0x00005a40                OSCfg_TickRate_Hz
 .rodata.OSCfg_TickTaskStkBasePtr
                0x00005a44        0x4 ./source/rtos/uCOSIII/src/uCOS-III/Source/os_cfg_app.o
                0x00005a44                OSCfg_TickTaskStkBasePtr
 .rodata.OSCfg_TickTaskStkLimit
                0x00005a48        0x4 ./source/rtos/uCOSIII/src/uCOS-III/Source/os_cfg_app.o
                0x00005a48                OSCfg_TickTaskStkLimit
 .rodata.OSCfg_TickTaskStkSize
                0x00005a4c        0x4 ./source/rtos/uCOSIII/src/uCOS-III/Source/os_cfg_app.o
                0x00005a4c                OSCfg_TickTaskStkSize
 .rodata.OSCfg_TmrTaskRate_Hz
                0x00005a50        0x4 ./source/rtos/uCOSIII/src/uCOS-III/Source/os_cfg_app.o
                0x00005a50                OSCfg_TmrTaskRate_Hz
 .rodata.OSCfg_TmrTaskStkBasePtr
                0x00005a54        0x4 ./source/rtos/uCOSIII/src/uCOS-III/Source/os_cfg_app.o
                0x00005a54                OSCfg_TmrTaskStkBasePtr
 .rodata.OSCfg_TmrTaskStkLimit
                0x00005a58        0x4 ./source/rtos/uCOSIII/src/uCOS-III/Source/os_cfg_app.o
                0x00005a58                OSCfg_TmrTaskStkLimit
 .rodata.OSCfg_TmrTaskStkSize
                0x00005a5c        0x4 ./source/rtos/uCOSIII/src/uCOS-III/Source/os_cfg_app.o
                0x00005a5c                OSCfg_TmrTaskStkSize
 .rodata        0x00005a60       0x2a ./source/rtos/uCOSIII/src/uCOS-III/Source/os_core.o
 *fill*         0x00005a8a        0x2 ff
 .rodata.OSDbg_EndiannessTest
                0x00005a8c        0x4 ./source/rtos/uCOSIII/src/uCOS-III/Source/os_dbg.o
                0x00005a8c                OSDbg_EndiannessTest
 .rodata.OSDbg_FlagGrp
                0x00005a90       0x28 ./source/rtos/uCOSIII/src/uCOS-III/Source/os_dbg.o
                0x00005a90                OSDbg_FlagGrp
 .rodata.OSDbg_Mem
                0x00005ab8       0x20 ./source/rtos/uCOSIII/src/uCOS-III/Source/os_dbg.o
                0x00005ab8                OSDbg_Mem
 .rodata.OSDbg_Mutex
                0x00005ad8       0x30 ./source/rtos/uCOSIII/src/uCOS-III/Source/os_dbg.o
                0x00005ad8                OSDbg_Mutex
 .rodata.OSDbg_Q
                0x00005b08       0x30 ./source/rtos/uCOSIII/src/uCOS-III/Source/os_dbg.o
                0x00005b08                OSDbg_Q
 .rodata.OSDbg_Sem
                0x00005b38       0x28 ./source/rtos/uCOSIII/src/uCOS-III/Source/os_dbg.o
                0x00005b38                OSDbg_Sem
 .rodata.OSDbg_RdyListSize
                0x00005b60        0x4 ./source/rtos/uCOSIII/src/uCOS-III/Source/os_dbg.o
                0x00005b60                OSDbg_RdyListSize
 .rodata.OSDbg_Tmr
                0x00005b64       0x30 ./source/rtos/uCOSIII/src/uCOS-III/Source/os_dbg.o
                0x00005b64                OSDbg_Tmr
 .rodata.OSDbg_DataSize
                0x00005b94        0x4 ./source/rtos/uCOSIII/src/uCOS-III/Source/os_dbg.o
                0x00005b94                OSDbg_DataSize
 .rodata        0x00005b98        0xa ./source/rtos/uCOSIII/src/uCOS-III/Source/os_mutex.o
 *fill*         0x00005ba2        0x2 ff
 .rodata        0x00005ba4        0x6 ./source/rtos/uCOSIII/src/uCOS-III/Source/os_q.o
 *fill*         0x00005baa        0x2 ff
 .rodata        0x00005bac        0xa ./source/rtos/uCOSIII/src/uCOS-III/Source/os_sem.o
 *fill*         0x00005bb6        0x2 ff
 .rodata        0x00005bb8       0x14 ./source/rtos/uCOSIII/src/uCOS-III/Source/os_stat.o
 .rodata        0x00005bcc        0xa ./source/rtos/uCOSIII/src/uCOS-III/Source/os_task.o
 *fill*         0x00005bd6        0x2 ff
 .rodata        0x00005bd8       0x14 ./source/rtos/uCOSIII/src/uCOS-III/Source/os_tick.o
 .rodata        0x00005bec       0x2d ./source/rtos/uCOSIII/src/uCOS-III/Source/os_tmr.o
 *fill*         0x00005c19        0x3 ff
 .rodata        0x00005c1c       0x3f ./source/main.o
 *fill*         0x00005c5b        0x1 ff
 .rodata.OSCfg_MsgPoolSize
                0x00005c5c        0x2 ./source/rtos/uCOSIII/src/uCOS-III/Source/os_cfg_app.o
                0x00005c5c                OSCfg_MsgPoolSize
 .rodata.OSDbg_FlagGrpSize
                0x00005c5e        0x2 ./source/rtos/uCOSIII/src/uCOS-III/Source/os_dbg.o
                0x00005c5e                OSDbg_FlagGrpSize
 .rodata.OSDbg_FlagWidth
                0x00005c60        0x2 ./source/rtos/uCOSIII/src/uCOS-III/Source/os_dbg.o
                0x00005c60                OSDbg_FlagWidth
 .rodata.OSDbg_MemSize
                0x00005c62        0x2 ./source/rtos/uCOSIII/src/uCOS-III/Source/os_dbg.o
                0x00005c62                OSDbg_MemSize
 .rodata.OSDbg_MsgSize
                0x00005c64        0x2 ./source/rtos/uCOSIII/src/uCOS-III/Source/os_dbg.o
                0x00005c64                OSDbg_MsgSize
 .rodata.OSDbg_MsgPoolSize
                0x00005c66        0x2 ./source/rtos/uCOSIII/src/uCOS-III/Source/os_dbg.o
                0x00005c66                OSDbg_MsgPoolSize
 .rodata.OSDbg_MsgQSize
                0x00005c68        0x2 ./source/rtos/uCOSIII/src/uCOS-III/Source/os_dbg.o
                0x00005c68                OSDbg_MsgQSize
 .rodata.OSDbg_MutexSize
                0x00005c6a        0x2 ./source/rtos/uCOSIII/src/uCOS-III/Source/os_dbg.o
                0x00005c6a                OSDbg_MutexSize
 .rodata.OSDbg_PendDataSize
                0x00005c6c        0x2 ./source/rtos/uCOSIII/src/uCOS-III/Source/os_dbg.o
                0x00005c6c                OSDbg_PendDataSize
 .rodata.OSDbg_PendListSize
                0x00005c6e        0x2 ./source/rtos/uCOSIII/src/uCOS-III/Source/os_dbg.o
                0x00005c6e                OSDbg_PendListSize
 .rodata.OSDbg_PendObjSize
                0x00005c70        0x2 ./source/rtos/uCOSIII/src/uCOS-III/Source/os_dbg.o
                0x00005c70                OSDbg_PendObjSize
 .rodata.OSDbg_PrioMax
                0x00005c72        0x2 ./source/rtos/uCOSIII/src/uCOS-III/Source/os_dbg.o
                0x00005c72                OSDbg_PrioMax
 .rodata.OSDbg_PrioTblSize
                0x00005c74        0x2 ./source/rtos/uCOSIII/src/uCOS-III/Source/os_dbg.o
                0x00005c74                OSDbg_PrioTblSize
 .rodata.OSDbg_PtrSize
                0x00005c76        0x2 ./source/rtos/uCOSIII/src/uCOS-III/Source/os_dbg.o
                0x00005c76                OSDbg_PtrSize
 .rodata.OSDbg_QSize
                0x00005c78        0x2 ./source/rtos/uCOSIII/src/uCOS-III/Source/os_dbg.o
                0x00005c78                OSDbg_QSize
 .rodata.OSDbg_SemSize
                0x00005c7a        0x2 ./source/rtos/uCOSIII/src/uCOS-III/Source/os_dbg.o
                0x00005c7a                OSDbg_SemSize
 .rodata.OSDbg_RdyList
                0x00005c7c        0x2 ./source/rtos/uCOSIII/src/uCOS-III/Source/os_dbg.o
                0x00005c7c                OSDbg_RdyList
 .rodata.OSDbg_TaskRegTblSize
                0x00005c7e        0x2 ./source/rtos/uCOSIII/src/uCOS-III/Source/os_dbg.o
                0x00005c7e                OSDbg_TaskRegTblSize
 .rodata.OSDbg_TCBSize
                0x00005c80        0x2 ./source/rtos/uCOSIII/src/uCOS-III/Source/os_dbg.o
                0x00005c80                OSDbg_TCBSize
 .rodata.OSDbg_TickListSize
                0x00005c82        0x2 ./source/rtos/uCOSIII/src/uCOS-III/Source/os_dbg.o
                0x00005c82                OSDbg_TickListSize
 .rodata.OSDbg_TmrSize
                0x00005c84        0x2 ./source/rtos/uCOSIII/src/uCOS-III/Source/os_dbg.o
                0x00005c84                OSDbg_TmrSize
 .rodata.OSDbg_VersionNbr
                0x00005c86        0x2 ./source/rtos/uCOSIII/src/uCOS-III/Source/os_dbg.o
                0x00005c86                OSDbg_VersionNbr
 .rodata.OSCfg_StatTaskPrio
                0x00005c88        0x1 ./source/rtos/uCOSIII/src/uCOS-III/Source/os_cfg_app.o
                0x00005c88                OSCfg_StatTaskPrio
 .rodata.OSCfg_TickTaskPrio
                0x00005c89        0x1 ./source/rtos/uCOSIII/src/uCOS-III/Source/os_cfg_app.o
                0x00005c89                OSCfg_TickTaskPrio
 .rodata.OSCfg_TmrTaskPrio
                0x00005c8a        0x1 ./source/rtos/uCOSIII/src/uCOS-III/Source/os_cfg_app.o
                0x00005c8a                OSCfg_TmrTaskPrio
 .rodata.OSDbg_DbgEn
                0x00005c8b        0x1 ./source/rtos/uCOSIII/src/uCOS-III/Source/os_dbg.o
                0x00005c8b                OSDbg_DbgEn
 .rodata.OSDbg_ArgChkEn
                0x00005c8c        0x1 ./source/rtos/uCOSIII/src/uCOS-III/Source/os_dbg.o
                0x00005c8c                OSDbg_ArgChkEn
 .rodata.OSDbg_AppHooksEn
                0x00005c8d        0x1 ./source/rtos/uCOSIII/src/uCOS-III/Source/os_dbg.o
                0x00005c8d                OSDbg_AppHooksEn
 .rodata.OSDbg_CalledFromISRChkEn
                0x00005c8e        0x1 ./source/rtos/uCOSIII/src/uCOS-III/Source/os_dbg.o
                0x00005c8e                OSDbg_CalledFromISRChkEn
 .rodata.OSDbg_FlagEn
                0x00005c8f        0x1 ./source/rtos/uCOSIII/src/uCOS-III/Source/os_dbg.o
                0x00005c8f                OSDbg_FlagEn
 .rodata.OSDbg_FlagDelEn
                0x00005c90        0x1 ./source/rtos/uCOSIII/src/uCOS-III/Source/os_dbg.o
                0x00005c90                OSDbg_FlagDelEn
 .rodata.OSDbg_FlagModeClrEn
                0x00005c91        0x1 ./source/rtos/uCOSIII/src/uCOS-III/Source/os_dbg.o
                0x00005c91                OSDbg_FlagModeClrEn
 .rodata.OSDbg_FlagPendAbortEn
                0x00005c92        0x1 ./source/rtos/uCOSIII/src/uCOS-III/Source/os_dbg.o
                0x00005c92                OSDbg_FlagPendAbortEn
 .rodata.OSDbg_ISRPostDeferredEn
                0x00005c93        0x1 ./source/rtos/uCOSIII/src/uCOS-III/Source/os_dbg.o
                0x00005c93                OSDbg_ISRPostDeferredEn
 .rodata.OSDbg_MemEn
                0x00005c94        0x1 ./source/rtos/uCOSIII/src/uCOS-III/Source/os_dbg.o
                0x00005c94                OSDbg_MemEn
 .rodata.OSDbg_MsgEn
                0x00005c95        0x1 ./source/rtos/uCOSIII/src/uCOS-III/Source/os_dbg.o
                0x00005c95                OSDbg_MsgEn
 .rodata.OSDbg_MutexEn
                0x00005c96        0x1 ./source/rtos/uCOSIII/src/uCOS-III/Source/os_dbg.o
                0x00005c96                OSDbg_MutexEn
 .rodata.OSDbg_MutexDelEn
                0x00005c97        0x1 ./source/rtos/uCOSIII/src/uCOS-III/Source/os_dbg.o
                0x00005c97                OSDbg_MutexDelEn
 .rodata.OSDbg_MutexPendAbortEn
                0x00005c98        0x1 ./source/rtos/uCOSIII/src/uCOS-III/Source/os_dbg.o
                0x00005c98                OSDbg_MutexPendAbortEn
 .rodata.OSDbg_ObjTypeChkEn
                0x00005c99        0x1 ./source/rtos/uCOSIII/src/uCOS-III/Source/os_dbg.o
                0x00005c99                OSDbg_ObjTypeChkEn
 .rodata.OSDbg_PendMultiEn
                0x00005c9a        0x1 ./source/rtos/uCOSIII/src/uCOS-III/Source/os_dbg.o
                0x00005c9a                OSDbg_PendMultiEn
 .rodata.OSDbg_QEn
                0x00005c9b        0x1 ./source/rtos/uCOSIII/src/uCOS-III/Source/os_dbg.o
                0x00005c9b                OSDbg_QEn
 .rodata.OSDbg_QDelEn
                0x00005c9c        0x1 ./source/rtos/uCOSIII/src/uCOS-III/Source/os_dbg.o
                0x00005c9c                OSDbg_QDelEn
 .rodata.OSDbg_QFlushEn
                0x00005c9d        0x1 ./source/rtos/uCOSIII/src/uCOS-III/Source/os_dbg.o
                0x00005c9d                OSDbg_QFlushEn
 .rodata.OSDbg_QPendAbortEn
                0x00005c9e        0x1 ./source/rtos/uCOSIII/src/uCOS-III/Source/os_dbg.o
                0x00005c9e                OSDbg_QPendAbortEn
 .rodata.OSDbg_SchedRoundRobinEn
                0x00005c9f        0x1 ./source/rtos/uCOSIII/src/uCOS-III/Source/os_dbg.o
                0x00005c9f                OSDbg_SchedRoundRobinEn
 .rodata.OSDbg_SemEn
                0x00005ca0        0x1 ./source/rtos/uCOSIII/src/uCOS-III/Source/os_dbg.o
                0x00005ca0                OSDbg_SemEn
 .rodata.OSDbg_SemDelEn
                0x00005ca1        0x1 ./source/rtos/uCOSIII/src/uCOS-III/Source/os_dbg.o
                0x00005ca1                OSDbg_SemDelEn
 .rodata.OSDbg_SemPendAbortEn
                0x00005ca2        0x1 ./source/rtos/uCOSIII/src/uCOS-III/Source/os_dbg.o
                0x00005ca2                OSDbg_SemPendAbortEn
 .rodata.OSDbg_SemSetEn
                0x00005ca3        0x1 ./source/rtos/uCOSIII/src/uCOS-III/Source/os_dbg.o
                0x00005ca3                OSDbg_SemSetEn
 .rodata.OSDbg_StkWidth
                0x00005ca4        0x1 ./source/rtos/uCOSIII/src/uCOS-III/Source/os_dbg.o
                0x00005ca4                OSDbg_StkWidth
 .rodata.OSDbg_StatTaskEn
                0x00005ca5        0x1 ./source/rtos/uCOSIII/src/uCOS-III/Source/os_dbg.o
                0x00005ca5                OSDbg_StatTaskEn
 .rodata.OSDbg_StatTaskStkChkEn
                0x00005ca6        0x1 ./source/rtos/uCOSIII/src/uCOS-III/Source/os_dbg.o
                0x00005ca6                OSDbg_StatTaskStkChkEn
 .rodata.OSDbg_TaskChangePrioEn
                0x00005ca7        0x1 ./source/rtos/uCOSIII/src/uCOS-III/Source/os_dbg.o
                0x00005ca7                OSDbg_TaskChangePrioEn
 .rodata.OSDbg_TaskDelEn
                0x00005ca8        0x1 ./source/rtos/uCOSIII/src/uCOS-III/Source/os_dbg.o
                0x00005ca8                OSDbg_TaskDelEn
 .rodata.OSDbg_TaskQEn
                0x00005ca9        0x1 ./source/rtos/uCOSIII/src/uCOS-III/Source/os_dbg.o
                0x00005ca9                OSDbg_TaskQEn
 .rodata.OSDbg_TaskQPendAbortEn
                0x00005caa        0x1 ./source/rtos/uCOSIII/src/uCOS-III/Source/os_dbg.o
                0x00005caa                OSDbg_TaskQPendAbortEn
 .rodata.OSDbg_TaskProfileEn
                0x00005cab        0x1 ./source/rtos/uCOSIII/src/uCOS-III/Source/os_dbg.o
                0x00005cab                OSDbg_TaskProfileEn
 .rodata.OSDbg_TaskSemPendAbortEn
                0x00005cac        0x1 ./source/rtos/uCOSIII/src/uCOS-III/Source/os_dbg.o
                0x00005cac                OSDbg_TaskSemPendAbortEn
 .rodata.OSDbg_TaskSuspendEn
                0x00005cad        0x1 ./source/rtos/uCOSIII/src/uCOS-III/Source/os_dbg.o
                0x00005cad                OSDbg_TaskSuspendEn
 .rodata.OSDbg_TimeDlyHMSMEn
                0x00005cae        0x1 ./source/rtos/uCOSIII/src/uCOS-III/Source/os_dbg.o
                0x00005cae                OSDbg_TimeDlyHMSMEn
 .rodata.OSDbg_TimeDlyResumeEn
                0x00005caf        0x1 ./source/rtos/uCOSIII/src/uCOS-III/Source/os_dbg.o
                0x00005caf                OSDbg_TimeDlyResumeEn
 .rodata.OSDbg_TmrEn
                0x00005cb0        0x1 ./source/rtos/uCOSIII/src/uCOS-III/Source/os_dbg.o
                0x00005cb0                OSDbg_TmrEn
 .rodata.OSDbg_TmrDelEn
                0x00005cb1        0x1 ./source/rtos/uCOSIII/src/uCOS-III/Source/os_dbg.o
                0x00005cb1                OSDbg_TmrDelEn
                0x00005cb8                . = ALIGN (0x8)
 *fill*         0x00005cb2        0x6 ff

.glue_7         0x00005cb8        0x0
 .glue_7        0x00005cb8        0x0 linker stubs

.glue_7t        0x00005cb8        0x0
 .glue_7t       0x00005cb8        0x0 linker stubs

.vfp11_veneer   0x00005cb8        0x0
 .vfp11_veneer  0x00005cb8        0x0 linker stubs

.v4_bx          0x00005cb8        0x0
 .v4_bx         0x00005cb8        0x0 linker stubs

.iplt           0x00005cb8        0x0
 .iplt          0x00005cb8        0x0 ./source/rtos/uCOSIII/src/uCOS-III/Source/os_cfg_app.o

.rel.dyn        0x00005cb8        0x0
 .rel.iplt      0x00005cb8        0x0 ./source/rtos/uCOSIII/src/uCOS-III/Source/os_cfg_app.o

.ARM.extab
 *(SORT_BY_ALIGNMENT(.ARM.extab*) SORT_BY_ALIGNMENT(.gnu.linkonce.armextab.*))
                0x00005cb8                __exidx_start = .

.ARM.exidx
 *(SORT_BY_ALIGNMENT(.ARM.exidx*) SORT_BY_ALIGNMENT(.gnu.linkonce.armexidx.*))
                0x00005cb8                __exidx_end = .
                0x00005cb8                _etext = .

.m_usb_data
 *(SORT_BY_ALIGNMENT(m_usb_bdt))

.data_RAM2      0x1fff0000        0x0 load address 0x00005cb8
 FILL mask 0xff
                [!provide]                PROVIDE (__start_data_RAM2, .)
 *(SORT_BY_ALIGNMENT(.ramfunc.$RAM2))
 *(SORT_BY_ALIGNMENT(.ramfunc.$SRAM_LOWER))
 *(SORT_BY_ALIGNMENT(.data.$RAM2*))
 *(SORT_BY_ALIGNMENT(.data.$SRAM_LOWER*))
                0x1fff0000                . = ALIGN (0x8)
                [!provide]                PROVIDE (__end_data_RAM2, .)

.data_RAM3      0x14000000        0x0 load address 0x00005cb8
 FILL mask 0xff
                [!provide]                PROVIDE (__start_data_RAM3, .)
 *(SORT_BY_ALIGNMENT(.ramfunc.$RAM3))
 *(SORT_BY_ALIGNMENT(.ramfunc.$FLEX_RAM))
 *(SORT_BY_ALIGNMENT(.data.$RAM3*))
 *(SORT_BY_ALIGNMENT(.data.$FLEX_RAM*))
                0x14000000                . = ALIGN (0x8)
                [!provide]                PROVIDE (__end_data_RAM3, .)

.uninit_RESERVED
                0x20000000        0x0
 *(SORT_BY_ALIGNMENT(.bss.$RESERVED*))
                0x20000000                . = ALIGN (0x4)
                0x20000000                _end_uninit_RESERVED = .

.data           0x20000000        0x8 load address 0x00005cb8
 FILL mask 0xff
                0x20000000                _data = .
 *(SORT_BY_ALIGNMENT(vtable))
 *(SORT_BY_ALIGNMENT(.ramfunc*))
 *(SORT_BY_ALIGNMENT(.data*))
 .data.SystemCoreClock
                0x20000000        0x4 ./SDK/CMSIS/system_MK64F12.o
                0x20000000                SystemCoreClock
                0x20000008                . = ALIGN (0x8)
 *fill*         0x20000004        0x4 ff
                0x20000008                _edata = .

.igot.plt       0x20000008        0x0 load address 0x00005cc0
 .igot.plt      0x20000008        0x0 ./source/rtos/uCOSIII/src/uCOS-III/Source/os_cfg_app.o

.bss_RAM2       0x1fff0000        0x0
                [!provide]                PROVIDE (__start_bss_RAM2, .)
 *(SORT_BY_ALIGNMENT(.bss.$RAM2*))
 *(SORT_BY_ALIGNMENT(.bss.$SRAM_LOWER*))
                0x1fff0000                . = ALIGN ((. != 0x0)?0x8:0x1)
                [!provide]                PROVIDE (__end_bss_RAM2, .)

.bss_RAM3       0x14000000        0x0
                [!provide]                PROVIDE (__start_bss_RAM3, .)
 *(SORT_BY_ALIGNMENT(.bss.$RAM3*))
 *(SORT_BY_ALIGNMENT(.bss.$FLEX_RAM*))
                0x14000000                . = ALIGN ((. != 0x0)?0x8:0x1)
                [!provide]                PROVIDE (__end_bss_RAM3, .)

.bss            0x20000008     0x2860
                0x20000008                _bss = .
 *(SORT_BY_ALIGNMENT(.bss*))
 .bss.OSCfg_IdleTaskStk
                0x20000008      0x200 ./source/rtos/uCOSIII/src/uCOS-III/Source/os_cfg_app.o
                0x20000008                OSCfg_IdleTaskStk
 .bss.OSCfg_ISRStk
                0x20000208      0x200 ./source/rtos/uCOSIII/src/uCOS-III/Source/os_cfg_app.o
                0x20000208                OSCfg_ISRStk
 .bss.OSCfg_MsgPool
                0x20000408      0x640 ./source/rtos/uCOSIII/src/uCOS-III/Source/os_cfg_app.o
                0x20000408                OSCfg_MsgPool
 .bss.OSCfg_StatTaskStk
                0x20000a48      0x200 ./source/rtos/uCOSIII/src/uCOS-III/Source/os_cfg_app.o
                0x20000a48                OSCfg_StatTaskStk
 .bss.OSCfg_TickTaskStk
                0x20000c48      0x200 ./source/rtos/uCOSIII/src/uCOS-III/Source/os_cfg_app.o
                0x20000c48                OSCfg_TickTaskStk
 .bss.OSCfg_TmrTaskStk
                0x20000e48      0x200 ./source/rtos/uCOSIII/src/uCOS-III/Source/os_cfg_app.o
                0x20000e48                OSCfg_TmrTaskStk
 .bss.OSPrioTbl
                0x20001048        0x4 ./source/rtos/uCOSIII/src/uCOS-III/Source/os_prio.o
                0x20001048                OSPrioTbl
 .bss.OS_AppTaskCreateHookPtr
                0x2000104c        0x4 ./source/rtos/uCOSIII/src/uCOS-III/Source/os_var.o
                0x2000104c                OS_AppTaskCreateHookPtr
 .bss.OS_AppTaskDelHookPtr
                0x20001050        0x4 ./source/rtos/uCOSIII/src/uCOS-III/Source/os_var.o
                0x20001050                OS_AppTaskDelHookPtr
 .bss.OS_AppTaskReturnHookPtr
                0x20001054        0x4 ./source/rtos/uCOSIII/src/uCOS-III/Source/os_var.o
                0x20001054                OS_AppTaskReturnHookPtr
 .bss.OS_AppIdleTaskHookPtr
                0x20001058        0x4 ./source/rtos/uCOSIII/src/uCOS-III/Source/os_var.o
                0x20001058                OS_AppIdleTaskHookPtr
 .bss.OS_AppStatTaskHookPtr
                0x2000105c        0x4 ./source/rtos/uCOSIII/src/uCOS-III/Source/os_var.o
                0x2000105c                OS_AppStatTaskHookPtr
 .bss.OS_AppTaskSwHookPtr
                0x20001060        0x4 ./source/rtos/uCOSIII/src/uCOS-III/Source/os_var.o
                0x20001060                OS_AppTaskSwHookPtr
 .bss.OS_AppTimeTickHookPtr
                0x20001064        0x4 ./source/rtos/uCOSIII/src/uCOS-III/Source/os_var.o
                0x20001064                OS_AppTimeTickHookPtr
 .bss.OSIdleTaskCtr
                0x20001068        0x4 ./source/rtos/uCOSIII/src/uCOS-III/Source/os_var.o
                0x20001068                OSIdleTaskCtr
 .bss.OSIdleTaskTCB
                0x2000106c       0xc4 ./source/rtos/uCOSIII/src/uCOS-III/Source/os_var.o
                0x2000106c                OSIdleTaskTCB
 .bss.OSFlagDbgListPtr
                0x20001130        0x4 ./source/rtos/uCOSIII/src/uCOS-III/Source/os_var.o
                0x20001130                OSFlagDbgListPtr
 .bss.OSMemDbgListPtr
                0x20001134        0x4 ./source/rtos/uCOSIII/src/uCOS-III/Source/os_var.o
                0x20001134                OSMemDbgListPtr
 .bss.OSMsgPool
                0x20001138        0xc ./source/rtos/uCOSIII/src/uCOS-III/Source/os_var.o
                0x20001138                OSMsgPool
 .bss.OSMutexDbgListPtr
                0x20001144        0x4 ./source/rtos/uCOSIII/src/uCOS-III/Source/os_var.o
                0x20001144                OSMutexDbgListPtr
 .bss.OSQDbgListPtr
                0x20001148        0x4 ./source/rtos/uCOSIII/src/uCOS-III/Source/os_var.o
                0x20001148                OSQDbgListPtr
 .bss.OSRdyList
                0x2000114c      0x180 ./source/rtos/uCOSIII/src/uCOS-III/Source/os_var.o
                0x2000114c                OSRdyList
 .bss.OSSchedRoundRobinDfltTimeQuanta
                0x200012cc        0x4 ./source/rtos/uCOSIII/src/uCOS-III/Source/os_var.o
                0x200012cc                OSSchedRoundRobinDfltTimeQuanta
 .bss.OSSemDbgListPtr
                0x200012d0        0x4 ./source/rtos/uCOSIII/src/uCOS-III/Source/os_var.o
                0x200012d0                OSSemDbgListPtr
 .bss.OSStatTaskCtr
                0x200012d4        0x4 ./source/rtos/uCOSIII/src/uCOS-III/Source/os_var.o
                0x200012d4                OSStatTaskCtr
 .bss.OSStatTaskCtrMax
                0x200012d8        0x4 ./source/rtos/uCOSIII/src/uCOS-III/Source/os_var.o
                0x200012d8                OSStatTaskCtrMax
 .bss.OSStatTaskCtrRun
                0x200012dc        0x4 ./source/rtos/uCOSIII/src/uCOS-III/Source/os_var.o
                0x200012dc                OSStatTaskCtrRun
 .bss.OSStatTaskTCB
                0x200012e0       0xc4 ./source/rtos/uCOSIII/src/uCOS-III/Source/os_var.o
                0x200012e0                OSStatTaskTCB
 .bss.OSStatTaskTimeMax
                0x200013a4        0x4 ./source/rtos/uCOSIII/src/uCOS-III/Source/os_var.o
                0x200013a4                OSStatTaskTimeMax
 .bss.OSTaskCtxSwCtr
                0x200013a8        0x4 ./source/rtos/uCOSIII/src/uCOS-III/Source/os_var.o
                0x200013a8                OSTaskCtxSwCtr
 .bss.OSTaskDbgListPtr
                0x200013ac        0x4 ./source/rtos/uCOSIII/src/uCOS-III/Source/os_var.o
                0x200013ac                OSTaskDbgListPtr
 .bss.OSTickCtr
                0x200013b0        0x4 ./source/rtos/uCOSIII/src/uCOS-III/Source/os_var.o
                0x200013b0                OSTickCtr
 .bss.OSTickTaskTCB
                0x200013b4       0xc4 ./source/rtos/uCOSIII/src/uCOS-III/Source/os_var.o
                0x200013b4                OSTickTaskTCB
 .bss.OSTickTaskTimeMax
                0x20001478        0x4 ./source/rtos/uCOSIII/src/uCOS-III/Source/os_var.o
                0x20001478                OSTickTaskTimeMax
 .bss.OSTickListDly
                0x2000147c        0x8 ./source/rtos/uCOSIII/src/uCOS-III/Source/os_var.o
                0x2000147c                OSTickListDly
 .bss.OSTickListTimeout
                0x20001484        0x8 ./source/rtos/uCOSIII/src/uCOS-III/Source/os_var.o
                0x20001484                OSTickListTimeout
 .bss.OSTmrDbgListPtr
                0x2000148c        0x4 ./source/rtos/uCOSIII/src/uCOS-III/Source/os_var.o
                0x2000148c                OSTmrDbgListPtr
 .bss.OSTmrListPtr
                0x20001490        0x4 ./source/rtos/uCOSIII/src/uCOS-III/Source/os_var.o
                0x20001490                OSTmrListPtr
 .bss.OSTmrMutex
                0x20001494       0x30 ./source/rtos/uCOSIII/src/uCOS-III/Source/os_var.o
                0x20001494                OSTmrMutex
 .bss.OSTmrTaskTCB
                0x200014c4       0xc4 ./source/rtos/uCOSIII/src/uCOS-III/Source/os_var.o
                0x200014c4                OSTmrTaskTCB
 .bss.OSTmrTaskTimeMax
                0x20001588        0x4 ./source/rtos/uCOSIII/src/uCOS-III/Source/os_var.o
                0x20001588                OSTmrTaskTimeMax
 .bss.OSTmrTickCtr
                0x2000158c        0x4 ./source/rtos/uCOSIII/src/uCOS-III/Source/os_var.o
                0x2000158c                OSTmrTickCtr
 .bss.OSTmrUpdateCnt
                0x20001590        0x4 ./source/rtos/uCOSIII/src/uCOS-III/Source/os_var.o
                0x20001590                OSTmrUpdateCnt
 .bss.OSTmrUpdateCtr
                0x20001594        0x4 ./source/rtos/uCOSIII/src/uCOS-III/Source/os_var.o
                0x20001594                OSTmrUpdateCtr
 .bss.OSTCBCurPtr
                0x20001598        0x4 ./source/rtos/uCOSIII/src/uCOS-III/Source/os_var.o
                0x20001598                OSTCBCurPtr
 .bss.OSTCBHighRdyPtr
                0x2000159c        0x4 ./source/rtos/uCOSIII/src/uCOS-III/Source/os_var.o
                0x2000159c                OSTCBHighRdyPtr
 .bss.OS_CPU_ExceptStkBase
                0x200015a0        0x4 ./source/rtos/uCOSIII/src/uCOS-III/Ports/ARM-Cortex-M4/Generic/GNU/os_cpu_c.o
                0x200015a0                OS_CPU_ExceptStkBase
 .bss.CPU_TS_TmrFreq_Hz
                0x200015a4        0x4 ./source/rtos/uCOSIII/src/uC-CPU/cpu_core.o
                0x200015a4                CPU_TS_TmrFreq_Hz
 .bss.TaskStartTCB
                0x200015a8       0xc4 ./source/main.o
 .bss.TaskStartStk
                0x2000166c      0x800 ./source/main.o
 .bss.Task2TCB  0x20001e6c       0xc4 ./source/main.o
 .bss.Task2Stk  0x20001f30      0x400 ./source/main.o
 .bss.Task3TCB  0x20002330       0xc4 ./source/main.o
 .bss.Task3Stk  0x200023f4      0x400 ./source/main.o
 .bss.semTest   0x200027f4       0x28 ./source/main.o
 .bss.osqueue   0x2000281c       0x30 ./source/main.o
 .bss.OSFlagQty
                0x2000284c        0x2 ./source/rtos/uCOSIII/src/uCOS-III/Source/os_var.o
                0x2000284c                OSFlagQty
 .bss.OSMemQty  0x2000284e        0x2 ./source/rtos/uCOSIII/src/uCOS-III/Source/os_var.o
                0x2000284e                OSMemQty
 .bss.OSMutexQty
                0x20002850        0x2 ./source/rtos/uCOSIII/src/uCOS-III/Source/os_var.o
                0x20002850                OSMutexQty
 .bss.OSQQty    0x20002852        0x2 ./source/rtos/uCOSIII/src/uCOS-III/Source/os_var.o
                0x20002852                OSQQty
 .bss.OSSemQty  0x20002854        0x2 ./source/rtos/uCOSIII/src/uCOS-III/Source/os_var.o
                0x20002854                OSSemQty
 .bss.OSStatTaskCPUUsage
                0x20002856        0x2 ./source/rtos/uCOSIII/src/uCOS-III/Source/os_var.o
                0x20002856                OSStatTaskCPUUsage
 .bss.OSStatTaskCPUUsageMax
                0x20002858        0x2 ./source/rtos/uCOSIII/src/uCOS-III/Source/os_var.o
                0x20002858                OSStatTaskCPUUsageMax
 .bss.OSTaskQty
                0x2000285a        0x2 ./source/rtos/uCOSIII/src/uCOS-III/Source/os_var.o
                0x2000285a                OSTaskQty
 .bss.OSTmrListEntries
                0x2000285c        0x2 ./source/rtos/uCOSIII/src/uCOS-III/Source/os_var.o
                0x2000285c                OSTmrListEntries
 .bss.OSIntNestingCtr
                0x2000285e        0x1 ./source/rtos/uCOSIII/src/uCOS-III/Source/os_var.o
                0x2000285e                OSIntNestingCtr
 .bss.OSRunning
                0x2000285f        0x1 ./source/rtos/uCOSIII/src/uCOS-III/Source/os_var.o
                0x2000285f                OSRunning
 .bss.OSPrioCur
                0x20002860        0x1 ./source/rtos/uCOSIII/src/uCOS-III/Source/os_var.o
                0x20002860                OSPrioCur
 .bss.OSPrioHighRdy
                0x20002861        0x1 ./source/rtos/uCOSIII/src/uCOS-III/Source/os_var.o
                0x20002861                OSPrioHighRdy
 .bss.OSPrioSaved
                0x20002862        0x1 ./source/rtos/uCOSIII/src/uCOS-III/Source/os_var.o
                0x20002862                OSPrioSaved
 .bss.OSSchedLockNestingCtr
                0x20002863        0x1 ./source/rtos/uCOSIII/src/uCOS-III/Source/os_var.o
                0x20002863                OSSchedLockNestingCtr
 .bss.OSSchedRoundRobinEn
                0x20002864        0x1 ./source/rtos/uCOSIII/src/uCOS-III/Source/os_var.o
                0x20002864                OSSchedRoundRobinEn
 .bss.OSStatResetFlag
                0x20002865        0x1 ./source/rtos/uCOSIII/src/uCOS-III/Source/os_var.o
                0x20002865                OSStatResetFlag
 .bss.OSStatTaskRdy
                0x20002866        0x1 ./source/rtos/uCOSIII/src/uCOS-III/Source/os_var.o
                0x20002866                OSStatTaskRdy
 .bss.OSTaskRegNextAvailID
                0x20002867        0x1 ./source/rtos/uCOSIII/src/uCOS-III/Source/os_var.o
                0x20002867                OSTaskRegNextAvailID
 *(SORT_BY_ALIGNMENT(COMMON))
                0x20002868                . = ALIGN (0x8)
                0x20002868                _ebss = .
                [!provide]                PROVIDE (end, .)

.noinit_RAM2    0x1fff0000        0x0
 *(SORT_BY_ALIGNMENT(.noinit.$RAM2*))
 *(SORT_BY_ALIGNMENT(.noinit.$SRAM_LOWER*))
                0x1fff0000                . = ALIGN (0x8)

.noinit_RAM3    0x14000000        0x0
 *(SORT_BY_ALIGNMENT(.noinit.$RAM3*))
 *(SORT_BY_ALIGNMENT(.noinit.$FLEX_RAM*))
                0x14000000                . = ALIGN (0x8)

.noinit         0x20002868        0x0
                0x20002868                _noinit = .
 *(SORT_BY_ALIGNMENT(.noinit*))
                0x20002868                . = ALIGN (0x8)
                0x20002868                _end_noinit = .
                0x00001000                _HeapSize = 0x1000

.heap           0x20002868     0x1000
                0x20002868                _pvHeapStart = .
                0x20003868                . = (. + _HeapSize)
 *fill*         0x20002868     0x1000 
                0x20003868                . = ALIGN (0x8)
                0x20003868                _pvHeapLimit = .
                0x00001000                _StackSize = 0x1000

.heap2stackfill
                0x20003868     0x1000
                0x20004868                . = (. + _StackSize)
 *fill*         0x20003868     0x1000 

.stack          0x2002f000        0x0
                0x2002f000                _vStackBase = .
                0x2002f000                . = ALIGN (0x8)
                0x20030000                _vStackTop = (. + _StackSize)
                0x00000000                _image_start = LOADADDR (.text)
                0x00005cc0                _image_end = (LOADADDR (.data) + SIZEOF (.data))
                0x00005cc0                _image_size = (_image_end - _image_start)
OUTPUT(ucosiii_test_project.axf elf32-littlearm)

.debug_info     0x00000000    0x1d295
 .debug_info    0x00000000     0x131d ./source/rtos/uCOSIII/src/uCOS-III/Source/os_cfg_app.o
 .debug_info    0x0000131d     0x1f70 ./source/rtos/uCOSIII/src/uCOS-III/Source/os_core.o
 .debug_info    0x0000328d     0x160e ./source/rtos/uCOSIII/src/uCOS-III/Source/os_dbg.o
 .debug_info    0x0000489b     0x1a3e ./source/rtos/uCOSIII/src/uCOS-III/Source/os_flag.o
 .debug_info    0x000062d9     0x1729 ./source/rtos/uCOSIII/src/uCOS-III/Source/os_mem.o
 .debug_info    0x00007a02     0x173e ./source/rtos/uCOSIII/src/uCOS-III/Source/os_msg.o
 .debug_info    0x00009140     0x19af ./source/rtos/uCOSIII/src/uCOS-III/Source/os_mutex.o
 .debug_info    0x0000aaef     0x11da ./source/rtos/uCOSIII/src/uCOS-III/Source/os_prio.o
 .debug_info    0x0000bcc9     0x1a09 ./source/rtos/uCOSIII/src/uCOS-III/Source/os_q.o
 .debug_info    0x0000d6d2     0x19da ./source/rtos/uCOSIII/src/uCOS-III/Source/os_sem.o
 .debug_info    0x0000f0ac     0x173f ./source/rtos/uCOSIII/src/uCOS-III/Source/os_stat.o
 .debug_info    0x000107eb     0x1f71 ./source/rtos/uCOSIII/src/uCOS-III/Source/os_task.o
 .debug_info    0x0001275c     0x1833 ./source/rtos/uCOSIII/src/uCOS-III/Source/os_tick.o
 .debug_info    0x00013f8f     0x176e ./source/rtos/uCOSIII/src/uCOS-III/Source/os_time.o
 .debug_info    0x000156fd     0x19a4 ./source/rtos/uCOSIII/src/uCOS-III/Source/os_tmr.o
 .debug_info    0x000170a1     0x1233 ./source/rtos/uCOSIII/src/uCOS-III/Source/os_var.o
 .debug_info    0x000182d4       0x26 ./source/rtos/uCOSIII/src/uCOS-III/Ports/ARM-Cortex-M4/Generic/GNU/os_cpu_a.o
 .debug_info    0x000182fa     0x12a8 ./source/rtos/uCOSIII/src/uCOS-III/Ports/ARM-Cortex-M4/Generic/GNU/os_cpu_c.o
 .debug_info    0x000195a2       0x26 ./source/rtos/uCOSIII/src/uC-CPU/ARM-Cortex-M4/GNU/cpu_a.o
 .debug_info    0x000195c8      0x415 ./source/rtos/uCOSIII/src/uC-CPU/cpu_core.o
 .debug_info    0x000199dd      0x17e ./source/rtos/uCOSIII/BSP/cpu_bsp.o
 .debug_info    0x00019b5b     0x2249 ./source/main.o
 .debug_info    0x0001bda4      0x60a ./SDK/startup/hardware.o
 .debug_info    0x0001c3ae       0x3b ./SDK/startup/semihost_hardfault.o
 .debug_info    0x0001c3e9      0x8b0 ./SDK/startup/startup_mk64f12.o
 .debug_info    0x0001cc99      0x5fc ./SDK/CMSIS/system_MK64F12.o

.debug_abbrev   0x00000000     0x2668
 .debug_abbrev  0x00000000      0x11a ./source/rtos/uCOSIII/src/uCOS-III/Source/os_cfg_app.o
 .debug_abbrev  0x0000011a      0x1e3 ./source/rtos/uCOSIII/src/uCOS-III/Source/os_core.o
 .debug_abbrev  0x000002fd      0x11e ./source/rtos/uCOSIII/src/uCOS-III/Source/os_dbg.o
 .debug_abbrev  0x0000041b      0x205 ./source/rtos/uCOSIII/src/uCOS-III/Source/os_flag.o
 .debug_abbrev  0x00000620      0x1be ./source/rtos/uCOSIII/src/uCOS-III/Source/os_mem.o
 .debug_abbrev  0x000007de      0x1cb ./source/rtos/uCOSIII/src/uCOS-III/Source/os_msg.o
 .debug_abbrev  0x000009a9      0x205 ./source/rtos/uCOSIII/src/uCOS-III/Source/os_mutex.o
 .debug_abbrev  0x00000bae      0x16c ./source/rtos/uCOSIII/src/uCOS-III/Source/os_prio.o
 .debug_abbrev  0x00000d1a      0x205 ./source/rtos/uCOSIII/src/uCOS-III/Source/os_q.o
 .debug_abbrev  0x00000f1f      0x205 ./source/rtos/uCOSIII/src/uCOS-III/Source/os_sem.o
 .debug_abbrev  0x00001124      0x197 ./source/rtos/uCOSIII/src/uCOS-III/Source/os_stat.o
 .debug_abbrev  0x000012bb      0x203 ./source/rtos/uCOSIII/src/uCOS-III/Source/os_task.o
 .debug_abbrev  0x000014be      0x215 ./source/rtos/uCOSIII/src/uCOS-III/Source/os_tick.o
 .debug_abbrev  0x000016d3      0x1cb ./source/rtos/uCOSIII/src/uCOS-III/Source/os_time.o
 .debug_abbrev  0x0000189e      0x242 ./source/rtos/uCOSIII/src/uCOS-III/Source/os_tmr.o
 .debug_abbrev  0x00001ae0       0xf1 ./source/rtos/uCOSIII/src/uCOS-III/Source/os_var.o
 .debug_abbrev  0x00001bd1       0x14 ./source/rtos/uCOSIII/src/uCOS-III/Ports/ARM-Cortex-M4/Generic/GNU/os_cpu_a.o
 .debug_abbrev  0x00001be5      0x208 ./source/rtos/uCOSIII/src/uCOS-III/Ports/ARM-Cortex-M4/Generic/GNU/os_cpu_c.o
 .debug_abbrev  0x00001ded       0x14 ./source/rtos/uCOSIII/src/uC-CPU/ARM-Cortex-M4/GNU/cpu_a.o
 .debug_abbrev  0x00001e01      0x18d ./source/rtos/uCOSIII/src/uC-CPU/cpu_core.o
 .debug_abbrev  0x00001f8e       0xcf ./source/rtos/uCOSIII/BSP/cpu_bsp.o
 .debug_abbrev  0x0000205d      0x250 ./source/main.o
 .debug_abbrev  0x000022ad       0xf1 ./SDK/startup/hardware.o
 .debug_abbrev  0x0000239e       0x2f ./SDK/startup/semihost_hardfault.o
 .debug_abbrev  0x000023cd      0x15c ./SDK/startup/startup_mk64f12.o
 .debug_abbrev  0x00002529      0x13f ./SDK/CMSIS/system_MK64F12.o

.debug_aranges  0x00000000      0xbb8
 .debug_aranges
                0x00000000       0x20 ./source/rtos/uCOSIII/src/uCOS-III/Source/os_cfg_app.o
 .debug_aranges
                0x00000020      0x138 ./source/rtos/uCOSIII/src/uCOS-III/Source/os_core.o
 .debug_aranges
                0x00000158       0x20 ./source/rtos/uCOSIII/src/uCOS-III/Source/os_dbg.o
 .debug_aranges
                0x00000178       0x78 ./source/rtos/uCOSIII/src/uCOS-III/Source/os_flag.o
 .debug_aranges
                0x000001f0       0x40 ./source/rtos/uCOSIII/src/uCOS-III/Source/os_mem.o
 .debug_aranges
                0x00000230       0x40 ./source/rtos/uCOSIII/src/uCOS-III/Source/os_msg.o
 .debug_aranges
                0x00000270       0x78 ./source/rtos/uCOSIII/src/uCOS-III/Source/os_mutex.o
 .debug_aranges
                0x000002e8       0x38 ./source/rtos/uCOSIII/src/uCOS-III/Source/os_prio.o
 .debug_aranges
                0x00000320       0x70 ./source/rtos/uCOSIII/src/uCOS-III/Source/os_q.o
 .debug_aranges
                0x00000390       0x70 ./source/rtos/uCOSIII/src/uCOS-III/Source/os_sem.o
 .debug_aranges
                0x00000400       0x38 ./source/rtos/uCOSIII/src/uCOS-III/Source/os_stat.o
 .debug_aranges
                0x00000438       0xf0 ./source/rtos/uCOSIII/src/uCOS-III/Source/os_task.o
 .debug_aranges
                0x00000528       0x58 ./source/rtos/uCOSIII/src/uCOS-III/Source/os_tick.o
 .debug_aranges
                0x00000580       0x48 ./source/rtos/uCOSIII/src/uCOS-III/Source/os_time.o
 .debug_aranges
                0x000005c8       0x90 ./source/rtos/uCOSIII/src/uCOS-III/Source/os_tmr.o
 .debug_aranges
                0x00000658       0x18 ./source/rtos/uCOSIII/src/uCOS-III/Source/os_var.o
 .debug_aranges
                0x00000670       0x20 ./source/rtos/uCOSIII/src/uCOS-III/Ports/ARM-Cortex-M4/Generic/GNU/os_cpu_a.o
 .debug_aranges
                0x00000690       0x70 ./source/rtos/uCOSIII/src/uCOS-III/Ports/ARM-Cortex-M4/Generic/GNU/os_cpu_c.o
 .debug_aranges
                0x00000700       0x20 ./source/rtos/uCOSIII/src/uC-CPU/ARM-Cortex-M4/GNU/cpu_a.o
 .debug_aranges
                0x00000720       0x90 ./source/rtos/uCOSIII/src/uC-CPU/cpu_core.o
 .debug_aranges
                0x000007b0       0x30 ./source/rtos/uCOSIII/BSP/cpu_bsp.o
 .debug_aranges
                0x000007e0       0x38 ./source/main.o
 .debug_aranges
                0x00000818       0x20 ./SDK/startup/hardware.o
 .debug_aranges
                0x00000838       0x20 ./SDK/startup/semihost_hardfault.o
 .debug_aranges
                0x00000858      0x330 ./SDK/startup/startup_mk64f12.o
 .debug_aranges
                0x00000b88       0x30 ./SDK/CMSIS/system_MK64F12.o

.debug_ranges   0x00000000      0x9f0
 .debug_ranges  0x00000000       0x10 ./source/rtos/uCOSIII/src/uCOS-III/Source/os_cfg_app.o
 .debug_ranges  0x00000010      0x128 ./source/rtos/uCOSIII/src/uCOS-III/Source/os_core.o
 .debug_ranges  0x00000138       0x10 ./source/rtos/uCOSIII/src/uCOS-III/Source/os_dbg.o
 .debug_ranges  0x00000148       0x68 ./source/rtos/uCOSIII/src/uCOS-III/Source/os_flag.o
 .debug_ranges  0x000001b0       0x30 ./source/rtos/uCOSIII/src/uCOS-III/Source/os_mem.o
 .debug_ranges  0x000001e0       0x30 ./source/rtos/uCOSIII/src/uCOS-III/Source/os_msg.o
 .debug_ranges  0x00000210       0x68 ./source/rtos/uCOSIII/src/uCOS-III/Source/os_mutex.o
 .debug_ranges  0x00000278       0x28 ./source/rtos/uCOSIII/src/uCOS-III/Source/os_prio.o
 .debug_ranges  0x000002a0       0x60 ./source/rtos/uCOSIII/src/uCOS-III/Source/os_q.o
 .debug_ranges  0x00000300       0x60 ./source/rtos/uCOSIII/src/uCOS-III/Source/os_sem.o
 .debug_ranges  0x00000360       0x28 ./source/rtos/uCOSIII/src/uCOS-III/Source/os_stat.o
 .debug_ranges  0x00000388       0xe0 ./source/rtos/uCOSIII/src/uCOS-III/Source/os_task.o
 .debug_ranges  0x00000468       0x48 ./source/rtos/uCOSIII/src/uCOS-III/Source/os_tick.o
 .debug_ranges  0x000004b0       0x38 ./source/rtos/uCOSIII/src/uCOS-III/Source/os_time.o
 .debug_ranges  0x000004e8       0x80 ./source/rtos/uCOSIII/src/uCOS-III/Source/os_tmr.o
 .debug_ranges  0x00000568       0x60 ./source/rtos/uCOSIII/src/uCOS-III/Ports/ARM-Cortex-M4/Generic/GNU/os_cpu_c.o
 .debug_ranges  0x000005c8       0x80 ./source/rtos/uCOSIII/src/uC-CPU/cpu_core.o
 .debug_ranges  0x00000648       0x20 ./source/rtos/uCOSIII/BSP/cpu_bsp.o
 .debug_ranges  0x00000668       0x28 ./source/main.o
 .debug_ranges  0x00000690       0x10 ./SDK/startup/hardware.o
 .debug_ranges  0x000006a0       0x10 ./SDK/startup/semihost_hardfault.o
 .debug_ranges  0x000006b0      0x320 ./SDK/startup/startup_mk64f12.o
 .debug_ranges  0x000009d0       0x20 ./SDK/CMSIS/system_MK64F12.o

.debug_macro    0x00000000    0x13a9b
 .debug_macro   0x00000000       0xa0 ./source/rtos/uCOSIII/src/uCOS-III/Source/os_cfg_app.o
 .debug_macro   0x000000a0      0xa5a ./source/rtos/uCOSIII/src/uCOS-III/Source/os_cfg_app.o
 .debug_macro   0x00000afa       0x64 ./source/rtos/uCOSIII/src/uCOS-III/Source/os_cfg_app.o
 .debug_macro   0x00000b5e       0x10 ./source/rtos/uCOSIII/src/uCOS-III/Source/os_cfg_app.o
 .debug_macro   0x00000b6e      0x112 ./source/rtos/uCOSIII/src/uCOS-III/Source/os_cfg_app.o
 .debug_macro   0x00000c80       0x10 ./source/rtos/uCOSIII/src/uCOS-III/Source/os_cfg_app.o
 .debug_macro   0x00000c90       0x69 ./source/rtos/uCOSIII/src/uCOS-III/Source/os_cfg_app.o
 .debug_macro   0x00000cf9       0x3d ./source/rtos/uCOSIII/src/uCOS-III/Source/os_cfg_app.o
 .debug_macro   0x00000d36      0x42c ./source/rtos/uCOSIII/src/uCOS-III/Source/os_cfg_app.o
 .debug_macro   0x00001162      0x5f8 ./source/rtos/uCOSIII/src/uCOS-III/Source/os_cfg_app.o
 .debug_macro   0x0000175a       0x3c ./source/rtos/uCOSIII/src/uCOS-III/Source/os_cfg_app.o
 .debug_macro   0x00001796       0x35 ./source/rtos/uCOSIII/src/uCOS-III/Source/os_cfg_app.o
 .debug_macro   0x000017cb      0x2be ./source/rtos/uCOSIII/src/uCOS-III/Source/os_cfg_app.o
 .debug_macro   0x00001a89       0x79 ./source/rtos/uCOSIII/src/uCOS-III/Source/os_core.o
 .debug_macro   0x00001b02       0x79 ./source/rtos/uCOSIII/src/uCOS-III/Source/os_dbg.o
 .debug_macro   0x00001b7b       0x79 ./source/rtos/uCOSIII/src/uCOS-III/Source/os_flag.o
 .debug_macro   0x00001bf4       0x79 ./source/rtos/uCOSIII/src/uCOS-III/Source/os_mem.o
 .debug_macro   0x00001c6d       0x79 ./source/rtos/uCOSIII/src/uCOS-III/Source/os_msg.o
 .debug_macro   0x00001ce6       0x79 ./source/rtos/uCOSIII/src/uCOS-III/Source/os_mutex.o
 .debug_macro   0x00001d5f       0x79 ./source/rtos/uCOSIII/src/uCOS-III/Source/os_prio.o
 .debug_macro   0x00001dd8       0x79 ./source/rtos/uCOSIII/src/uCOS-III/Source/os_q.o
 .debug_macro   0x00001e51       0x79 ./source/rtos/uCOSIII/src/uCOS-III/Source/os_sem.o
 .debug_macro   0x00001eca       0x79 ./source/rtos/uCOSIII/src/uCOS-III/Source/os_stat.o
 .debug_macro   0x00001f43       0x79 ./source/rtos/uCOSIII/src/uCOS-III/Source/os_task.o
 .debug_macro   0x00001fbc       0x79 ./source/rtos/uCOSIII/src/uCOS-III/Source/os_tick.o
 .debug_macro   0x00002035       0x79 ./source/rtos/uCOSIII/src/uCOS-III/Source/os_time.o
 .debug_macro   0x000020ae       0x85 ./source/rtos/uCOSIII/src/uCOS-III/Source/os_tmr.o
 .debug_macro   0x00002133       0x7f ./source/rtos/uCOSIII/src/uCOS-III/Source/os_var.o
 .debug_macro   0x000021b2      0x2be ./source/rtos/uCOSIII/src/uCOS-III/Source/os_var.o
 .debug_macro   0x00002470       0x79 ./source/rtos/uCOSIII/src/uCOS-III/Ports/ARM-Cortex-M4/Generic/GNU/os_cpu_c.o
 .debug_macro   0x000024e9       0x35 ./source/rtos/uCOSIII/src/uCOS-III/Ports/ARM-Cortex-M4/Generic/GNU/os_cpu_c.o
 .debug_macro   0x0000251e       0x55 ./source/rtos/uCOSIII/src/uC-CPU/cpu_core.o
 .debug_macro   0x00002573       0x10 ./source/rtos/uCOSIII/src/uC-CPU/cpu_core.o
 .debug_macro   0x00002583       0x8f ./source/rtos/uCOSIII/BSP/cpu_bsp.o
 .debug_macro   0x00002612      0x34e ./source/rtos/uCOSIII/BSP/cpu_bsp.o
 .debug_macro   0x00002960       0x42 ./source/rtos/uCOSIII/BSP/cpu_bsp.o
 .debug_macro   0x000029a2      0x27c ./source/main.o
 .debug_macro   0x00002c1e       0x22 ./source/main.o
 .debug_macro   0x00002c40       0x10 ./source/main.o
 .debug_macro   0x00002c50       0x5c ./source/main.o
 .debug_macro   0x00002cac       0x1c ./source/main.o
 .debug_macro   0x00002cc8       0x22 ./source/main.o
 .debug_macro   0x00002cea       0xdf ./source/main.o
 .debug_macro   0x00002dc9      0xecf ./source/main.o
 .debug_macro   0x00003c98       0x48 ./source/main.o
 .debug_macro   0x00003ce0     0xe07b ./source/main.o
 .debug_macro   0x00011d5b     0x122b ./source/main.o
 .debug_macro   0x00012f86       0x17 ./source/main.o
 .debug_macro   0x00012f9d       0x22 ./source/main.o
 .debug_macro   0x00012fbf       0x52 ./source/main.o
 .debug_macro   0x00013011       0x8d ./source/main.o
 .debug_macro   0x0001309e       0x35 ./source/main.o
 .debug_macro   0x000130d3       0x9c ./source/main.o
 .debug_macro   0x0001316f       0x16 ./source/main.o