Archive member included to satisfy reference by file (symbol)

c:/nxp/mcuxpressoide_10.2.0_759/ide/tools/bin/../lib/gcc/arm-none-eabi/7.2.1/../../../../arm-none-eabi/lib/thumb/v7e-m/fpv4-sp/hard\libcr_c.a(memcpy.o)
                              ./source/buffer.o (memcpy)
c:/nxp/mcuxpressoide_10.2.0_759/ide/tools/bin/../lib/gcc/arm-none-eabi/7.2.1/../../../../arm-none-eabi/lib/thumb/v7e-m/fpv4-sp/hard\libcr_c.a(memcmp.o)
                              ./source/ServerData.o (memcmp)
c:/nxp/mcuxpressoide_10.2.0_759/ide/tools/bin/../lib/gcc/arm-none-eabi/7.2.1/thumb/v7e-m/fpv4-sp/hard\libcr_eabihelpers.a(division_64.o)
                              ./source/rtos/uCOSIII/BSP/cpu_bsp.o (__aeabi_uldivmod)
c:/nxp/mcuxpressoide_10.2.0_759/ide/tools/bin/../lib/gcc/arm-none-eabi/7.2.1/thumb/v7e-m/fpv4-sp/hard\libcr_eabihelpers.a(division_idiv0.o)
                              c:/nxp/mcuxpressoide_10.2.0_759/ide/tools/bin/../lib/gcc/arm-none-eabi/7.2.1/thumb/v7e-m/fpv4-sp/hard\libcr_eabihelpers.a(division_64.o) (__aeabi_idiv0)
c:/nxp/mcuxpressoide_10.2.0_759/ide/tools/bin/../lib/gcc/arm-none-eabi/7.2.1/thumb/v7e-m/fpv4-sp/hard\libcr_eabihelpers.a(memcpy.o)
                              c:/nxp/mcuxpressoide_10.2.0_759/ide/tools/bin/../lib/gcc/arm-none-eabi/7.2.1/../../../../arm-none-eabi/lib/thumb/v7e-m/fpv4-sp/hard\libcr_c.a(memcpy.o) (__aeabi_memcpy)

Discarded input sections

 .group         0x00000000        0xc ./source/rtos/uCOSIII/src/uCOS-III/Source/os_cfg_app.o
 .group         0x00000000        0xc ./source/rtos/uCOSIII/src/uCOS-III/Source/os_cfg_app.o
 .group         0x00000000        0xc ./source/rtos/uCOSIII/src/uCOS-III/Source/os_cfg_app.o
 .group         0x00000000        0xc ./source/rtos/uCOSIII/src/uCOS-III/Source/os_cfg_app.o
 .group         0x00000000        0xc ./source/rtos/uCOSIII/src/uCOS-III/Source/os_cfg_app.o
 .group         0x00000000        0xc ./source/rtos/uCOSIII/src/uCOS-III/Source/os_cfg_app.o
 .group         0x00000000        0xc ./source/rtos/uCOSIII/src/uCOS-III/Source/os_cfg_app.o
 .group         0x00000000        0xc ./source/rtos/uCOSIII/src/uCOS-III/Source/os_cfg_app.o
 .group         0x00000000        0xc ./source/rtos/uCOSIII/src/uCOS-III/Source/os_cfg_app.o
 .group         0x00000000        0xc ./source/rtos/uCOSIII/src/uCOS-III/Source/os_cfg_app.o
 .group         0x00000000        0xc ./source/rtos/uCOSIII/src/uCOS-III/Source/os_cfg_app.o
 .group         0x00000000        0xc ./source/rtos/uCOSIII/src/uCOS-III/Source/os_cfg_app.o
 .text          0x00000000        0x0 ./source/rtos/uCOSIII/src/uCOS-III/Source/os_cfg_app.o
 .data          0x00000000        0x0 ./source/rtos/uCOSIII/src/uCOS-III/Source/os_cfg_app.o
 .bss           0x00000000        0x0 ./source/rtos/uCOSIII/src/uCOS-III/Source/os_cfg_app.o
 .rodata.OSCfg_IdleTaskStkSizeRAM
                0x00000000        0x4 ./source/rtos/uCOSIII/src/uCOS-III/Source/os_cfg_app.o
 .rodata.OSCfg_IntQBasePtr
                0x00000000        0x4 ./source/rtos/uCOSIII/src/uCOS-III/Source/os_cfg_app.o
 .rodata.OSCfg_IntQSize
                0x00000000        0x2 ./source/rtos/uCOSIII/src/uCOS-III/Source/os_cfg_app.o
 .rodata.OSCfg_IntQSizeRAM
                0x00000000        0x4 ./source/rtos/uCOSIII/src/uCOS-III/Source/os_cfg_app.o
 .rodata.OSCfg_IntQTaskStkBasePtr
                0x00000000        0x4 ./source/rtos/uCOSIII/src/uCOS-III/Source/os_cfg_app.o
 .rodata.OSCfg_IntQTaskStkLimit
                0x00000000        0x4 ./source/rtos/uCOSIII/src/uCOS-III/Source/os_cfg_app.o
 .rodata.OSCfg_IntQTaskStkSize
                0x00000000        0x4 ./source/rtos/uCOSIII/src/uCOS-III/Source/os_cfg_app.o
 .rodata.OSCfg_IntQTaskStkSizeRAM
                0x00000000        0x4 ./source/rtos/uCOSIII/src/uCOS-III/Source/os_cfg_app.o
 .rodata.OSCfg_ISRStkSizeRAM
                0x00000000        0x4 ./source/rtos/uCOSIII/src/uCOS-III/Source/os_cfg_app.o
 .rodata.OSCfg_MsgPoolSizeRAM
                0x00000000        0x4 ./source/rtos/uCOSIII/src/uCOS-III/Source/os_cfg_app.o
 .rodata.OSCfg_StatTaskStkSizeRAM
                0x00000000        0x4 ./source/rtos/uCOSIII/src/uCOS-III/Source/os_cfg_app.o
 .rodata.OSCfg_TickTaskStkSizeRAM
                0x00000000        0x4 ./source/rtos/uCOSIII/src/uCOS-III/Source/os_cfg_app.o
 .rodata.OSCfg_TmrTaskStkSizeRAM
                0x00000000        0x4 ./source/rtos/uCOSIII/src/uCOS-III/Source/os_cfg_app.o
 .rodata.OSCfg_DataSizeRAM
                0x00000000        0x4 ./source/rtos/uCOSIII/src/uCOS-III/Source/os_cfg_app.o
 .group         0x00000000        0xc ./source/rtos/uCOSIII/src/uCOS-III/Source/os_core.o
 .group         0x00000000        0xc ./source/rtos/uCOSIII/src/uCOS-III/Source/os_core.o
 .group         0x00000000        0xc ./source/rtos/uCOSIII/src/uCOS-III/Source/os_core.o
 .group         0x00000000        0xc ./source/rtos/uCOSIII/src/uCOS-III/Source/os_core.o
 .group         0x00000000        0xc ./source/rtos/uCOSIII/src/uCOS-III/Source/os_core.o
[...]
Memory Configuration

Name             Origin             Length             Attributes
PROGRAM_FLASH    0x00000000         0x00100000         xr
SRAM_UPPER       0x20000000         0x00030000         xrw
SRAM_LOWER       0x1fff0000         0x00010000         xrw
FLEX_RAM         0x14000000         0x00001000         xrw
*default*        0x00000000         0xffffffff

Linker script and memory map

LOAD ./source/rtos/uCOSIII/src/uCOS-III/Source/os_cfg_app.o
LOAD ./source/rtos/uCOSIII/src/uCOS-III/Source/os_core.o
LOAD ./source/rtos/uCOSIII/src/uCOS-III/Source/os_dbg.o
LOAD ./source/rtos/uCOSIII/src/uCOS-III/Source/os_flag.o
LOAD ./source/rtos/uCOSIII/src/uCOS-III/Source/os_int.o
LOAD ./source/rtos/uCOSIII/src/uCOS-III/Source/os_mem.o
LOAD ./source/rtos/uCOSIII/src/uCOS-III/Source/os_msg.o
LOAD ./source/rtos/uCOSIII/src/uCOS-III/Source/os_mutex.o
LOAD ./source/rtos/uCOSIII/src/uCOS-III/Source/os_pend_multi.o
LOAD ./source/rtos/uCOSIII/src/uCOS-III/Source/os_prio.o
LOAD ./source/rtos/uCOSIII/src/uCOS-III/Source/os_q.o
LOAD ./source/rtos/uCOSIII/src/uCOS-III/Source/os_sem.o
LOAD ./source/rtos/uCOSIII/src/uCOS-III/Source/os_stat.o
LOAD ./source/rtos/uCOSIII/src/uCOS-III/Source/os_task.o
LOAD ./source/rtos/uCOSIII/src/uCOS-III/Source/os_tick.o
LOAD ./source/rtos/uCOSIII/src/uCOS-III/Source/os_time.o
LOAD ./source/rtos/uCOSIII/src/uCOS-III/Source/os_tmr.o
LOAD ./source/rtos/uCOSIII/src/uCOS-III/Source/os_var.o
LOAD ./source/rtos/uCOSIII/src/uCOS-III/Ports/ARM-Cortex-M4/Generic/GNU/os_cpu_a.o
LOAD ./source/rtos/uCOSIII/src/uCOS-III/Ports/ARM-Cortex-M4/Generic/GNU/os_cpu_c.o
LOAD ./source/rtos/uCOSIII/src/uC-CPU/ARM-Cortex-M4/GNU/cpu_a.o
LOAD ./source/rtos/uCOSIII/src/uC-CPU/ARM-Cortex-M4/GNU/cpu_c.o
LOAD ./source/rtos/uCOSIII/src/uC-CPU/cpu_core.o
LOAD ./source/rtos/uCOSIII/BSP/cpu_bsp.o
LOAD ./source/EncProcess.o
LOAD ./source/ServerData.o
LOAD ./source/app.o
LOAD ./source/buffer.o
LOAD ./source/display.o
LOAD ./source/encoder.o
LOAD ./source/ledControl.o
LOAD ./source/main.o
LOAD ./source/portpin.o
LOAD ./SDK/startup/hardware.o
LOAD ./SDK/startup/semihost_hardfault.o
LOAD ./SDK/startup/startup_mk64f12.o
LOAD ./SDK/CMSIS/system_MK64F12.o
START GROUP
LOAD c:/nxp/mcuxpressoide_10.2.0_759/ide/tools/bin/../lib/gcc/arm-none-eabi/7.2.1/../../../../arm-none-eabi/lib/thumb/v7e-m/fpv4-sp/hard\libcr_c.a
LOAD c:/nxp/mcuxpressoide_10.2.0_759/ide/tools/bin/../lib/gcc/arm-none-eabi/7.2.1/thumb/v7e-m/fpv4-sp/hard\libcr_eabihelpers.a
END GROUP
                0x00000000                __base_PROGRAM_FLASH = 0x0
                0x00000000                __base_Flash = 0x0
                0x00100000                __top_PROGRAM_FLASH = 0x100000
                0x00100000                __top_Flash = 0x100000
                0x20000000                __base_SRAM_UPPER = 0x20000000
                0x20000000                __base_RAM = 0x20000000
                0x20030000                __top_SRAM_UPPER = 0x20030000
                0x20030000                __top_RAM = 0x20030000
                0x1fff0000                __base_SRAM_LOWER = 0x1fff0000
                0x1fff0000                __base_RAM2 = 0x1fff0000
                0x20000000                __top_SRAM_LOWER = 0x20000000
                0x20000000                __top_RAM2 = 0x20000000
                0x14000000                __base_FLEX_RAM = 0x14000000
                0x14000000                __base_RAM3 = 0x14000000
                0x14001000                __top_FLEX_RAM = 0x14001000
                0x14001000                __top_RAM3 = 0x14001000

.text           0x00000000     0x7898
 FILL mask 0xff
                0x00000000                __vectors_start__ = ABSOLUTE (.)
 *(SORT_BY_ALIGNMENT(.isr_vector))
 .isr_vector    0x00000000      0x198 ./SDK/startup/startup_mk64f12.o
                0x00000000                g_pfnVectors
                0x00000000                __Vectors
                0x00000198                . = ALIGN (0x4)
                0x00000198                __section_table_start = .
                0x00000198                __data_section_table = .
                0x00000198        0x4 LONG 0x7898 LOADADDR (.data)
                0x0000019c        0x4 LONG 0x20000000 ADDR (.data)
                0x000001a0        0x4 LONG 0x88 SIZEOF (.data)
                0x000001a4        0x4 LONG 0x7898 LOADADDR (.data_RAM2)
                0x000001a8        0x4 LONG 0x1fff0000 ADDR (.data_RAM2)
                0x000001ac        0x4 LONG 0x0 SIZEOF (.data_RAM2)
                0x000001b0        0x4 LONG 0x7898 LOADADDR (.data_RAM3)
                0x000001b4        0x4 LONG 0x14000000 ADDR (.data_RAM3)
                0x000001b8        0x4 LONG 0x0 SIZEOF (.data_RAM3)
                0x000001bc                __data_section_table_end = .
                0x000001bc                __bss_section_table = .
                0x000001bc        0x4 LONG 0x20000088 ADDR (.bss)
                0x000001c0        0x4 LONG 0x5b10 SIZEOF (.bss)
                0x000001c4        0x4 LONG 0x1fff0000 ADDR (.bss_RAM2)
                0x000001c8        0x4 LONG 0x0 SIZEOF (.bss_RAM2)
                0x000001cc        0x4 LONG 0x14000000 ADDR (.bss_RAM3)
                0x000001d0        0x4 LONG 0x0 SIZEOF (.bss_RAM3)
                0x000001d4                __bss_section_table_end = .
                0x000001d4                __section_table_end = .
 *(SORT_BY_ALIGNMENT(.after_vectors*))
 .after_vectors.reset
                0x000001d4       0x4c ./SDK/startup/startup_mk64f12.o
                0x000001d4                ResetISR
 .after_vectors.init_data
                0x00000220       0x1e ./SDK/startup/startup_mk64f12.o
                0x00000220                data_init
 .after_vectors.init_bss
                0x0000023e       0x12 ./SDK/startup/startup_mk64f12.o
                0x0000023e                bss_init
 .after_vectors
                0x00000250       0x14 ./SDK/startup/startup_mk64f12.o
                0x00000250                NMI_Handler
                0x00000254                MemManage_Handler
                0x00000256                BusFault_Handler
                0x00000258                UsageFault_Handler
                0x0000025a                SVC_Handler
                0x0000025c                DebugMon_Handler
                0x00000262                DMA_Error_DriverIRQHandler
                0x00000262                LPTMR0_DriverIRQHandler
                0x00000262                FTM1_DriverIRQHandler
                0x00000262                FTM2_DriverIRQHandler
                0x00000262                PIT2_DriverIRQHandler
                0x00000262                SDHC_DriverIRQHandler
                0x00000262                I2S0_Tx_DriverIRQHandler
                0x00000262                RTC_Seconds_DriverIRQHandler
                0x00000262                DMA6_DriverIRQHandler
                0x00000262                LLWU_DriverIRQHandler
                0x00000262                MCM_DriverIRQHandler
                0x00000262                MCG_DriverIRQHandler
                0x00000262                ENET_1588_Timer_DriverIRQHandler
                0x00000262                I2C2_DriverIRQHandler
                0x00000262                DAC1_DriverIRQHandler
                0x00000262                SPI1_DriverIRQHandler
                0x00000262                CMP1_DriverIRQHandler
                0x00000262                UART5_RX_TX_DriverIRQHandler
                0x00000262                FTM0_DriverIRQHandler
                0x00000262                IntDefaultHandler
                0x00000262                USB0_DriverIRQHandler
                0x00000262                UART5_ERR_DriverIRQHandler
                0x00000262                PORTC_DriverIRQHandler
                0x00000262                DMA11_DriverIRQHandler
                0x00000262                DAC0_DriverIRQHandler
                0x00000262                DMA10_DriverIRQHandler
                0x00000262                CMP2_DriverIRQHandler
                0x00000262                UART2_ERR_DriverIRQHandler
                0x00000262                SPI2_DriverIRQHandler
                0x00000262                LVD_LVW_DriverIRQHandler
                0x00000262                PIT0_DriverIRQHandler
                0x00000262                RNG_DriverIRQHandler
                0x00000262                DMA5_DriverIRQHandler
                0x00000262                DMA12_DriverIRQHandler
                0x00000262                UART2_RX_TX_DriverIRQHandler
                0x00000262                USBDCD_DriverIRQHandler
                0x00000262                UART3_ERR_DriverIRQHandler
                0x00000262                DMA3_DriverIRQHandler
                0x00000262                DMA8_DriverIRQHandler
                0x00000262                DMA9_DriverIRQHandler
                0x00000262                UART0_ERR_DriverIRQHandler
                0x00000262                CMT_DriverIRQHandler
                0x00000262                Reserved71_DriverIRQHandler
                0x00000262                ADC1_DriverIRQHandler
                0x00000262                PORTA_DriverIRQHandler
                0x00000262                DMA14_DriverIRQHandler
                0x00000262                PIT3_DriverIRQHandler
                0x00000262                PIT1_DriverIRQHandler
                0x00000262                WDOG_EWM_DriverIRQHandler
                0x00000262                PDB0_DriverIRQHandler
                0x00000262                RTC_DriverIRQHandler
                0x00000262                I2S0_Rx_DriverIRQHandler
                0x00000262                Read_Collision_DriverIRQHandler
                0x00000262                SWI_DriverIRQHandler
                0x00000262                UART4_RX_TX_DriverIRQHandler
                0x00000262                UART4_ERR_DriverIRQHandler
                0x00000262                PORTB_DriverIRQHandler
                0x00000262                UART0_LON_DriverIRQHandler
                0x00000262                DMA0_DriverIRQHandler
                0x00000262                DMA1_DriverIRQHandler
                0x00000262                I2C1_DriverIRQHandler
                0x00000262                UART3_RX_TX_DriverIRQHandler
                0x00000262                ENET_Receive_DriverIRQHandler
                0x00000262                DMA13_DriverIRQHandler
                0x00000262                ENET_Error_DriverIRQHandler
                0x00000262                DMA15_DriverIRQHandler
                0x00000262                UART0_RX_TX_DriverIRQHandler
                0x00000262                SPI0_DriverIRQHandler
                0x00000262                ADC0_DriverIRQHandler
                0x00000262                CMP0_DriverIRQHandler
                0x00000262                CAN0_DriverIRQHandler
                0x00000262                FTM3_DriverIRQHandler
                0x00000262                DMA4_DriverIRQHandler
                0x00000262                UART1_ERR_DriverIRQHandler
                0x00000262                DMA2_DriverIRQHandler
                0x00000262                ENET_Transmit_DriverIRQHandler
                0x00000262                PORTD_DriverIRQHandler
                0x00000262                PORTE_DriverIRQHandler
                0x00000262                FTFE_DriverIRQHandler
                0x00000262                I2C0_DriverIRQHandler
                0x00000262                DMA7_DriverIRQHandler
                0x00000262                UART1_RX_TX_DriverIRQHandler
                0x00000400                . = 0x400
 *fill*         0x00000264      0x19c ff
                0x00000400                PROVIDE (__FLASH_CONFIG_START__, .)
 *(SORT_BY_ALIGNMENT(.FlashConfig))
 .FlashConfig   0x00000400       0x10 ./SDK/startup/startup_mk64f12.o
                0x00000400                Flash_Config
                0x00000410                PROVIDE (__FLASH_CONFIG_END__, .)
                0x00000001                ASSERT (! ((__FLASH_CONFIG_START__ == __FLASH_CONFIG_END__)), Linker Flash Config Support Enabled, but no .FlashConfig section provided within application)
 *(SORT_BY_ALIGNMENT(.text*))
 .text.OSInit   0x00000410      0x1ec ./source/rtos/uCOSIII/src/uCOS-III/Source/os_core.o
                0x00000410                OSInit
 .text.OSIntEnter
                0x000005fc       0x38 ./source/rtos/uCOSIII/src/uCOS-III/Source/os_core.o
                0x000005fc                OSIntEnter
 .text.OSIntExit
                0x00000634       0xd8 ./source/rtos/uCOSIII/src/uCOS-III/Source/os_core.o
                0x00000634                OSIntExit
 .text.OSSched  0x0000070c       0xa8 ./source/rtos/uCOSIII/src/uCOS-III/Source/os_core.o
                0x0000070c                OSSched
 .text.OSSchedLock
                0x000007b4       0x74 ./source/rtos/uCOSIII/src/uCOS-III/Source/os_core.o
                0x000007b4                OSSchedLock
 .text.OSSchedUnlock
                0x00000828       0x90 ./source/rtos/uCOSIII/src/uCOS-III/Source/os_core.o
                0x00000828                OSSchedUnlock
 .text.OSSchedRoundRobinCfg
                0x000008b8       0x70 ./source/rtos/uCOSIII/src/uCOS-III/Source/os_core.o
                0x000008b8                OSSchedRoundRobinCfg
 .text.OSStart  0x00000928       0x80 ./source/rtos/uCOSIII/src/uCOS-III/Source/os_core.o
                0x00000928                OSStart
 .text.OS_IdleTask
                0x000009a8       0x3c ./source/rtos/uCOSIII/src/uCOS-III/Source/os_core.o
                0x000009a8                OS_IdleTask
 .text.OS_IdleTaskInit
                0x000009e4       0x68 ./source/rtos/uCOSIII/src/uCOS-III/Source/os_core.o
                0x000009e4                OS_IdleTaskInit
 .text.OS_Pend  0x00000a4c       0x84 ./source/rtos/uCOSIII/src/uCOS-III/Source/os_core.o
                0x00000a4c                OS_Pend
 .text.OS_PendDbgNameAdd
                0x00000ad0       0x7c ./source/rtos/uCOSIII/src/uCOS-III/Source/os_core.o
                0x00000ad0                OS_PendDbgNameAdd
 .text.OS_PendDbgNameRemove
                0x00000b4c       0x4c ./source/rtos/uCOSIII/src/uCOS-III/Source/os_core.o
                0x00000b4c                OS_PendDbgNameRemove
 .text.OS_Post  0x00000b98      0x130 ./source/rtos/uCOSIII/src/uCOS-III/Source/os_core.o
                0x00000b98                OS_Post
 .text.OS_RdyListInit
                0x00000cc8       0x4c ./source/rtos/uCOSIII/src/uCOS-III/Source/os_core.o
                0x00000cc8                OS_RdyListInit
 .text.OS_RdyListInsert
                0x00000d14       0x3c ./source/rtos/uCOSIII/src/uCOS-III/Source/os_core.o
                0x00000d14                OS_RdyListInsert
 .text.OS_RdyListInsertHead
                0x00000d50       0x84 ./source/rtos/uCOSIII/src/uCOS-III/Source/os_core.o
                0x00000d50                OS_RdyListInsertHead
 .text.OS_RdyListInsertTail
                0x00000dd4       0x80 ./source/rtos/uCOSIII/src/uCOS-III/Source/os_core.o
                0x00000dd4                OS_RdyListInsertTail
 .text.OS_RdyListRemove
                0x00000e54       0xb0 ./source/rtos/uCOSIII/src/uCOS-III/Source/os_core.o
                0x00000e54                OS_RdyListRemove
 .text.OS_SchedRoundRobin
                0x00000f04       0xc8 ./source/rtos/uCOSIII/src/uCOS-III/Source/os_core.o
                0x00000f04                OS_SchedRoundRobin
 .text.OS_TaskBlock
                0x00000fcc       0x40 ./source/rtos/uCOSIII/src/uCOS-III/Source/os_core.o
                0x00000fcc                OS_TaskBlock
 .text.OS_Dbg_Init
                0x0000100c      0x23c ./source/rtos/uCOSIII/src/uCOS-III/Source/os_dbg.o
                0x0000100c                OS_Dbg_Init
 .text.OS_FlagInit
                0x00001248       0x30 ./source/rtos/uCOSIII/src/uCOS-III/Source/os_flag.o
                0x00001248                OS_FlagInit
 .text.OS_MemInit
                0x00001278       0x30 ./source/rtos/uCOSIII/src/uCOS-III/Source/os_mem.o
                0x00001278                OS_MemInit
 .text.OS_MsgPoolInit
                0x000012a8       0xd0 ./source/rtos/uCOSIII/src/uCOS-III/Source/os_msg.o
                0x000012a8                OS_MsgPoolInit
 .text.OS_MsgQFreeAll
                0x00001378       0x78 ./source/rtos/uCOSIII/src/uCOS-III/Source/os_msg.o
                0x00001378                OS_MsgQFreeAll
 .text.OS_MsgQPut
                0x000013f0      0x114 ./source/rtos/uCOSIII/src/uCOS-III/Source/os_msg.o
                0x000013f0                OS_MsgQPut
 .text.OSMutexCreate
                0x00001504       0x98 ./source/rtos/uCOSIII/src/uCOS-III/Source/os_mutex.o
                0x00001504                OSMutexCreate
 .text.OSMutexPend
                0x0000159c      0x210 ./source/rtos/uCOSIII/src/uCOS-III/Source/os_mutex.o
                0x0000159c                OSMutexPend
 .text.OSMutexPost
                0x000017ac      0x1b8 ./source/rtos/uCOSIII/src/uCOS-III/Source/os_mutex.o
                0x000017ac                OSMutexPost
 .text.OS_MutexDbgListAdd
                0x00001964       0x50 ./source/rtos/uCOSIII/src/uCOS-III/Source/os_mutex.o
                0x00001964                OS_MutexDbgListAdd
 .text.OS_MutexInit
                0x000019b4       0x30 ./source/rtos/uCOSIII/src/uCOS-III/Source/os_mutex.o
                0x000019b4                OS_MutexInit
 .text.OS_PrioInit
                0x000019e4       0x34 ./source/rtos/uCOSIII/src/uCOS-III/Source/os_prio.o
                0x000019e4                OS_PrioInit
 .text.OS_PrioGetHighest
                0x00001a18       0x48 ./source/rtos/uCOSIII/src/uCOS-III/Source/os_prio.o
                0x00001a18                OS_PrioGetHighest
 .text.OS_PrioInsert
                0x00001a60       0x50 ./source/rtos/uCOSIII/src/uCOS-III/Source/os_prio.o
                0x00001a60                OS_PrioInsert
 .text.OS_PrioRemove
                0x00001ab0       0x50 ./source/rtos/uCOSIII/src/uCOS-III/Source/os_prio.o
                0x00001ab0                OS_PrioRemove
 .text.OSQPost  0x00001b00       0xb0 ./source/rtos/uCOSIII/src/uCOS-III/Source/os_q.o
                0x00001b00                OSQPost
 .text.OS_QInit
                0x00001bb0       0x30 ./source/rtos/uCOSIII/src/uCOS-III/Source/os_q.o
                0x00001bb0                OS_QInit
 .text.OSSemCreate
                0x00001be0       0x8c ./source/rtos/uCOSIII/src/uCOS-III/Source/os_sem.o
                0x00001be0                OSSemCreate
 .text.OSSemPend
                0x00001c6c      0x1c8 ./source/rtos/uCOSIII/src/uCOS-III/Source/os_sem.o
                0x00001c6c                OSSemPend
 .text.OSSemPost
                0x00001e34       0x84 ./source/rtos/uCOSIII/src/uCOS-III/Source/os_sem.o
                0x00001e34                OSSemPost
 .text.OS_SemDbgListAdd
                0x00001eb8       0x50 ./source/rtos/uCOSIII/src/uCOS-III/Source/os_sem.o
                0x00001eb8                OS_SemDbgListAdd
 .text.OS_SemInit
                0x00001f08       0x30 ./source/rtos/uCOSIII/src/uCOS-III/Source/os_sem.o
                0x00001f08                OS_SemInit
 .text.OSStatReset
                0x00001f38      0x118 ./source/rtos/uCOSIII/src/uCOS-III/Source/os_stat.o
                0x00001f38                OSStatReset
 .text.OS_StatTask
                0x00002050      0x310 ./source/rtos/uCOSIII/src/uCOS-III/Source/os_stat.o
                0x00002050                OS_StatTask
 .text.OS_StatTaskInit
                0x00002360       0xd4 ./source/rtos/uCOSIII/src/uCOS-III/Source/os_stat.o
                0x00002360                OS_StatTaskInit
 .text.OSTaskCreate
                0x00002434      0x21c ./source/rtos/uCOSIII/src/uCOS-III/Source/os_task.o
                0x00002434                OSTaskCreate
 .text.OSTaskDel
                0x00002650      0x1dc ./source/rtos/uCOSIII/src/uCOS-III/Source/os_task.o
                0x00002650                OSTaskDel
 .text.OSTaskSemPend
                0x0000282c      0x1d4 ./source/rtos/uCOSIII/src/uCOS-III/Source/os_task.o
                0x0000282c                OSTaskSemPend
 .text.OSTaskStkChk
                0x00002a00       0xf0 ./source/rtos/uCOSIII/src/uCOS-III/Source/os_task.o
                0x00002a00                OSTaskStkChk
 .text.OS_TaskDbgListAdd
                0x00002af0       0x4c ./source/rtos/uCOSIII/src/uCOS-III/Source/os_task.o
                0x00002af0                OS_TaskDbgListAdd
 .text.OS_TaskDbgListRemove
                0x00002b3c       0x84 ./source/rtos/uCOSIII/src/uCOS-III/Source/os_task.o
                0x00002b3c                OS_TaskDbgListRemove
 .text.OS_TaskInit
                0x00002bc0       0x38 ./source/rtos/uCOSIII/src/uCOS-III/Source/os_task.o
                0x00002bc0                OS_TaskInit
 .text.OS_TaskInitTCB
                0x00002bf8      0x1a0 ./source/rtos/uCOSIII/src/uCOS-III/Source/os_task.o
                0x00002bf8                OS_TaskInitTCB
 .text.OS_TaskReturn
                0x00002d98       0x28 ./source/rtos/uCOSIII/src/uCOS-III/Source/os_task.o
                0x00002d98                OS_TaskReturn
 .text.OS_TaskSemPost
                0x00002dc0      0x128 ./source/rtos/uCOSIII/src/uCOS-III/Source/os_task.o
                0x00002dc0                OS_TaskSemPost
 .text.OS_TaskChangePrio
                0x00002ee8      0x148 ./source/rtos/uCOSIII/src/uCOS-III/Source/os_task.o
                0x00002ee8                OS_TaskChangePrio
 .text.OS_TickTask
                0x00003030       0x64 ./source/rtos/uCOSIII/src/uCOS-III/Source/os_tick.o
                0x00003030                OS_TickTask
 .text.OS_TickTaskInit
                0x00003094       0xd8 ./source/rtos/uCOSIII/src/uCOS-III/Source/os_tick.o
                0x00003094                OS_TickTaskInit
 .text.OS_TickListInsertDly
                0x0000316c      0x108 ./source/rtos/uCOSIII/src/uCOS-III/Source/os_tick.o
                0x0000316c                OS_TickListInsertDly
 .text.OS_TickListUpdateDly
                0x00003274       0xbc ./source/rtos/uCOSIII/src/uCOS-III/Source/os_tick.o
 .text.OS_TickListUpdateTimeout
                0x00003330      0x158 ./source/rtos/uCOSIII/src/uCOS-III/Source/os_tick.o
 .text.OSTimeDly
                0x00003488       0xd8 ./source/rtos/uCOSIII/src/uCOS-III/Source/os_time.o
                0x00003488                OSTimeDly
 .text.OSTimeDlyHMSM
                0x00003560      0x1f0 ./source/rtos/uCOSIII/src/uCOS-III/Source/os_time.o
                0x00003560                OSTimeDlyHMSM
 .text.OSTimeTick
                0x00003750       0x74 ./source/rtos/uCOSIII/src/uCOS-III/Source/os_time.o
                0x00003750                OSTimeTick
 .text.OS_TmrInit
                0x000037c4      0x138 ./source/rtos/uCOSIII/src/uCOS-III/Source/os_tmr.o
                0x000037c4                OS_TmrInit
 .text.OS_TmrUnlink
                0x000038fc       0x80 ./source/rtos/uCOSIII/src/uCOS-III/Source/os_tmr.o
                0x000038fc                OS_TmrUnlink
 .text.OS_TmrTask
                0x0000397c       0xc8 ./source/rtos/uCOSIII/src/uCOS-III/Source/os_tmr.o
                0x0000397c                OS_TmrTask
 .text.OS_TmrLock
                0x00003a44       0x24 ./source/rtos/uCOSIII/src/uCOS-III/Source/os_tmr.o
 .text.OS_TmrUnlock
                0x00003a68       0x20 ./source/rtos/uCOSIII/src/uCOS-III/Source/os_tmr.o
 .text          0x00003a88       0xfc ./source/rtos/uCOSIII/src/uCOS-III/Ports/ARM-Cortex-M4/Generic/GNU/os_cpu_a.o
                0x00003a88                OS_CPU_FP_Reg_Push
                0x00003a9a                OS_CPU_FP_Reg_Pop
                0x00003aa6                OSStartHighRdy
                0x00003b16                OSCtxSw
                0x00003b20                OSIntCtxSw
                0x00003b2a                PendSV_Handler
 .text.OSIdleTaskHook
                0x00003b84       0x1c ./source/rtos/uCOSIII/src/uCOS-III/Ports/ARM-Cortex-M4/Generic/GNU/os_cpu_c.o
                0x00003b84                OSIdleTaskHook
 .text.OSInitHook
                0x00003ba0       0x38 ./source/rtos/uCOSIII/src/uCOS-III/Ports/ARM-Cortex-M4/Generic/GNU/os_cpu_c.o
                0x00003ba0                OSInitHook
 .text.OSStatTaskHook
                0x00003bd8       0x1c ./source/rtos/uCOSIII/src/uCOS-III/Ports/ARM-Cortex-M4/Generic/GNU/os_cpu_c.o
                0x00003bd8                OSStatTaskHook
 .text.OSTaskCreateHook
                0x00003bf4       0x24 ./source/rtos/uCOSIII/src/uCOS-III/Ports/ARM-Cortex-M4/Generic/GNU/os_cpu_c.o
                0x00003bf4                OSTaskCreateHook
 .text.OSTaskDelHook
                0x00003c18       0x24 ./source/rtos/uCOSIII/src/uCOS-III/Ports/ARM-Cortex-M4/Generic/GNU/os_cpu_c.o
                0x00003c18                OSTaskDelHook
 .text.OSTaskReturnHook
                0x00003c3c       0x24 ./source/rtos/uCOSIII/src/uCOS-III/Ports/ARM-Cortex-M4/Generic/GNU/os_cpu_c.o
                0x00003c3c                OSTaskReturnHook
 .text.OSTaskStkInit
                0x00003c60      0x34c ./source/rtos/uCOSIII/src/uCOS-III/Ports/ARM-Cortex-M4/Generic/GNU/os_cpu_c.o
                0x00003c60                OSTaskStkInit
 .text.OSTaskSwHook
                0x00003fac       0xa8 ./source/rtos/uCOSIII/src/uCOS-III/Ports/ARM-Cortex-M4/Generic/GNU/os_cpu_c.o
                0x00003fac                OSTaskSwHook
 .text.OSTimeTickHook
                0x00004054       0x1c ./source/rtos/uCOSIII/src/uCOS-III/Ports/ARM-Cortex-M4/Generic/GNU/os_cpu_c.o
                0x00004054                OSTimeTickHook
 .text.OS_CPU_SysTickInit
                0x00004070       0x54 ./source/rtos/uCOSIII/src/uCOS-III/Ports/ARM-Cortex-M4/Generic/GNU/os_cpu_c.o
                0x00004070                OS_CPU_SysTickInit
 .text          0x000040c4       0x34 ./source/rtos/uCOSIII/src/uC-CPU/ARM-Cortex-M4/GNU/cpu_a.o
                0x000040c4                CPU_IntDis
                0x000040c8                CPU_IntEn
                0x000040cc                CPU_SR_Save
                0x000040d4                CPU_SR_Restore
                0x000040da                CPU_WaitForInt
                0x000040de                CPU_WaitForExcept
                0x000040e2                CPU_CntLeadZeros
                0x000040e8                CPU_CntTrailZeros
                0x000040f2                CPU_RevBits
 .text.update_ID
                0x000040f8      0x324 ./source/EncProcess.o
                0x000040f8                update_ID
 .text.get_ID_state
                0x0000441c       0x18 ./source/EncProcess.o
                0x0000441c                get_ID_state
 .text.get_ID_value
                0x00004434       0x54 ./source/EncProcess.o
                0x00004434                get_ID_value
 .text.restart_ID
                0x00004488       0x34 ./source/EncProcess.o
                0x00004488                restart_ID
 .text.update_PIN
                0x000044bc      0x164 ./source/EncProcess.o
                0x000044bc                update_PIN
 .text.get_PIN_state
                0x00004620       0x18 ./source/EncProcess.o
                0x00004620                get_PIN_state
 .text.get_PIN_value
                0x00004638       0x54 ./source/EncProcess.o
                0x00004638                get_PIN_value
 .text.restart_PIN
                0x0000468c       0x3c ./source/EncProcess.o
                0x0000468c                restart_PIN
 .text.Data_Reset
                0x000046c8       0x58 ./source/ServerData.o
                0x000046c8                Data_Reset
 .text.Data_VerifyID
                0x00004720       0xa0 ./source/ServerData.o
                0x00004720                Data_VerifyID
 .text.Data_VerifyPIN
                0x000047c0       0x5c ./source/ServerData.o
                0x000047c0                Data_VerifyPIN
 .text.Data_AddUser
                0x0000481c       0x7c ./source/ServerData.o
                0x0000481c                Data_AddUser
 .text.Data_RemoveUser
                0x00004898       0x8c ./source/ServerData.o
                0x00004898                Data_RemoveUser
 .text.Get_User_Status
                0x00004924       0x24 ./source/ServerData.o
                0x00004924                Get_User_Status
 .text.appinit  0x00004948       0xe8 ./source/app.o
                0x00004948                appinit
 .text.apptask  0x00004a30       0x38 ./source/app.o
                0x00004a30                apptask
 .text.resetAll
                0x00004a68       0x18 ./source/app.o
                0x00004a68                resetAll
 .text.waitEvent
                0x00004a80       0x1c ./source/app.o
                0x00004a80                waitEvent
 .text.waitID   0x00004a9c       0x40 ./source/app.o
                0x00004a9c                waitID
 .text.validateID
                0x00004adc       0x2c ./source/app.o
                0x00004adc                validateID
 .text.waitPIN  0x00004b08       0x40 ./source/app.o
                0x00004b08                waitPIN
 .text.validatePIN
                0x00004b48       0x2c ./source/app.o
                0x00004b48                validatePIN
 .text.waitError
                0x00004b74       0x34 ./source/app.o
                0x00004b74                waitError
 .text.waitDoor
                0x00004ba8       0x34 ./source/app.o
                0x00004ba8                waitDoor
 .text.cancelAll
                0x00004bdc       0x30 ./source/app.o
                0x00004bdc                cancelAll
 .text.get_user_stat
                0x00004c0c       0x38 ./source/app.o
                0x00004c0c                get_user_stat
 .text.waitAdmin
                0x00004c44       0xcc ./source/app.o
                0x00004c44                waitAdmin
 .text.waitAddUser_ID
                0x00004d10       0x44 ./source/app.o
                0x00004d10                waitAddUser_ID
 .text.waitAddUser_PIN
                0x00004d54       0x44 ./source/app.o
                0x00004d54                waitAddUser_PIN
 .text.waitAddUser
                0x00004d98       0x40 ./source/app.o
                0x00004d98                waitAddUser
 .text.waitRemoveUser
                0x00004dd8       0x48 ./source/app.o
                0x00004dd8                waitRemoveUser
 .text.ledSeq   0x00004e20       0xc0 ./source/app.o
                0x00004e20                ledSeq
 .text.displayConfiguration
                0x00004ee0       0xd0 ./source/display.o
                0x00004ee0                displayConfiguration
 .text.displayWriteDig
                0x00004fb0       0x40 ./source/display.o
                0x00004fb0                displayWriteDig
 .text.displayWriteChar
                0x00004ff0       0x9c ./source/display.o
                0x00004ff0                displayWriteChar
 .text.displayCleanDig
                0x0000508c       0x24 ./source/display.o
                0x0000508c                displayCleanDig
 .text.displayCleanDot
                0x000050b0       0x24 ./source/display.o
                0x000050b0                displayCleanDot
 .text.displayDraw
                0x000050d4       0xd8 ./source/display.o
 .text.init_encoder
                0x000051ac       0xe8 ./source/encoder.o
                0x000051ac                init_encoder
 .text.set_cha_falling
                0x00005294       0x1c ./source/encoder.o
                0x00005294                set_cha_falling
 .text.set_chb_falling
                0x000052b0       0x1c ./source/encoder.o
                0x000052b0                set_chb_falling
 .text.set_cha_low
                0x000052cc       0x30 ./source/encoder.o
                0x000052cc                set_cha_low
 .text.set_chb_low
                0x000052fc       0x30 ./source/encoder.o
                0x000052fc                set_chb_low
 .text.set_cha_rising
                0x0000532c       0x1c ./source/encoder.o
                0x0000532c                set_cha_rising
 .text.set_chb_rising
                0x00005348       0x1c ./source/encoder.o
                0x00005348                set_chb_rising
 .text.set_cha_high
                0x00005364       0x24 ./source/encoder.o
                0x00005364                set_cha_high
 .text.set_chb_high
                0x00005388       0x24 ./source/encoder.o
                0x00005388                set_chb_high
 .text.set_switch_high
                0x000053ac       0x24 ./source/encoder.o
                0x000053ac                set_switch_high
 .text.set_switch_low
                0x000053d0       0x24 ./source/encoder.o
                0x000053d0                set_switch_low
 .text.encoder_callback1
                0x000053f4       0x44 ./source/encoder.o
                0x000053f4                encoder_callback1
 .text.encoder_callback2
                0x00005438       0x44 ./source/encoder.o
                0x00005438                encoder_callback2
 .text.encoder_callback3
                0x0000547c       0x28 ./source/encoder.o
                0x0000547c                encoder_callback3
 .text.check_new_twist
                0x000054a4       0x38 ./source/encoder.o
                0x000054a4                check_new_twist
 .text.check_new_switch
                0x000054dc       0x28 ./source/encoder.o
                0x000054dc                check_new_switch
 .text.get_last_twist
                0x00005504       0x18 ./source/encoder.o
                0x00005504                get_last_twist
 .text.get_last_switch
                0x0000551c       0x34 ./source/encoder.o
                0x0000551c                get_last_switch
 .text.wait_and_handle_chA_fall
                0x00005550       0x98 ./source/encoder.o
 .text.wait_and_handle_chA_rise
                0x000055e8       0xcc ./source/encoder.o
 .text.wait_and_handle_chB_fall
                0x000056b4       0x98 ./source/encoder.o
 .text.wait_and_handle_chB_rise
                0x0000574c       0xd8 ./source/encoder.o
 .text.wait_and_handle_swt_fall
                0x00005824       0xc8 ./source/encoder.o
 .text.wait_and_handle_swt_rise
                0x000058ec       0xc4 ./source/encoder.o
 .text.init_RTOS_tasks
                0x000059b0      0x22c ./source/encoder.o
                0x000059b0                init_RTOS_tasks
 .text.enc_set_sem
                0x00005bdc       0x28 ./source/encoder.o
                0x00005bdc                enc_set_sem
 .text.main     0x00005c04       0x90 ./source/main.o
                0x00005c04                main
 .text.__NVIC_EnableIRQ
                0x00005c94       0x3c ./source/portpin.o
 .text.PINconfigure
                0x00005cd0       0x98 ./source/portpin.o
                0x00005cd0                PINconfigure
 .text.PINpull  0x00005d68       0xd8 ./source/portpin.o
                0x00005d68                PINpull
 .text.PINmode  0x00005e40       0x64 ./source/portpin.o
                0x00005e40                PINmode
 .text.PINwrite
                0x00005ea4       0x64 ./source/portpin.o
                0x00005ea4                PINwrite
 .text.PINread  0x00005f08       0x50 ./source/portpin.o
                0x00005f08                PINread
 .text.PINloadISR
                0x00005f58       0x38 ./source/portpin.o
                0x00005f58                PINloadISR
 .text.PORTA_IRQHandler
                0x00005f90       0x90 ./source/portpin.o
                0x00005f90                PORTA_IRQHandler
 .text.PORTB_IRQHandler
                0x00006020       0x90 ./source/portpin.o
                0x00006020                PORTB_IRQHandler
 .text.PORTC_IRQHandler
                0x000060b0       0x90 ./source/portpin.o
                0x000060b0                PORTC_IRQHandler
 .text.PORTD_IRQHandler
                0x00006140       0x90 ./source/portpin.o
                0x00006140                PORTD_IRQHandler
 .text.hw_Init  0x000061d0      0x108 ./SDK/startup/hardware.o
                0x000061d0                hw_Init
 .text.SystemInit
                0x000062d8       0x3c ./SDK/CMSIS/system_MK64F12.o
                0x000062d8                SystemInit
 .text.SystemCoreClockUpdate
                0x00006314      0x278 ./SDK/CMSIS/system_MK64F12.o
                0x00006314                SystemCoreClockUpdate
 .text.OSCfg_Init
                0x0000658c        0xe ./source/rtos/uCOSIII/src/uCOS-III/Source/os_cfg_app.o
                0x0000658c                OSCfg_Init
 .text.OS_PendDataInit
                0x0000659a       0x6c ./source/rtos/uCOSIII/src/uCOS-III/Source/os_core.o
                0x0000659a                OS_PendDataInit
 .text.OS_PendListChangePrio
                0x00006606       0x56 ./source/rtos/uCOSIII/src/uCOS-III/Source/os_core.o
                0x00006606                OS_PendListChangePrio
 .text.OS_PendListInit
                0x0000665c       0x26 ./source/rtos/uCOSIII/src/uCOS-III/Source/os_core.o
                0x0000665c                OS_PendListInit
 .text.OS_PendListInsertPrio
                0x00006682       0xe8 ./source/rtos/uCOSIII/src/uCOS-III/Source/os_core.o
                0x00006682                OS_PendListInsertPrio
 .text.OS_PendListRemove
                0x0000676a       0x54 ./source/rtos/uCOSIII/src/uCOS-III/Source/os_core.o
                0x0000676a                OS_PendListRemove
 .text.OS_PendListRemove1
                0x000067be       0x94 ./source/rtos/uCOSIII/src/uCOS-III/Source/os_core.o
                0x000067be                OS_PendListRemove1
 .text.OS_Post1
                0x00006852       0x60 ./source/rtos/uCOSIII/src/uCOS-III/Source/os_core.o
                0x00006852                OS_Post1
 .text.OS_RdyListMoveHeadToTail
                0x000068b2       0x90 ./source/rtos/uCOSIII/src/uCOS-III/Source/os_core.o
                0x000068b2                OS_RdyListMoveHeadToTail
 .text.OS_MsgQInit
                0x00006942       0x36 ./source/rtos/uCOSIII/src/uCOS-III/Source/os_msg.o
                0x00006942                OS_MsgQInit
 .text.OS_MutexGrpAdd
                0x00006978       0x24 ./source/rtos/uCOSIII/src/uCOS-III/Source/os_mutex.o
                0x00006978                OS_MutexGrpAdd
 .text.OS_MutexGrpRemove
                0x0000699c       0x3a ./source/rtos/uCOSIII/src/uCOS-III/Source/os_mutex.o
                0x0000699c                OS_MutexGrpRemove
 .text.OS_MutexGrpPrioFindHighest
                0x000069d6       0x56 ./source/rtos/uCOSIII/src/uCOS-III/Source/os_mutex.o
                0x000069d6                OS_MutexGrpPrioFindHighest
 .text.OS_MutexGrpPostAll
                0x00006a2c       0x86 ./source/rtos/uCOSIII/src/uCOS-III/Source/os_mutex.o
                0x00006a2c                OS_MutexGrpPostAll
 .text.OS_QPost
                0x00006ab2       0xce ./source/rtos/uCOSIII/src/uCOS-III/Source/os_q.o
                0x00006ab2                OS_QPost
 .text.OS_SemPost
                0x00006b80       0xde ./source/rtos/uCOSIII/src/uCOS-III/Source/os_sem.o
                0x00006b80                OS_SemPost
 .text.OSTaskSemPost
                0x00006c5e       0x44 ./source/rtos/uCOSIII/src/uCOS-III/Source/os_task.o
                0x00006c5e                OSTaskSemPost
 .text.OS_TickListInsert
                0x00006ca2      0x12e ./source/rtos/uCOSIII/src/uCOS-III/Source/os_tick.o
                0x00006ca2                OS_TickListInsert
 .text.OS_TickListRemove
                0x00006dd0       0xca ./source/rtos/uCOSIII/src/uCOS-III/Source/os_tick.o
                0x00006dd0                OS_TickListRemove
 .text.OS_TickListResetPeak
                0x00006e9a        0xe ./source/rtos/uCOSIII/src/uCOS-III/Source/os_tick.o
                0x00006e9a                OS_TickListResetPeak
 .text.OS_TmrResetPeak
                0x00006ea8        0xe ./source/rtos/uCOSIII/src/uCOS-III/Source/os_tmr.o
                0x00006ea8                OS_TmrResetPeak
 .text.SysTick_Handler
                0x00006eb6       0x2a ./source/rtos/uCOSIII/src/uCOS-III/Ports/ARM-Cortex-M4/Generic/GNU/os_cpu_c.o
                0x00006eb6                SysTick_Handler
 .text.buffWrite
                0x00006ee0       0xa6 ./source/buffer.o
                0x00006ee0                buffWrite
 .text.buffRead
                0x00006f86       0x9c ./source/buffer.o
                0x00006f86                buffRead
 .text.buffLenght
                0x00007022       0x1a ./source/buffer.o
                0x00007022                buffLenght
 .text.displayWriteStr
                0x0000703c       0x64 ./source/display.o
                0x0000703c                displayWriteStr
 .text.displayCleanAll
                0x000070a0       0x30 ./source/display.o
                0x000070a0                displayCleanAll
 .text.encoder_enable
                0x000070d0       0x1a ./source/encoder.o
                0x000070d0                encoder_enable
 .text.led_init
                0x000070ea       0x4c ./source/ledControl.o
                0x000070ea                led_init
 .text.D1_ON    0x00007136       0x18 ./source/ledControl.o
                0x00007136                D1_ON
 .text.D2_ON    0x0000714e       0x18 ./source/ledControl.o
                0x0000714e                D2_ON
 .text.D3_ON    0x00007166       0x18 ./source/ledControl.o
                0x00007166                D3_ON
 .text.leds_OFF
                0x0000717e       0x18 ./source/ledControl.o
                0x0000717e                leds_OFF
 .text.enablePINinterrupt
                0x00007196       0x24 ./source/portpin.o
                0x00007196                enablePINinterrupt
 .text.HardFault_Handler
                0x000071ba       0x2c ./SDK/startup/semihost_hardfault.o
                0x000071ba                HardFault_Handler
 .text.DMA0_IRQHandler
                0x000071e6        0x8 ./SDK/startup/startup_mk64f12.o
                0x000071e6                DMA0_IRQHandler
 .text.DMA1_IRQHandler
                0x000071ee        0x8 ./SDK/startup/startup_mk64f12.o
                0x000071ee                DMA1_IRQHandler
 .text.DMA2_IRQHandler
                0x000071f6        0x8 ./SDK/startup/startup_mk64f12.o
                0x000071f6                DMA2_IRQHandler
 .text.DMA3_IRQHandler
                0x000071fe        0x8 ./SDK/startup/startup_mk64f12.o
                0x000071fe                DMA3_IRQHandler
 .text.DMA4_IRQHandler
                0x00007206        0x8 ./SDK/startup/startup_mk64f12.o
                0x00007206                DMA4_IRQHandler
 .text.DMA5_IRQHandler
                0x0000720e        0x8 ./SDK/startup/startup_mk64f12.o
                0x0000720e                DMA5_IRQHandler
 .text.DMA6_IRQHandler
                0x00007216        0x8 ./SDK/startup/startup_mk64f12.o
                0x00007216                DMA6_IRQHandler
 .text.DMA7_IRQHandler
                0x0000721e        0x8 ./SDK/startup/startup_mk64f12.o
                0x0000721e                DMA7_IRQHandler
 .text.DMA8_IRQHandler
                0x00007226        0x8 ./SDK/startup/startup_mk64f12.o
                0x00007226                DMA8_IRQHandler
 .text.DMA9_IRQHandler
                0x0000722e        0x8 ./SDK/startup/startup_mk64f12.o
                0x0000722e                DMA9_IRQHandler
 .text.DMA10_IRQHandler
                0x00007236        0x8 ./SDK/startup/startup_mk64f12.o
                0x00007236                DMA10_IRQHandler
 .text.DMA11_IRQHandler
                0x0000723e        0x8 ./SDK/startup/startup_mk64f12.o
                0x0000723e                DMA11_IRQHandler
 .text.DMA12_IRQHandler
                0x00007246        0x8 ./SDK/startup/startup_mk64f12.o
                0x00007246                DMA12_IRQHandler
 .text.DMA13_IRQHandler
                0x0000724e        0x8 ./SDK/startup/startup_mk64f12.o
                0x0000724e                DMA13_IRQHandler
 .text.DMA14_IRQHandler
                0x00007256        0x8 ./SDK/startup/startup_mk64f12.o
                0x00007256                DMA14_IRQHandler
 .text.DMA15_IRQHandler
                0x0000725e        0x8 ./SDK/startup/startup_mk64f12.o
                0x0000725e                DMA15_IRQHandler
 .text.DMA_Error_IRQHandler
                0x00007266        0x8 ./SDK/startup/startup_mk64f12.o
                0x00007266                DMA_Error_IRQHandler
 .text.MCM_IRQHandler
                0x0000726e        0x8 ./SDK/startup/startup_mk64f12.o
                0x0000726e                MCM_IRQHandler
 .text.FTFE_IRQHandler
                0x00007276        0x8 ./SDK/startup/startup_mk64f12.o
                0x00007276                FTFE_IRQHandler
 .text.Read_Collision_IRQHandler
                0x0000727e        0x8 ./SDK/startup/startup_mk64f12.o
                0x0000727e                Read_Collision_IRQHandler
 .text.LVD_LVW_IRQHandler
                0x00007286        0x8 ./SDK/startup/startup_mk64f12.o
                0x00007286                LVD_LVW_IRQHandler
 .text.LLWU_IRQHandler
                0x0000728e        0x8 ./SDK/startup/startup_mk64f12.o
                0x0000728e                LLWU_IRQHandler
 .text.WDOG_EWM_IRQHandler
                0x00007296        0x8 ./SDK/startup/startup_mk64f12.o
                0x00007296                WDOG_EWM_IRQHandler
 .text.RNG_IRQHandler
                0x0000729e        0x8 ./SDK/startup/startup_mk64f12.o
                0x0000729e                RNG_IRQHandler
 .text.I2C0_IRQHandler
                0x000072a6        0x8 ./SDK/startup/startup_mk64f12.o
                0x000072a6                I2C0_IRQHandler
 .text.I2C1_IRQHandler
                0x000072ae        0x8 ./SDK/startup/startup_mk64f12.o
                0x000072ae                I2C1_IRQHandler
 .text.SPI0_IRQHandler
                0x000072b6        0x8 ./SDK/startup/startup_mk64f12.o
                0x000072b6                SPI0_IRQHandler
 .text.SPI1_IRQHandler
                0x000072be        0x8 ./SDK/startup/startup_mk64f12.o
                0x000072be                SPI1_IRQHandler
 .text.I2S0_Tx_IRQHandler
                0x000072c6        0x8 ./SDK/startup/startup_mk64f12.o
                0x000072c6                I2S0_Tx_IRQHandler
 .text.I2S0_Rx_IRQHandler
                0x000072ce        0x8 ./SDK/startup/startup_mk64f12.o
                0x000072ce                I2S0_Rx_IRQHandler
 .text.UART0_LON_IRQHandler
                0x000072d6        0x8 ./SDK/startup/startup_mk64f12.o
                0x000072d6                UART0_LON_IRQHandler
 .text.UART0_RX_TX_IRQHandler
                0x000072de        0x8 ./SDK/startup/startup_mk64f12.o
                0x000072de                UART0_RX_TX_IRQHandler
 .text.UART0_ERR_IRQHandler
                0x000072e6        0x8 ./SDK/startup/startup_mk64f12.o
                0x000072e6                UART0_ERR_IRQHandler
 .text.UART1_RX_TX_IRQHandler
                0x000072ee        0x8 ./SDK/startup/startup_mk64f12.o
                0x000072ee                UART1_RX_TX_IRQHandler
 .text.UART1_ERR_IRQHandler
                0x000072f6        0x8 ./SDK/startup/startup_mk64f12.o
                0x000072f6                UART1_ERR_IRQHandler
 .text.UART2_RX_TX_IRQHandler
                0x000072fe        0x8 ./SDK/startup/startup_mk64f12.o
                0x000072fe                UART2_RX_TX_IRQHandler
 .text.UART2_ERR_IRQHandler
                0x00007306        0x8 ./SDK/startup/startup_mk64f12.o
                0x00007306                UART2_ERR_IRQHandler
 .text.UART3_RX_TX_IRQHandler
                0x0000730e        0x8 ./SDK/startup/startup_mk64f12.o
                0x0000730e                UART3_RX_TX_IRQHandler
 .text.UART3_ERR_IRQHandler
                0x00007316        0x8 ./SDK/startup/startup_mk64f12.o
                0x00007316                UART3_ERR_IRQHandler
 .text.ADC0_IRQHandler
                0x0000731e        0x8 ./SDK/startup/startup_mk64f12.o
                0x0000731e                ADC0_IRQHandler
 .text.CMP0_IRQHandler
                0x00007326        0x8 ./SDK/startup/startup_mk64f12.o
                0x00007326                CMP0_IRQHandler
 .text.CMP1_IRQHandler
                0x0000732e        0x8 ./SDK/startup/startup_mk64f12.o
                0x0000732e                CMP1_IRQHandler
 .text.FTM0_IRQHandler
                0x00007336        0x8 ./SDK/startup/startup_mk64f12.o
                0x00007336                FTM0_IRQHandler
 .text.FTM1_IRQHandler
                0x0000733e        0x8 ./SDK/startup/startup_mk64f12.o
                0x0000733e                FTM1_IRQHandler
 .text.FTM2_IRQHandler
                0x00007346        0x8 ./SDK/startup/startup_mk64f12.o
                0x00007346                FTM2_IRQHandler
 .text.CMT_IRQHandler
                0x0000734e        0x8 ./SDK/startup/startup_mk64f12.o
                0x0000734e                CMT_IRQHandler
 .text.RTC_IRQHandler
                0x00007356        0x8 ./SDK/startup/startup_mk64f12.o
                0x00007356                RTC_IRQHandler
 .text.RTC_Seconds_IRQHandler
                0x0000735e        0x8 ./SDK/startup/startup_mk64f12.o
                0x0000735e                RTC_Seconds_IRQHandler
 .text.PIT0_IRQHandler
                0x00007366        0x8 ./SDK/startup/startup_mk64f12.o
                0x00007366                PIT0_IRQHandler
 .text.PIT1_IRQHandler
                0x0000736e        0x8 ./SDK/startup/startup_mk64f12.o
                0x0000736e                PIT1_IRQHandler
 .text.PIT2_IRQHandler
                0x00007376        0x8 ./SDK/startup/startup_mk64f12.o
                0x00007376                PIT2_IRQHandler
 .text.PIT3_IRQHandler
                0x0000737e        0x8 ./SDK/startup/startup_mk64f12.o
                0x0000737e                PIT3_IRQHandler
 .text.PDB0_IRQHandler
                0x00007386        0x8 ./SDK/startup/startup_mk64f12.o
                0x00007386                PDB0_IRQHandler
 .text.USB0_IRQHandler
                0x0000738e        0x8 ./SDK/startup/startup_mk64f12.o
                0x0000738e                USB0_IRQHandler
 .text.USBDCD_IRQHandler
                0x00007396        0x8 ./SDK/startup/startup_mk64f12.o
                0x00007396                USBDCD_IRQHandler
 .text.Reserved71_IRQHandler
                0x0000739e        0x8 ./SDK/startup/startup_mk64f12.o
                0x0000739e                Reserved71_IRQHandler
 .text.DAC0_IRQHandler
                0x000073a6        0x8 ./SDK/startup/startup_mk64f12.o
                0x000073a6                DAC0_IRQHandler
 .text.MCG_IRQHandler
                0x000073ae        0x8 ./SDK/startup/startup_mk64f12.o
                0x000073ae                MCG_IRQHandler
 .text.LPTMR0_IRQHandler
                0x000073b6        0x8 ./SDK/startup/startup_mk64f12.o
                0x000073b6                LPTMR0_IRQHandler
 .text.PORTE_IRQHandler
                0x000073be        0x8 ./SDK/startup/startup_mk64f12.o
                0x000073be                PORTE_IRQHandler
 .text.SWI_IRQHandler
                0x000073c6        0x8 ./SDK/startup/startup_mk64f12.o
                0x000073c6                SWI_IRQHandler
 .text.SPI2_IRQHandler
                0x000073ce        0x8 ./SDK/startup/startup_mk64f12.o
                0x000073ce                SPI2_IRQHandler
 .text.UART4_RX_TX_IRQHandler
                0x000073d6        0x8 ./SDK/startup/startup_mk64f12.o
                0x000073d6                UART4_RX_TX_IRQHandler
 .text.UART4_ERR_IRQHandler
                0x000073de        0x8 ./SDK/startup/startup_mk64f12.o
                0x000073de                UART4_ERR_IRQHandler
 .text.UART5_RX_TX_IRQHandler
                0x000073e6        0x8 ./SDK/startup/startup_mk64f12.o
                0x000073e6                UART5_RX_TX_IRQHandler
 .text.UART5_ERR_IRQHandler
                0x000073ee        0x8 ./SDK/startup/startup_mk64f12.o
                0x000073ee                UART5_ERR_IRQHandler
 .text.CMP2_IRQHandler
                0x000073f6        0x8 ./SDK/startup/startup_mk64f12.o
                0x000073f6                CMP2_IRQHandler
 .text.FTM3_IRQHandler
                0x000073fe        0x8 ./SDK/startup/startup_mk64f12.o
                0x000073fe                FTM3_IRQHandler
 .text.DAC1_IRQHandler
                0x00007406        0x8 ./SDK/startup/startup_mk64f12.o
                0x00007406                DAC1_IRQHandler
 .text.ADC1_IRQHandler
                0x0000740e        0x8 ./SDK/startup/startup_mk64f12.o
                0x0000740e                ADC1_IRQHandler
 .text.I2C2_IRQHandler
                0x00007416        0x8 ./SDK/startup/startup_mk64f12.o
                0x00007416                I2C2_IRQHandler
 .text.CAN0_ORed_Message_buffer_IRQHandler
                0x0000741e        0x8 ./SDK/startup/startup_mk64f12.o
                0x0000741e                CAN0_ORed_Message_buffer_IRQHandler
 .text.CAN0_Bus_Off_IRQHandler
                0x00007426        0x8 ./SDK/startup/startup_mk64f12.o
                0x00007426                CAN0_Bus_Off_IRQHandler
 .text.CAN0_Error_IRQHandler
                0x0000742e        0x8 ./SDK/startup/startup_mk64f12.o
                0x0000742e                CAN0_Error_IRQHandler
 .text.CAN0_Tx_Warning_IRQHandler
                0x00007436        0x8 ./SDK/startup/startup_mk64f12.o
                0x00007436                CAN0_Tx_Warning_IRQHandler
 .text.CAN0_Rx_Warning_IRQHandler
                0x0000743e        0x8 ./SDK/startup/startup_mk64f12.o
                0x0000743e                CAN0_Rx_Warning_IRQHandler
 .text.CAN0_Wake_Up_IRQHandler
                0x00007446        0x8 ./SDK/startup/startup_mk64f12.o
                0x00007446                CAN0_Wake_Up_IRQHandler
 .text.SDHC_IRQHandler
                0x0000744e        0x8 ./SDK/startup/startup_mk64f12.o
                0x0000744e                SDHC_IRQHandler
 .text.ENET_1588_Timer_IRQHandler
                0x00007456        0x8 ./SDK/startup/startup_mk64f12.o
                0x00007456                ENET_1588_Timer_IRQHandler
 .text.ENET_Transmit_IRQHandler
                0x0000745e        0x8 ./SDK/startup/startup_mk64f12.o
                0x0000745e                ENET_Transmit_IRQHandler
 .text.ENET_Receive_IRQHandler
                0x00007466        0x8 ./SDK/startup/startup_mk64f12.o
                0x00007466                ENET_Receive_IRQHandler
 .text.ENET_Error_IRQHandler
                0x0000746e        0x8 ./SDK/startup/startup_mk64f12.o
                0x0000746e                ENET_Error_IRQHandler
 .text.SystemInitHook
                0x00007476        0xe ./SDK/CMSIS/system_MK64F12.o
                0x00007476                SystemInitHook
 .text.memcpy   0x00007484        0x4 c:/nxp/mcuxpressoide_10.2.0_759/ide/tools/bin/../lib/gcc/arm-none-eabi/7.2.1/../../../../arm-none-eabi/lib/thumb/v7e-m/fpv4-sp/hard\libcr_c.a(memcpy.o)
                0x00007484                memcpy
 .text.memcmp   0x00007488       0x44 c:/nxp/mcuxpressoide_10.2.0_759/ide/tools/bin/../lib/gcc/arm-none-eabi/7.2.1/../../../../arm-none-eabi/lib/thumb/v7e-m/fpv4-sp/hard\libcr_c.a(memcmp.o)
                0x00007488                memcmp
 .text.__aeabi_memcpy
                0x000074cc       0x34 c:/nxp/mcuxpressoide_10.2.0_759/ide/tools/bin/../lib/gcc/arm-none-eabi/7.2.1/thumb/v7e-m/fpv4-sp/hard\libcr_eabihelpers.a(memcpy.o)
                0x000074cc                __aeabi_memcpy
                0x000074d6                __aeabi_memcpy8
                0x000074d6                __aeabi_memcpy4
 *(SORT_BY_ALIGNMENT(.rodata) SORT_BY_ALIGNMENT(.rodata.*) SORT_BY_ALIGNMENT(.constdata) SORT_BY_ALIGNMENT(.constdata.*))
 .rodata.OSCfg_IdleTaskStkBasePtr
                0x00007500        0x4 ./source/rtos/uCOSIII/src/uCOS-III/Source/os_cfg_app.o
                0x00007500                OSCfg_IdleTaskStkBasePtr
 .rodata.OSCfg_IdleTaskStkLimit
                0x00007504        0x4 ./source/rtos/uCOSIII/src/uCOS-III/Source/os_cfg_app.o
                0x00007504                OSCfg_IdleTaskStkLimit
 .rodata.OSCfg_IdleTaskStkSize
                0x00007508        0x4 ./source/rtos/uCOSIII/src/uCOS-III/Source/os_cfg_app.o
                0x00007508                OSCfg_IdleTaskStkSize
 .rodata.OSCfg_ISRStkBasePtr
                0x0000750c        0x4 ./source/rtos/uCOSIII/src/uCOS-III/Source/os_cfg_app.o
                0x0000750c                OSCfg_ISRStkBasePtr
 .rodata.OSCfg_ISRStkSize
                0x00007510        0x4 ./source/rtos/uCOSIII/src/uCOS-III/Source/os_cfg_app.o
                0x00007510                OSCfg_ISRStkSize
 .rodata.OSCfg_MsgPoolBasePtr
                0x00007514        0x4 ./source/rtos/uCOSIII/src/uCOS-III/Source/os_cfg_app.o
                0x00007514                OSCfg_MsgPoolBasePtr
 .rodata.OSCfg_StatTaskRate_Hz
                0x00007518        0x4 ./source/rtos/uCOSIII/src/uCOS-III/Source/os_cfg_app.o
                0x00007518                OSCfg_StatTaskRate_Hz
 .rodata.OSCfg_StatTaskStkBasePtr
                0x0000751c        0x4 ./source/rtos/uCOSIII/src/uCOS-III/Source/os_cfg_app.o
                0x0000751c                OSCfg_StatTaskStkBasePtr
 .rodata.OSCfg_StatTaskStkLimit
                0x00007520        0x4 ./source/rtos/uCOSIII/src/uCOS-III/Source/os_cfg_app.o
                0x00007520                OSCfg_StatTaskStkLimit
 .rodata.OSCfg_StatTaskStkSize
                0x00007524        0x4 ./source/rtos/uCOSIII/src/uCOS-III/Source/os_cfg_app.o
                0x00007524                OSCfg_StatTaskStkSize
 .rodata.OSCfg_StkSizeMin
                0x00007528        0x4 ./source/rtos/uCOSIII/src/uCOS-III/Source/os_cfg_app.o
                0x00007528                OSCfg_StkSizeMin
 .rodata.OSCfg_TickRate_Hz
                0x0000752c        0x4 ./source/rtos/uCOSIII/src/uCOS-III/Source/os_cfg_app.o
                0x0000752c                OSCfg_TickRate_Hz
 .rodata.OSCfg_TickTaskStkBasePtr
                0x00007530        0x4 ./source/rtos/uCOSIII/src/uCOS-III/Source/os_cfg_app.o
                0x00007530                OSCfg_TickTaskStkBasePtr
 .rodata.OSCfg_TickTaskStkLimit
                0x00007534        0x4 ./source/rtos/uCOSIII/src/uCOS-III/Source/os_cfg_app.o
                0x00007534                OSCfg_TickTaskStkLimit
 .rodata.OSCfg_TickTaskStkSize
                0x00007538        0x4 ./source/rtos/uCOSIII/src/uCOS-III/Source/os_cfg_app.o
                0x00007538                OSCfg_TickTaskStkSize
 .rodata.OSCfg_TmrTaskRate_Hz
                0x0000753c        0x4 ./source/rtos/uCOSIII/src/uCOS-III/Source/os_cfg_app.o
                0x0000753c                OSCfg_TmrTaskRate_Hz
 .rodata.OSCfg_TmrTaskStkBasePtr
                0x00007540        0x4 ./source/rtos/uCOSIII/src/uCOS-III/Source/os_cfg_app.o
                0x00007540                OSCfg_TmrTaskStkBasePtr
 .rodata.OSCfg_TmrTaskStkLimit
                0x00007544        0x4 ./source/rtos/uCOSIII/src/uCOS-III/Source/os_cfg_app.o
                0x00007544                OSCfg_TmrTaskStkLimit
 .rodata.OSCfg_TmrTaskStkSize
                0x00007548        0x4 ./source/rtos/uCOSIII/src/uCOS-III/Source/os_cfg_app.o
                0x00007548                OSCfg_TmrTaskStkSize
 .rodata        0x0000754c       0x2a ./source/rtos/uCOSIII/src/uCOS-III/Source/os_core.o
 *fill*         0x00007576        0x2 ff
 .rodata.OSDbg_EndiannessTest
                0x00007578        0x4 ./source/rtos/uCOSIII/src/uCOS-III/Source/os_dbg.o
                0x00007578                OSDbg_EndiannessTest
 .rodata.OSDbg_FlagGrp
                0x0000757c       0x28 ./source/rtos/uCOSIII/src/uCOS-III/Source/os_dbg.o
                0x0000757c                OSDbg_FlagGrp
 .rodata.OSDbg_Mem
                0x000075a4       0x20 ./source/rtos/uCOSIII/src/uCOS-III/Source/os_dbg.o
                0x000075a4                OSDbg_Mem
 .rodata.OSDbg_Mutex
                0x000075c4       0x30 ./source/rtos/uCOSIII/src/uCOS-III/Source/os_dbg.o
                0x000075c4                OSDbg_Mutex
 .rodata.OSDbg_Q
                0x000075f4       0x30 ./source/rtos/uCOSIII/src/uCOS-III/Source/os_dbg.o
                0x000075f4                OSDbg_Q
 .rodata.OSDbg_Sem
                0x00007624       0x28 ./source/rtos/uCOSIII/src/uCOS-III/Source/os_dbg.o
                0x00007624                OSDbg_Sem
 .rodata.OSDbg_RdyListSize
                0x0000764c        0x4 ./source/rtos/uCOSIII/src/uCOS-III/Source/os_dbg.o
                0x0000764c                OSDbg_RdyListSize
 .rodata.OSDbg_Tmr
                0x00007650       0x30 ./source/rtos/uCOSIII/src/uCOS-III/Source/os_dbg.o
                0x00007650                OSDbg_Tmr
 .rodata.OSDbg_DataSize
                0x00007680        0x4 ./source/rtos/uCOSIII/src/uCOS-III/Source/os_dbg.o
                0x00007680                OSDbg_DataSize
 .rodata        0x00007684        0xa ./source/rtos/uCOSIII/src/uCOS-III/Source/os_mutex.o
 *fill*         0x0000768e        0x2 ff
 .rodata        0x00007690        0xa ./source/rtos/uCOSIII/src/uCOS-III/Source/os_sem.o
 *fill*         0x0000769a        0x2 ff
 .rodata        0x0000769c       0x14 ./source/rtos/uCOSIII/src/uCOS-III/Source/os_stat.o
 .rodata        0x000076b0        0xa ./source/rtos/uCOSIII/src/uCOS-III/Source/os_task.o
 *fill*         0x000076ba        0x2 ff
 .rodata        0x000076bc       0x14 ./source/rtos/uCOSIII/src/uCOS-III/Source/os_tick.o
 .rodata        0x000076d0       0x2d ./source/rtos/uCOSIII/src/uCOS-III/Source/os_tmr.o
 *fill*         0x000076fd        0x3 ff
 .rodata        0x00007700       0x31 ./source/app.o
 *fill*         0x00007731        0x3 ff
 .rodata.displaynumb
                0x00007734        0xa ./source/display.o
 *fill*         0x0000773e        0x2 ff
 .rodata.displaychar
                0x00007740       0x34 ./source/display.o
 .rodata.pinsegment
                0x00007774        0x7 ./source/display.o
 *fill*         0x0000777b        0x1 ff
 .rodata        0x0000777c        0xd ./source/display.o
 *fill*         0x00007789        0x3 ff
 .rodata        0x0000778c       0xa5 ./source/encoder.o
 *fill*         0x00007831        0x3 ff
 .rodata        0x00007834        0x9 ./source/main.o
 *fill*         0x0000783d        0x1 ff
 .rodata.OSCfg_MsgPoolSize
                0x0000783e        0x2 ./source/rtos/uCOSIII/src/uCOS-III/Source/os_cfg_app.o
                0x0000783e                OSCfg_MsgPoolSize
 .rodata.OSDbg_FlagGrpSize
                0x00007840        0x2 ./source/rtos/uCOSIII/src/uCOS-III/Source/os_dbg.o
                0x00007840                OSDbg_FlagGrpSize
 .rodata.OSDbg_FlagWidth
                0x00007842        0x2 ./source/rtos/uCOSIII/src/uCOS-III/Source/os_dbg.o
                0x00007842                OSDbg_FlagWidth
 .rodata.OSDbg_MemSize
                0x00007844        0x2 ./source/rtos/uCOSIII/src/uCOS-III/Source/os_dbg.o
                0x00007844                OSDbg_MemSize
 .rodata.OSDbg_MsgSize
                0x00007846        0x2 ./source/rtos/uCOSIII/src/uCOS-III/Source/os_dbg.o
                0x00007846                OSDbg_MsgSize
 .rodata.OSDbg_MsgPoolSize
                0x00007848        0x2 ./source/rtos/uCOSIII/src/uCOS-III/Source/os_dbg.o
                0x00007848                OSDbg_MsgPoolSize
 .rodata.OSDbg_MsgQSize
                0x0000784a        0x2 ./source/rtos/uCOSIII/src/uCOS-III/Source/os_dbg.o
                0x0000784a                OSDbg_MsgQSize
 .rodata.OSDbg_MutexSize
                0x0000784c        0x2 ./source/rtos/uCOSIII/src/uCOS-III/Source/os_dbg.o
                0x0000784c                OSDbg_MutexSize
 .rodata.OSDbg_PendDataSize
                0x0000784e        0x2 ./source/rtos/uCOSIII/src/uCOS-III/Source/os_dbg.o
                0x0000784e                OSDbg_PendDataSize
 .rodata.OSDbg_PendListSize
                0x00007850        0x2 ./source/rtos/uCOSIII/src/uCOS-III/Source/os_dbg.o
                0x00007850                OSDbg_PendListSize
 .rodata.OSDbg_PendObjSize
                0x00007852        0x2 ./source/rtos/uCOSIII/src/uCOS-III/Source/os_dbg.o
                0x00007852                OSDbg_PendObjSize
 .rodata.OSDbg_PrioMax
                0x00007854        0x2 ./source/rtos/uCOSIII/src/uCOS-III/Source/os_dbg.o
                0x00007854                OSDbg_PrioMax
 .rodata.OSDbg_PrioTblSize
                0x00007856        0x2 ./source/rtos/uCOSIII/src/uCOS-III/Source/os_dbg.o
                0x00007856                OSDbg_PrioTblSize
 .rodata.OSDbg_PtrSize
                0x00007858        0x2 ./source/rtos/uCOSIII/src/uCOS-III/Source/os_dbg.o
                0x00007858                OSDbg_PtrSize
 .rodata.OSDbg_QSize
                0x0000785a        0x2 ./source/rtos/uCOSIII/src/uCOS-III/Source/os_dbg.o
                0x0000785a                OSDbg_QSize
 .rodata.OSDbg_SemSize
                0x0000785c        0x2 ./source/rtos/uCOSIII/src/uCOS-III/Source/os_dbg.o
                0x0000785c                OSDbg_SemSize
 .rodata.OSDbg_RdyList
                0x0000785e        0x2 ./source/rtos/uCOSIII/src/uCOS-III/Source/os_dbg.o
                0x0000785e                OSDbg_RdyList
 .rodata.OSDbg_TaskRegTblSize
                0x00007860        0x2 ./source/rtos/uCOSIII/src/uCOS-III/Source/os_dbg.o
                0x00007860                OSDbg_TaskRegTblSize
 .rodata.OSDbg_TCBSize
                0x00007862        0x2 ./source/rtos/uCOSIII/src/uCOS-III/Source/os_dbg.o
                0x00007862                OSDbg_TCBSize
 .rodata.OSDbg_TickListSize
                0x00007864        0x2 ./source/rtos/uCOSIII/src/uCOS-III/Source/os_dbg.o
                0x00007864                OSDbg_TickListSize
 .rodata.OSDbg_TmrSize
                0x00007866        0x2 ./source/rtos/uCOSIII/src/uCOS-III/Source/os_dbg.o
                0x00007866                OSDbg_TmrSize
 .rodata.OSDbg_VersionNbr
                0x00007868        0x2 ./source/rtos/uCOSIII/src/uCOS-III/Source/os_dbg.o
                0x00007868                OSDbg_VersionNbr
 .rodata.OSCfg_StatTaskPrio
                0x0000786a        0x1 ./source/rtos/uCOSIII/src/uCOS-III/Source/os_cfg_app.o
                0x0000786a                OSCfg_StatTaskPrio
 .rodata.OSCfg_TickTaskPrio
                0x0000786b        0x1 ./source/rtos/uCOSIII/src/uCOS-III/Source/os_cfg_app.o
                0x0000786b                OSCfg_TickTaskPrio
 .rodata.OSCfg_TmrTaskPrio
                0x0000786c        0x1 ./source/rtos/uCOSIII/src/uCOS-III/Source/os_cfg_app.o
                0x0000786c                OSCfg_TmrTaskPrio
 .rodata.OSDbg_DbgEn
                0x0000786d        0x1 ./source/rtos/uCOSIII/src/uCOS-III/Source/os_dbg.o
                0x0000786d                OSDbg_DbgEn
 .rodata.OSDbg_ArgChkEn
                0x0000786e        0x1 ./source/rtos/uCOSIII/src/uCOS-III/Source/os_dbg.o
                0x0000786e                OSDbg_ArgChkEn
 .rodata.OSDbg_AppHooksEn
                0x0000786f        0x1 ./source/rtos/uCOSIII/src/uCOS-III/Source/os_dbg.o
                0x0000786f                OSDbg_AppHooksEn
 .rodata.OSDbg_CalledFromISRChkEn
                0x00007870        0x1 ./source/rtos/uCOSIII/src/uCOS-III/Source/os_dbg.o
                0x00007870                OSDbg_CalledFromISRChkEn
 .rodata.OSDbg_FlagEn
                0x00007871        0x1 ./source/rtos/uCOSIII/src/uCOS-III/Source/os_dbg.o
                0x00007871                OSDbg_FlagEn
 .rodata.OSDbg_FlagDelEn
                0x00007872        0x1 ./source/rtos/uCOSIII/src/uCOS-III/Source/os_dbg.o
                0x00007872                OSDbg_FlagDelEn
 .rodata.OSDbg_FlagModeClrEn
                0x00007873        0x1 ./source/rtos/uCOSIII/src/uCOS-III/Source/os_dbg.o
                0x00007873                OSDbg_FlagModeClrEn
 .rodata.OSDbg_FlagPendAbortEn
                0x00007874        0x1 ./source/rtos/uCOSIII/src/uCOS-III/Source/os_dbg.o
                0x00007874                OSDbg_FlagPendAbortEn
 .rodata.OSDbg_ISRPostDeferredEn
                0x00007875        0x1 ./source/rtos/uCOSIII/src/uCOS-III/Source/os_dbg.o
                0x00007875                OSDbg_ISRPostDeferredEn
 .rodata.OSDbg_MemEn
                0x00007876        0x1 ./source/rtos/uCOSIII/src/uCOS-III/Source/os_dbg.o
                0x00007876                OSDbg_MemEn
 .rodata.OSDbg_MsgEn
                0x00007877        0x1 ./source/rtos/uCOSIII/src/uCOS-III/Source/os_dbg.o
                0x00007877                OSDbg_MsgEn
 .rodata.OSDbg_MutexEn
                0x00007878        0x1 ./source/rtos/uCOSIII/src/uCOS-III/Source/os_dbg.o
                0x00007878                OSDbg_MutexEn
 .rodata.OSDbg_MutexDelEn
                0x00007879        0x1 ./source/rtos/uCOSIII/src/uCOS-III/Source/os_dbg.o
                0x00007879                OSDbg_MutexDelEn
 .rodata.OSDbg_MutexPendAbortEn
                0x0000787a        0x1 ./source/rtos/uCOSIII/src/uCOS-III/Source/os_dbg.o
                0x0000787a                OSDbg_MutexPendAbortEn
 .rodata.OSDbg_ObjTypeChkEn
                0x0000787b        0x1 ./source/rtos/uCOSIII/src/uCOS-III/Source/os_dbg.o
                0x0000787b                OSDbg_ObjTypeChkEn
 .rodata.OSDbg_PendMultiEn
                0x0000787c        0x1 ./source/rtos/uCOSIII/src/uCOS-III/Source/os_dbg.o
                0x0000787c                OSDbg_PendMultiEn
 .rodata.OSDbg_QEn
                0x0000787d        0x1 ./source/rtos/uCOSIII/src/uCOS-III/Source/os_dbg.o
                0x0000787d                OSDbg_QEn
 .rodata.OSDbg_QDelEn
                0x0000787e        0x1 ./source/rtos/uCOSIII/src/uCOS-III/Source/os_dbg.o
                0x0000787e                OSDbg_QDelEn
 .rodata.OSDbg_QFlushEn
                0x0000787f        0x1 ./source/rtos/uCOSIII/src/uCOS-III/Source/os_dbg.o
                0x0000787f                OSDbg_QFlushEn
 .rodata.OSDbg_QPendAbortEn
                0x00007880        0x1 ./source/rtos/uCOSIII/src/uCOS-III/Source/os_dbg.o
                0x00007880                OSDbg_QPendAbortEn
 .rodata.OSDbg_SchedRoundRobinEn
                0x00007881        0x1 ./source/rtos/uCOSIII/src/uCOS-III/Source/os_dbg.o
                0x00007881                OSDbg_SchedRoundRobinEn
 .rodata.OSDbg_SemEn
                0x00007882        0x1 ./source/rtos/uCOSIII/src/uCOS-III/Source/os_dbg.o
                0x00007882                OSDbg_SemEn
 .rodata.OSDbg_SemDelEn
                0x00007883        0x1 ./source/rtos/uCOSIII/src/uCOS-III/Source/os_dbg.o
                0x00007883                OSDbg_SemDelEn
 .rodata.OSDbg_SemPendAbortEn
                0x00007884        0x1 ./source/rtos/uCOSIII/src/uCOS-III/Source/os_dbg.o
                0x00007884                OSDbg_SemPendAbortEn
 .rodata.OSDbg_SemSetEn
                0x00007885        0x1 ./source/rtos/uCOSIII/src/uCOS-III/Source/os_dbg.o
                0x00007885                OSDbg_SemSetEn
 .rodata.OSDbg_StkWidth
                0x00007886        0x1 ./source/rtos/uCOSIII/src/uCOS-III/Source/os_dbg.o
                0x00007886                OSDbg_StkWidth
 .rodata.OSDbg_StatTaskEn
                0x00007887        0x1 ./source/rtos/uCOSIII/src/uCOS-III/Source/os_dbg.o
                0x00007887                OSDbg_StatTaskEn
 .rodata.OSDbg_StatTaskStkChkEn
                0x00007888        0x1 ./source/rtos/uCOSIII/src/uCOS-III/Source/os_dbg.o
                0x00007888                OSDbg_StatTaskStkChkEn
 .rodata.OSDbg_TaskChangePrioEn
                0x00007889        0x1 ./source/rtos/uCOSIII/src/uCOS-III/Source/os_dbg.o
                0x00007889                OSDbg_TaskChangePrioEn
 .rodata.OSDbg_TaskDelEn
                0x0000788a        0x1 ./source/rtos/uCOSIII/src/uCOS-III/Source/os_dbg.o
                0x0000788a                OSDbg_TaskDelEn
 .rodata.OSDbg_TaskQEn
                0x0000788b        0x1 ./source/rtos/uCOSIII/src/uCOS-III/Source/os_dbg.o
                0x0000788b                OSDbg_TaskQEn
 .rodata.OSDbg_TaskQPendAbortEn
                0x0000788c        0x1 ./source/rtos/uCOSIII/src/uCOS-III/Source/os_dbg.o
                0x0000788c                OSDbg_TaskQPendAbortEn
 .rodata.OSDbg_TaskProfileEn
                0x0000788d        0x1 ./source/rtos/uCOSIII/src/uCOS-III/Source/os_dbg.o
                0x0000788d                OSDbg_TaskProfileEn
 .rodata.OSDbg_TaskSemPendAbortEn
                0x0000788e        0x1 ./source/rtos/uCOSIII/src/uCOS-III/Source/os_dbg.o
                0x0000788e                OSDbg_TaskSemPendAbortEn
 .rodata.OSDbg_TaskSuspendEn
                0x0000788f        0x1 ./source/rtos/uCOSIII/src/uCOS-III/Source/os_dbg.o
                0x0000788f                OSDbg_TaskSuspendEn
 .rodata.OSDbg_TimeDlyHMSMEn
                0x00007890        0x1 ./source/rtos/uCOSIII/src/uCOS-III/Source/os_dbg.o
                0x00007890                OSDbg_TimeDlyHMSMEn
 .rodata.OSDbg_TimeDlyResumeEn
                0x00007891        0x1 ./source/rtos/uCOSIII/src/uCOS-III/Source/os_dbg.o
                0x00007891                OSDbg_TimeDlyResumeEn
 .rodata.OSDbg_TmrEn
                0x00007892        0x1 ./source/rtos/uCOSIII/src/uCOS-III/Source/os_dbg.o
                0x00007892                OSDbg_TmrEn
 .rodata.OSDbg_TmrDelEn
                0x00007893        0x1 ./source/rtos/uCOSIII/src/uCOS-III/Source/os_dbg.o
                0x00007893                OSDbg_TmrDelEn
                0x00007898                . = ALIGN (0x8)
 *fill*         0x00007894        0x4 ff

.glue_7         0x00007898        0x0
 .glue_7        0x00007898        0x0 linker stubs

.glue_7t        0x00007898        0x0
 .glue_7t       0x00007898        0x0 linker stubs

.vfp11_veneer   0x00007898        0x0
 .vfp11_veneer  0x00007898        0x0 linker stubs

.v4_bx          0x00007898        0x0
 .v4_bx         0x00007898        0x0 linker stubs

.iplt           0x00007898        0x0
 .iplt          0x00007898        0x0 ./source/rtos/uCOSIII/src/uCOS-III/Source/os_cfg_app.o

.rel.dyn        0x00007898        0x0
 .rel.iplt      0x00007898        0x0 ./source/rtos/uCOSIII/src/uCOS-III/Source/os_cfg_app.o

.ARM.extab
 *(SORT_BY_ALIGNMENT(.ARM.extab*) SORT_BY_ALIGNMENT(.gnu.linkonce.armextab.*))
                0x00007898                __exidx_start = .

.ARM.exidx
 *(SORT_BY_ALIGNMENT(.ARM.exidx*) SORT_BY_ALIGNMENT(.gnu.linkonce.armexidx.*))
                0x00007898                __exidx_end = .
                0x00007898                _etext = .

.m_usb_data
 *(SORT_BY_ALIGNMENT(m_usb_bdt))

.data_RAM2      0x1fff0000        0x0 load address 0x00007898
 FILL mask 0xff
                [!provide]                PROVIDE (__start_data_RAM2, .)
 *(SORT_BY_ALIGNMENT(.ramfunc.$RAM2))
 *(SORT_BY_ALIGNMENT(.ramfunc.$SRAM_LOWER))
 *(SORT_BY_ALIGNMENT(.data.$RAM2*))
 *(SORT_BY_ALIGNMENT(.data.$SRAM_LOWER*))
                0x1fff0000                . = ALIGN (0x8)
                [!provide]                PROVIDE (__end_data_RAM2, .)

.data_RAM3      0x14000000        0x0 load address 0x00007898
 FILL mask 0xff
                [!provide]                PROVIDE (__start_data_RAM3, .)
 *(SORT_BY_ALIGNMENT(.ramfunc.$RAM3))
 *(SORT_BY_ALIGNMENT(.ramfunc.$FLEX_RAM))
 *(SORT_BY_ALIGNMENT(.data.$RAM3*))
 *(SORT_BY_ALIGNMENT(.data.$FLEX_RAM*))
                0x14000000                . = ALIGN (0x8)
                [!provide]                PROVIDE (__end_data_RAM3, .)

.uninit_RESERVED
                0x20000000        0x0
 *(SORT_BY_ALIGNMENT(.bss.$RESERVED*))
                0x20000000                . = ALIGN (0x4)
                0x20000000                _end_uninit_RESERVED = .

.data           0x20000000       0x88 load address 0x00007898
 FILL mask 0xff
                0x20000000                _data = .
 *(SORT_BY_ALIGNMENT(vtable))
 *(SORT_BY_ALIGNMENT(.ramfunc*))
 *(SORT_BY_ALIGNMENT(.data*))
 .data.SERVER   0x20000000       0x14 ./source/ServerData.o
 .data.SERVER_BUFF_PTR
                0x20000014        0x4 ./source/ServerData.o
 .data.FSMfunc  0x20000018       0x3c ./source/app.o
                0x20000018                FSMfunc
 .data.port     0x20000054       0x14 ./source/portpin.o
 .data.gpio     0x20000068       0x14 ./source/portpin.o
 .data.SystemCoreClock
                0x2000007c        0x4 ./SDK/CMSIS/system_MK64F12.o
                0x2000007c                SystemCoreClock
 .data.ID_state
                0x20000080        0x1 ./source/EncProcess.o
 .data.PIN_state
                0x20000081        0x1 ./source/EncProcess.o
 .data.switch_st
                0x20000082        0x1 ./source/EncProcess.o
 .data.temp.6391
                0x20000083        0x1 ./source/app.o
                0x20000088                . = ALIGN (0x8)
 *fill*         0x20000084        0x4 ff
                0x20000088                _edata = .

.igot.plt       0x20000088        0x0 load address 0x00007920
 .igot.plt      0x20000088        0x0 ./source/rtos/uCOSIII/src/uCOS-III/Source/os_cfg_app.o

.bss_RAM2       0x1fff0000        0x0
                [!provide]                PROVIDE (__start_bss_RAM2, .)
 *(SORT_BY_ALIGNMENT(.bss.$RAM2*))
 *(SORT_BY_ALIGNMENT(.bss.$SRAM_LOWER*))
                0x1fff0000                . = ALIGN ((. != 0x0)?0x8:0x1)
                [!provide]                PROVIDE (__end_bss_RAM2, .)

.bss_RAM3       0x14000000        0x0
                [!provide]                PROVIDE (__start_bss_RAM3, .)
 *(SORT_BY_ALIGNMENT(.bss.$RAM3*))
 *(SORT_BY_ALIGNMENT(.bss.$FLEX_RAM*))
                0x14000000                . = ALIGN ((. != 0x0)?0x8:0x1)
                [!provide]                PROVIDE (__end_bss_RAM3, .)

.bss            0x20000088     0x5b10
                0x20000088                _bss = .
 *(SORT_BY_ALIGNMENT(.bss*))
 .bss.OSCfg_IdleTaskStk
                0x20000088      0x200 ./source/rtos/uCOSIII/src/uCOS-III/Source/os_cfg_app.o
                0x20000088                OSCfg_IdleTaskStk
 .bss.OSCfg_ISRStk
                0x20000288      0x200 ./source/rtos/uCOSIII/src/uCOS-III/Source/os_cfg_app.o
                0x20000288                OSCfg_ISRStk
 .bss.OSCfg_MsgPool
                0x20000488      0x640 ./source/rtos/uCOSIII/src/uCOS-III/Source/os_cfg_app.o
                0x20000488                OSCfg_MsgPool
 .bss.OSCfg_StatTaskStk
                0x20000ac8      0x200 ./source/rtos/uCOSIII/src/uCOS-III/Source/os_cfg_app.o
                0x20000ac8                OSCfg_StatTaskStk
 .bss.OSCfg_TickTaskStk
                0x20000cc8      0x200 ./source/rtos/uCOSIII/src/uCOS-III/Source/os_cfg_app.o
                0x20000cc8                OSCfg_TickTaskStk
 .bss.OSCfg_TmrTaskStk
                0x20000ec8      0x200 ./source/rtos/uCOSIII/src/uCOS-III/Source/os_cfg_app.o
                0x20000ec8                OSCfg_TmrTaskStk
 .bss.OSPrioTbl
                0x200010c8        0x4 ./source/rtos/uCOSIII/src/uCOS-III/Source/os_prio.o
                0x200010c8                OSPrioTbl
 .bss.OS_AppTaskCreateHookPtr
                0x200010cc        0x4 ./source/rtos/uCOSIII/src/uCOS-III/Source/os_var.o
                0x200010cc                OS_AppTaskCreateHookPtr
 .bss.OS_AppTaskDelHookPtr
                0x200010d0        0x4 ./source/rtos/uCOSIII/src/uCOS-III/Source/os_var.o
                0x200010d0                OS_AppTaskDelHookPtr
 .bss.OS_AppTaskReturnHookPtr
                0x200010d4        0x4 ./source/rtos/uCOSIII/src/uCOS-III/Source/os_var.o
                0x200010d4                OS_AppTaskReturnHookPtr
 .bss.OS_AppIdleTaskHookPtr
                0x200010d8        0x4 ./source/rtos/uCOSIII/src/uCOS-III/Source/os_var.o
                0x200010d8                OS_AppIdleTaskHookPtr
 .bss.OS_AppStatTaskHookPtr
                0x200010dc        0x4 ./source/rtos/uCOSIII/src/uCOS-III/Source/os_var.o
                0x200010dc                OS_AppStatTaskHookPtr
 .bss.OS_AppTaskSwHookPtr
                0x200010e0        0x4 ./source/rtos/uCOSIII/src/uCOS-III/Source/os_var.o
                0x200010e0                OS_AppTaskSwHookPtr
 .bss.OS_AppTimeTickHookPtr
                0x200010e4        0x4 ./source/rtos/uCOSIII/src/uCOS-III/Source/os_var.o
                0x200010e4                OS_AppTimeTickHookPtr
 .bss.OSIdleTaskCtr
                0x200010e8        0x4 ./source/rtos/uCOSIII/src/uCOS-III/Source/os_var.o
                0x200010e8                OSIdleTaskCtr
 .bss.OSIdleTaskTCB
                0x200010ec       0xc4 ./source/rtos/uCOSIII/src/uCOS-III/Source/os_var.o
                0x200010ec                OSIdleTaskTCB
 .bss.OSFlagDbgListPtr
                0x200011b0        0x4 ./source/rtos/uCOSIII/src/uCOS-III/Source/os_var.o
                0x200011b0                OSFlagDbgListPtr
 .bss.OSMemDbgListPtr
                0x200011b4        0x4 ./source/rtos/uCOSIII/src/uCOS-III/Source/os_var.o
                0x200011b4                OSMemDbgListPtr
 .bss.OSMsgPool
                0x200011b8        0xc ./source/rtos/uCOSIII/src/uCOS-III/Source/os_var.o
                0x200011b8                OSMsgPool
 .bss.OSMutexDbgListPtr
                0x200011c4        0x4 ./source/rtos/uCOSIII/src/uCOS-III/Source/os_var.o
                0x200011c4                OSMutexDbgListPtr
 .bss.OSQDbgListPtr
                0x200011c8        0x4 ./source/rtos/uCOSIII/src/uCOS-III/Source/os_var.o
                0x200011c8                OSQDbgListPtr
 .bss.OSRdyList
                0x200011cc      0x180 ./source/rtos/uCOSIII/src/uCOS-III/Source/os_var.o
                0x200011cc                OSRdyList
 .bss.OSSchedRoundRobinDfltTimeQuanta
                0x2000134c        0x4 ./source/rtos/uCOSIII/src/uCOS-III/Source/os_var.o
                0x2000134c                OSSchedRoundRobinDfltTimeQuanta
 .bss.OSSemDbgListPtr
                0x20001350        0x4 ./source/rtos/uCOSIII/src/uCOS-III/Source/os_var.o
                0x20001350                OSSemDbgListPtr
 .bss.OSStatTaskCtr
                0x20001354        0x4 ./source/rtos/uCOSIII/src/uCOS-III/Source/os_var.o
                0x20001354                OSStatTaskCtr
 .bss.OSStatTaskCtrMax
                0x20001358        0x4 ./source/rtos/uCOSIII/src/uCOS-III/Source/os_var.o
                0x20001358                OSStatTaskCtrMax
 .bss.OSStatTaskCtrRun
                0x2000135c        0x4 ./source/rtos/uCOSIII/src/uCOS-III/Source/os_var.o
                0x2000135c                OSStatTaskCtrRun
 .bss.OSStatTaskTCB
                0x20001360       0xc4 ./source/rtos/uCOSIII/src/uCOS-III/Source/os_var.o
                0x20001360                OSStatTaskTCB
 .bss.OSStatTaskTimeMax
                0x20001424        0x4 ./source/rtos/uCOSIII/src/uCOS-III/Source/os_var.o
                0x20001424                OSStatTaskTimeMax
 .bss.OSTaskCtxSwCtr
                0x20001428        0x4 ./source/rtos/uCOSIII/src/uCOS-III/Source/os_var.o
                0x20001428                OSTaskCtxSwCtr
 .bss.OSTaskDbgListPtr
                0x2000142c        0x4 ./source/rtos/uCOSIII/src/uCOS-III/Source/os_var.o
                0x2000142c                OSTaskDbgListPtr
 .bss.OSTickCtr
                0x20001430        0x4 ./source/rtos/uCOSIII/src/uCOS-III/Source/os_var.o
                0x20001430                OSTickCtr
 .bss.OSTickTaskTCB
                0x20001434       0xc4 ./source/rtos/uCOSIII/src/uCOS-III/Source/os_var.o
                0x20001434                OSTickTaskTCB
 .bss.OSTickTaskTimeMax
                0x200014f8        0x4 ./source/rtos/uCOSIII/src/uCOS-III/Source/os_var.o
                0x200014f8                OSTickTaskTimeMax
 .bss.OSTickListDly
                0x200014fc        0x8 ./source/rtos/uCOSIII/src/uCOS-III/Source/os_var.o
                0x200014fc                OSTickListDly
 .bss.OSTickListTimeout
                0x20001504        0x8 ./source/rtos/uCOSIII/src/uCOS-III/Source/os_var.o
                0x20001504                OSTickListTimeout
 .bss.OSTmrDbgListPtr
                0x2000150c        0x4 ./source/rtos/uCOSIII/src/uCOS-III/Source/os_var.o
                0x2000150c                OSTmrDbgListPtr
 .bss.OSTmrListPtr
                0x20001510        0x4 ./source/rtos/uCOSIII/src/uCOS-III/Source/os_var.o
                0x20001510                OSTmrListPtr
 .bss.OSTmrMutex
                0x20001514       0x30 ./source/rtos/uCOSIII/src/uCOS-III/Source/os_var.o
                0x20001514                OSTmrMutex
 .bss.OSTmrTaskTCB
                0x20001544       0xc4 ./source/rtos/uCOSIII/src/uCOS-III/Source/os_var.o
                0x20001544                OSTmrTaskTCB
 .bss.OSTmrTaskTimeMax
                0x20001608        0x4 ./source/rtos/uCOSIII/src/uCOS-III/Source/os_var.o
                0x20001608                OSTmrTaskTimeMax
 .bss.OSTmrTickCtr
                0x2000160c        0x4 ./source/rtos/uCOSIII/src/uCOS-III/Source/os_var.o
                0x2000160c                OSTmrTickCtr
 .bss.OSTmrUpdateCnt
                0x20001610        0x4 ./source/rtos/uCOSIII/src/uCOS-III/Source/os_var.o
                0x20001610                OSTmrUpdateCnt
 .bss.OSTmrUpdateCtr
                0x20001614        0x4 ./source/rtos/uCOSIII/src/uCOS-III/Source/os_var.o
                0x20001614                OSTmrUpdateCtr
 .bss.OSTCBCurPtr
                0x20001618        0x4 ./source/rtos/uCOSIII/src/uCOS-III/Source/os_var.o
                0x20001618                OSTCBCurPtr
 .bss.OSTCBHighRdyPtr
                0x2000161c        0x4 ./source/rtos/uCOSIII/src/uCOS-III/Source/os_var.o
                0x2000161c                OSTCBHighRdyPtr
 .bss.OS_CPU_ExceptStkBase
                0x20001620        0x4 ./source/rtos/uCOSIII/src/uCOS-III/Ports/ARM-Cortex-M4/Generic/GNU/os_cpu_c.o
                0x20001620                OS_CPU_ExceptStkBase
 .bss.ID        0x20001624        0x8 ./source/EncProcess.o
 .bss.PIN       0x2000162c        0x4 ./source/EncProcess.o
 .bss.SERVER_data
                0x20001630       0x82 ./source/ServerData.o
 *fill*         0x200016b2        0x2 
 .bss.data      0x200016b4        0xd ./source/ServerData.o
 *fill*         0x200016c1        0x3 
 .bss.idInput   0x200016c4        0x8 ./source/ServerData.o
 .bss.pinInput  0x200016cc        0x4 ./source/ServerData.o
 .bss.ledtask_tcb
                0x200016d0       0xc4 ./source/app.o
 .bss.ledtask_stk
                0x20001794      0x400 ./source/app.o
 .bss.fsmsem    0x20001b94       0x28 ./source/app.o
 .bss.ledsem    0x20001bbc       0x28 ./source/app.o
 .bss.userIDdata
                0x20001be4       0x13 ./source/app.o
 *fill*         0x20001bf7        0x1 
 .bss.userPINdata
                0x20001bf8        0x4 ./source/app.o
 .bss.user_ID_1
                0x20001bfc        0x8 ./source/app.o
 .bss.user_PIN_1
                0x20001c04        0x4 ./source/app.o
 .bss.disptask_tcb
                0x20001c08       0xc4 ./source/display.o
 .bss.disptask_stk
                0x20001ccc      0x400 ./source/display.o
 .bss.displayval
                0x200020cc        0x4 ./source/display.o
 .bss.displaydot
                0x200020d0        0x4 ./source/display.o
 .bss.encoder_data
                0x200020d4        0x6 ./source/encoder.o
 *fill*         0x200020da        0x2 
 .bss.osQueue   0x200020dc        0x4 ./source/encoder.o
                0x200020dc                osQueue
 .bss.osSem     0x200020e0        0x4 ./source/encoder.o
                0x200020e0                osSem
 .bss.chA_fallTCB
                0x200020e4       0xc4 ./source/encoder.o
 .bss.chA_fall_Stk
                0x200021a8      0x800 ./source/encoder.o
 .bss.sem_chA_fall
                0x200029a8       0x28 ./source/encoder.o
 .bss.chA_riseTCB
                0x200029d0       0xc4 ./source/encoder.o
 .bss.chA_rise_Stk
                0x20002a94      0x800 ./source/encoder.o
 .bss.sem_chA_rise
                0x20003294       0x28 ./source/encoder.o
 .bss.chB_fallTCB
                0x200032bc       0xc4 ./source/encoder.o
 .bss.chB_fall_Stk
                0x20003380      0x800 ./source/encoder.o
 .bss.sem_chB_fall
                0x20003b80       0x28 ./source/encoder.o
 .bss.chB_riseTCB
                0x20003ba8       0xc4 ./source/encoder.o
 .bss.chB_rise_Stk
                0x20003c6c      0x800 ./source/encoder.o
 .bss.sem_chB_rise
                0x2000446c       0x28 ./source/encoder.o
 .bss.swt_fallTCB
                0x20004494       0xc4 ./source/encoder.o
 .bss.swt_fall_Stk
                0x20004558      0x800 ./source/encoder.o
 .bss.sem_swt_fall
                0x20004d58       0x28 ./source/encoder.o
 .bss.swt_riseTCB
                0x20004d80       0xc4 ./source/encoder.o
 .bss.swt_rise_Stk
                0x20004e44      0x800 ./source/encoder.o
 .bss.sem_swt_rise
                0x20005644       0x28 ./source/encoder.o
 .bss.apptask_tcb
                0x2000566c       0xc4 ./source/main.o
 .bss.apptask_stk
                0x20005730      0x400 ./source/main.o
 .bss.isrpin    0x20005b30       0x28 ./source/portpin.o
 .bss.OSFlagQty
                0x20005b58        0x2 ./source/rtos/uCOSIII/src/uCOS-III/Source/os_var.o
                0x20005b58                OSFlagQty
 .bss.OSMemQty  0x20005b5a        0x2 ./source/rtos/uCOSIII/src/uCOS-III/Source/os_var.o
                0x20005b5a                OSMemQty
 .bss.OSMutexQty
                0x20005b5c        0x2 ./source/rtos/uCOSIII/src/uCOS-III/Source/os_var.o
                0x20005b5c                OSMutexQty
 .bss.OSQQty    0x20005b5e        0x2 ./source/rtos/uCOSIII/src/uCOS-III/Source/os_var.o
                0x20005b5e                OSQQty
 .bss.OSSemQty  0x20005b60        0x2 ./source/rtos/uCOSIII/src/uCOS-III/Source/os_var.o
                0x20005b60                OSSemQty
 .bss.OSStatTaskCPUUsage
                0x20005b62        0x2 ./source/rtos/uCOSIII/src/uCOS-III/Source/os_var.o
                0x20005b62                OSStatTaskCPUUsage
 .bss.OSStatTaskCPUUsageMax
                0x20005b64        0x2 ./source/rtos/uCOSIII/src/uCOS-III/Source/os_var.o
                0x20005b64                OSStatTaskCPUUsageMax
 .bss.OSTaskQty
                0x20005b66        0x2 ./source/rtos/uCOSIII/src/uCOS-III/Source/os_var.o
                0x20005b66                OSTaskQty
 .bss.OSTmrListEntries
                0x20005b68        0x2 ./source/rtos/uCOSIII/src/uCOS-III/Source/os_var.o
                0x20005b68                OSTmrListEntries
 .bss.os_err_chA_fall
                0x20005b6a        0x2 ./source/encoder.o
                0x20005b6a                os_err_chA_fall
 .bss.os_err_chA_rise
                0x20005b6c        0x2 ./source/encoder.o
                0x20005b6c                os_err_chA_rise
 .bss.os_err_chB_fall
                0x20005b6e        0x2 ./source/encoder.o
                0x20005b6e                os_err_chB_fall
 .bss.os_err_chB_rise
                0x20005b70        0x2 ./source/encoder.o
                0x20005b70                os_err_chB_rise
 .bss.os_err_swt_fall
                0x20005b72        0x2 ./source/encoder.o
                0x20005b72                os_err_swt_fall
 .bss.os_err_swt_rise
                0x20005b74        0x2 ./source/encoder.o
                0x20005b74                os_err_swt_rise
 .bss.OSIntNestingCtr
                0x20005b76        0x1 ./source/rtos/uCOSIII/src/uCOS-III/Source/os_var.o
                0x20005b76                OSIntNestingCtr
 .bss.OSRunning
                0x20005b77        0x1 ./source/rtos/uCOSIII/src/uCOS-III/Source/os_var.o
                0x20005b77                OSRunning
 .bss.OSPrioCur
                0x20005b78        0x1 ./source/rtos/uCOSIII/src/uCOS-III/Source/os_var.o
                0x20005b78                OSPrioCur
 .bss.OSPrioHighRdy
                0x20005b79        0x1 ./source/rtos/uCOSIII/src/uCOS-III/Source/os_var.o
                0x20005b79                OSPrioHighRdy
 .bss.OSPrioSaved
                0x20005b7a        0x1 ./source/rtos/uCOSIII/src/uCOS-III/Source/os_var.o
                0x20005b7a                OSPrioSaved
 .bss.OSSchedLockNestingCtr
                0x20005b7b        0x1 ./source/rtos/uCOSIII/src/uCOS-III/Source/os_var.o
                0x20005b7b                OSSchedLockNestingCtr
 .bss.OSSchedRoundRobinEn
                0x20005b7c        0x1 ./source/rtos/uCOSIII/src/uCOS-III/Source/os_var.o
                0x20005b7c                OSSchedRoundRobinEn
 .bss.OSStatResetFlag
                0x20005b7d        0x1 ./source/rtos/uCOSIII/src/uCOS-III/Source/os_var.o
                0x20005b7d                OSStatResetFlag
 .bss.OSStatTaskRdy
                0x20005b7e        0x1 ./source/rtos/uCOSIII/src/uCOS-III/Source/os_var.o
                0x20005b7e                OSStatTaskRdy
 .bss.OSTaskRegNextAvailID
                0x20005b7f        0x1 ./source/rtos/uCOSIII/src/uCOS-III/Source/os_var.o
                0x20005b7f                OSTaskRegNextAvailID
 .bss.display_pos
                0x20005b80        0x1 ./source/EncProcess.o
 .bss.actua_value
                0x20005b81        0x1 ./source/EncProcess.o
 .bss.cancel_req_on.8096
                0x20005b82        0x1 ./source/EncProcess.o
 .bss.selecting_data.8092
                0x20005b83        0x1 ./source/EncProcess.o
 .bss.data2modSelected.8093
                0x20005b84        0x1 ./source/EncProcess.o
 .bss.twist_made.8094
                0x20005b85        0x1 ./source/EncProcess.o
 .bss.twist_dir.8095
                0x20005b86        0x1 ./source/EncProcess.o
 .bss.cancel_req_on.8136
                0x20005b87        0x1 ./source/EncProcess.o
 .bss.flagUserActive
                0x20005b88        0x1 ./source/ServerData.o
 .bss.state     0x20005b89        0x1 ./source/app.o
 .bss.access    0x20005b8a        0x1 ./source/app.o
 .bss.entered.6392
                0x20005b8b        0x1 ./source/app.o
 .bss.debug.6393
                0x20005b8c        0x1 ./source/app.o
 .bss.dig.6246  0x20005b8d        0x1 ./source/display.o
 .bss.new_twist
                0x20005b8e        0x1 ./source/encoder.o
 .bss.new_switch
                0x20005b8f        0x1 ./source/encoder.o
 .bss.cha_ready
                0x20005b90        0x1 ./source/encoder.o
 .bss.chb_ready
                0x20005b91        0x1 ./source/encoder.o
 .bss.twist_direction
                0x20005b92        0x1 ./source/encoder.o
 .bss.last_event
                0x20005b93        0x1 ./source/encoder.o
 .bss.queue_setted
                0x20005b94        0x1 ./source/encoder.o
 .bss.sem_setted
                0x20005b95        0x1 ./source/encoder.o
 *(SORT_BY_ALIGNMENT(COMMON))